
primary:
-------
(SID_DESC =
(GLOBAL_DBNAME = proddb_DGMGRL)
(ORACLE_HOME = /u01/app/oracle/product/19.3.0/db_1)
(SID_NAME = proddb)
)


standby:
--------
(SID_DESC =
(GLOBAL_DBNAME = proddbs_DGMGRL)
(ORACLE_HOME = /u01/app/oracle/product/19.3.0/db_1)
(SID_NAME = proddbs)
)


primary: 
--------

ALTER SYSTEM SET dg_broker_start=true scope=both;


ALTER SYSTEM SET local_listener='(DESCRIPTION = (ADDRESS_LIST = (ADDRESS = (PROTOCOL = TCP)(HOST = 192.168.0.139)(PORT = 1521))) (CONNECT_DATA = (SERVER = DEDICATED) (SERVICE_NAME = proddb)))';


standby:
--------

ALTER SYSTEM SET dg_broker_start=true scope=both;

ALTER SYSTEM SET local_listener='(DESCRIPTION = (ADDRESS_LIST = (ADDRESS = (PROTOCOL = TCP)(HOST = 192.168.0.140)(PORT = 1521))) (CONNECT_DATA = (SERVER = DEDICATED) (SERVICE_NAME = proddbs)))';


Login in to the primary database through DGMGRL:

export ORACLE_SID=proddb

dgmgrl

DGMGRL> 
connect sys/oracle123@to_proddb
Connected to "PRODDB"
Connected as SYSDBA.

#Configure Dataguard Broker for primary database:

create configuration 'DG_BRK_BATCH9' as primary database is 'proddb' connect identifier is to_proddb;

DGMGRL> show configuration;
Configuration – hari
Protection Mode: MaxAvailability
Members:
chennai – Primary database

Fast-Start Failover: Disabled
Configuration Status:
DISABLED


Configure Dataguard Broker for standby database:

Add database 'proddbs' as connect identifier is to_proddbs maintained as physical;
failed
alter system set LOG_ARCHIVE_DEST_2= ''; -- (both Side)

DGMGRL> Add database 'proddbs' as connect identifier is to_proddbs maintained as physical;

DGMGRL> show configuration;
Configuration – hari
Protection Mode: MaxAvailability
Members:
chennai – Primary database
delhi – Physical standby database

Fast-Start Failover: Disabled
Configuration Status:
DISABLED

DGMGRL> enable configuration;
Enabled.

DGMGRL> show configuration;


DGMGRL> show configuration verbose;

DGMGRL> enable database 'proddbs';

        show database 'proddb';
DGMGRL> show database verbose 'proddbs';
 
        show database verbose 'proddb';


switch over:
it is mandatory to login with sys password instead of / as sysdba

switchover to proddbs;

to check if standby is in sysnc;
show database verbose <stdby name>;

STOP LOG SHIPPING 
edit database proddb set state='LOG-TRANSPORT-OFF';
stop MRP
edit database proddbs set state='APPLY-OFF';


###########OPTIONAL######### 

Oracle Data Guard broker utility - dgmgrl
dgmgrl - Data Guard Manager (Observer) Utility, in Oracle

$ dgmgrl [-silent | -echo] [username/password[@connect_identifier] [dgmgrl_command]]
$ dgmgrl  /
$ dgmgrl sys/pwd
$ dgmgrl sys/pwd@oltp
$ dgmgrl sys/test@dgprimary "show database 'prod'"
$ dgmgrl -logfile observer.log / "stop observer"
$ dgmgrl -silent sys/test@dgprimary "show configuration verbose"
$ dgmgrl  / "show configuration verbose"

ADD - Adds a standby database to the broker configuration.
DGMGRL> ADD DATABASE db_name [AS CONNECT IDENTIFIER IS conn_identifier] [MAINTAINED AS {PHYSICAL|LOGICAL}];
DGMGRL> ADD DATABASE 'testdb' AS CONNECT IDENTIFIER IS testdb MAINTAINED AS PHYSICAL;
DGMGRL> ADD DATABASE 'logdb' AS CONNECT IDENTIFIER IS logdb MAINTAINED AS LOGICAL;
DGMGRL> ADD DATABASE 'devdb' AS CONNECT IDENTIFIER IS devdb.foo.com;

CONNECT - Connects to an Oracle database instance.
DGMGRL> CONNECT username/password[@connect_identifier]
DGMGRL> CONNECT /
DGMGRL> CONNECT sys;
DGMGRL> CONNECT sys@test;
DGMGRL> CONNECT sys/pwd;
DGMGRL> CONNECT sys/pwd@dwh;
DGMGRL> CONNECT /@dwh;
$dgmgrl connect sys

CONVERT - Converts a database from one type to another (from Oracle 11g).
DGMGRL> CONVERT DATABASE database_name TO {SNAPSHOT STANDBY|PHYSICAL STANDBY};
DGMGRL> CONVERT DATABASE 'devdb' to SNAPSHOT STANDBY;
DGMGRL> CONVERT DATABASE 'devdb' to PHYSICAL STANDBY;

CREATE - Creates a broker configuration.
DGMGRL> CREATE CONFIGURATION config_name AS PRIMARY DATABASE IS db_name CONNECT IDENTIFIER IS conn_ident;
DGMGRL> CREATE CONFIGURATION 'dg' AS PRIMARY DATABASE IS 'prod' CONNECT IDENTIFIER IS prod.foo.com;
DGMGRL> CREATE CONFIGURATION 'dg_test' AS PRIMARY DATABASE IS 'test' CONNECT IDENTIFIER IS test;

DISABLE - Disables a configuration, a database, or fast-start failover (FSFO).
DGMGRL> DISABLE CONFIGURATION;
DGMGRL> DISABLE CONFIGURATION;

DGMGRL> DISABLE DATABASE database_name;
DGMGRL> DISABLE DATABASE 'devdb';

DGMGRL> DISABLE FAST_START FAILOVER [FORCE | CONDITION condition];
DGMGRL> DISABLE FAST_START FAILOVER;
DGMGRL> DISABLE FAST_START FAILOVER FORCE;
DGMGRL> DISABLE FAST_START FAILOVER CONDITION '1578';

EDIT - Edits a configuration, database, or instance.
DGMGRL> EDIT CONFIGURATION SET PROTECTION MODE AS {MaxProtection|MaxAvailability|MaxPerformance};
DGMGRL> EDIT CONFIGURATION SET PROTECTION MODE AS MAXPROTECTION;
DGMGRL> EDIT CONFIGURATION SET PROTECTION MODE AS MAXAVAILABILITY;
DGMGRL> EDIT CONFIGURATION SET PROTECTION MODE AS MAXPERFORMANCE;

DGMGRL> EDIT CONFIGURATION SET PROPERTY property_name = value;
DGMGRL> EDIT CONFIGURATION SET PROPERTY FastStartFailoverThreshold = 45;
DGMGRL> EDIT CONFIGURATION SET PROPERTY FastStartFailoverAutoReinstate = FALSE;
DGMGRL> EDIT CONFIGURATION SET PROPERTY FastStartFailoverAutoReinstate = TRUE;
DGMGRL> EDIT CONFIGURATION SET PROPERTY BYSTANDERSFOLLOWROLECHANGE= 'NONE';

DGMGRL> EDIT DATABASE database_name SET PROPERTY property_name = value;
DGMGRL> EDIT DATABASE devdb SET PROPERTY 'LogArchiveFormat'='log_%t_%s_%r_%d.arc';
DGMGRL> EDIT DATABASE prodb SET PROPERTY LogXptMode=SYNC;
DGMGRL> EDIT DATABASE prodb SET PROPERTY LogXptMode=ASYNC;
DGMGRL> EDIT DATABASE prodb SET PROPERTY LogXptMode=ARCH;
DGMGRL> EDIT DATABASE devdb SET PROPERTY LogShipping=OFF;
DGMGRL> EDIT DATABASE devdb SET PROPERTY LogShipping=ON;
DGMGRL> EDIT DATABASE prodb SET PROPERTY LogArchiveTrace=8;
DGMGRL> EDIT DATABASE prodb SET PROPERTY NetTimeout=60;
DGMGRL> EDIT DATABASE devdb SET PROPERTY 'ReopenSecs'=300;
DGMGRL> EDIT DATABASE prodb SET PROPERTY ArchiveLagTarget=1200;
DGMGRL> EDIT DATABASE prodb SET PROPERTY FastStartFailoverTarget='standby_name';
DGMGRL> EDIT DATABASE devdb SET PROPERTY 'StandbyArchiveLocation'='/oradata/archive/';
DGMGRL> EDIT DATABASE devdb SET PROPERTY 'DbFileNameConvert' = '/u01/od01/datafile/, /oradisk/od01/datafile/';
DGMGRL> EDIT DATABASE testdb SET PROPERTY DelayMins='720';
DGMGRL> EDIT DATABASE prodb SET PROPERTY RedoCompression ='ENABLE'
DGMGRL> EDIT DATABASE prodb SET PROPERTY RedoCompression ='DISABLE'
DGMGRL> EDIT DATABASE testdb SET PROPERTY LogArchiveMinSucceedDest =1

DGMGRL> EDIT DATABASE database_name RENAME TO new database_name;
DGMGRL> EDIT DATABASE 'devdbb' RENAME TO 'devdb';

DGMGRL> EDIT DATABASE database_name SET STATE = state [WITH APPLY INSTANCE = instance_name];
DGMGRL> EDIT DATABASE devdb SET STATE='READ-ONLY';
DGMGRL> EDIT DATABASE devdb SET STATE='OFFLINE';
DGMGRL> EDIT DATABASE devdb SET STATE='APPLY-OFF';
DGMGRL> EDIT DATABASE devdb SET STATE='APPLY-ON';
DGMGRL> EDIT DATABASE devdb SET STATE='TRANSPORT-OFF';
DGMGRL> EDIT DATABASE devdb SET STATE='TRANSPORT-ON';
DGMGRL> EDIT DATABASE prodb SET STATE='LOG-TRANSPORT-OFF';
DGMGRL> EDIT DATABASE devdb SET STATE='ONLINE' WITH APPLY INSTANCE=devdb2;

DGMGRL> EDIT INSTANCE instance_name [ON DATABASE database_name] SET AUTO PFILE [={init_file_path|OFF}];
DGMGRL> EDIT INSTANCE 'devdb1' ON DATABASE 'devdb' SET AUTO PFILE='initdevdb1.ora';

DGMGRL> EDIT INSTANCE instance_name [ON DATABASE database_name] SET PROPERTY property_name = value;
DGMGRL> EDIT INSTANCE * ON DATABASE database_name SET PROPERTY property_name = value;
DGMGRL> EDIT INSTANCE 'proddb' ON DATABASE 'proddb' SET PROPERTY 'StandbyArchiveLocation'='/oradata/arch/';
ENABLE - Enables a configuration, a database, or fast-start failover (FSFO).
DGMGRL> ENABLE CONFIGURATION;
DGMGRL> ENABLE CONFIGURATION;

DGMGRL> ENABLE DATABASE database_name;
DGMGRL> ENABLE DATABASE 'devdb';

DGMGRL> ENABLE FAST_START FAILOVER [CONDITION condition];
DGMGRL> ENABLE FAST_START FAILOVER;
DGMGRL> ENABLE FAST_START FAILOVER CONDITION '1578';
DGMGRL> ENABLE FAST_START FAILOVER CONDITION "Stuck Archiver";
DGMGRL> ENABLE FAST_START FAILOVER CONDITION 'Corrupted Controlfile';
DGMGRL> ENABLE FAST_START FAILOVER CONDITION 'Corrupted Dictionary';
DGMGRL> ENABLE FAST_START FAILOVER CONDITION 'Inaccessible Logfile';

EXIT - Exits the program.
DGMGRL> EXIT;

FAILOVER - Changes a standby database to be the primary database.
DGMGRL> FAILOVER TO standby_database_name [IMMEDIATE]
DGMGRL> FAILOVER TO "testdb";
DGMGRL> FAILOVER TO "snapdb" IMMEDIATE;

HELP - Displays description and syntax for a command.
DGMGRL> HELP [command];
DGMGRL> HELP REINSTATE
DGMGRL> HELP EDIT

QUIT - Exits the program.
DGMGRL> QUIT;

REINSTATE - Changes a database marked for reinstatement into a viable standby.
DGMGRL> REINSTATE DATABASE database_name;
DGMGRL> REINSTATE DATABASE prim1;

REM - Comment to be ignored by DGMGRL.
DGMGRL> REM [comment];

REMOVE - Removes a configuration, Oracle database, or instance.
DGMGRL> REMOVE CONFIGURATION [PRESERVE DESTINATIONS];
DGMGRL> REMOVE CONFIGURATION;
DGMGRL> REMOVE CONFIGURATION PRESERVE DESTINATIONS;


DGMGRL> REMOVE DATABASE database_name [PRESERVE DESTINATIONS];
DGMGRL> REMOVE DATABASE devdb;
DGMGRL> REMOVE DATABASE standby PRESERVE DESTINATIONS;

DGMGRL> REMOVE INSTANCE instance_name [ON DATABASE database_name];
DGMGRL> REMOVE INSTANCE inst1 ON DATABASE racdb;

SHOW - Displays information about a configuration, database, instance or FSFO.
DGMGRL> SHOW CONFIGURATION [VERBOSE];
DGMGRL> SHOW CONFIGURATION;
DGMGRL> SHOW CONFIGURATION VERBOSE;


DGMGRL> SHOW DATABASE [VERBOSE] db_name [property_name];
DGMGRL> SHOW DATABASE 'devdb';
DGMGRL> SHOW DATABASE VERBOSE 'test';
DGMGRL> SHOW DATABASE 'dwhdb' 'StatusReport';
DGMGRL> SHOW DATABASE 'proddb' 'LogXptStatus';
DGMGRL> SHOW DATABASE 'proddb' 'InconsistentProperties';
DGMGRL> SHOW DATABASE 'proddb' 'InconsistentLogXptProps';
DGMGRL> SHOW DATABASE 'testdb' 'ArchiveLagTarget';
DGMGRL> SHOW DATABASE 'testdb' 'LogShipping';
DGMGRL> SHOW DATABASE 'testdb' 'PreferredApplyInstance';
DGMGRL> SHOW DATABASE 'proddb' 'StatusReport';
DGMGRL> SHOW DATABASE 'testdb' 'RecvQEntries';
DGMGRL> SHOW DATABASE 'proddb' 'SendQEntries';

DGMGRL> SHOW INSTANCE [VERBOSE] instance_name [property_name] [ON DATABASE db_name];
DGMGRL> SHOW INSTANCE inst1;
DGMGRL> SHOW INSTANCE VERBOSE inst3;
DGMGRL> SHOW INSTANCE testdb 'TopWaitEvents';

DGMGRL> SHOW FAST_START FAILOVER;
DGMGRL> SHOW FAST_START FAILOVER;

From 18c Oracle Database, SHOW ALL command shows the values of DGMGRL command line utility properties.
DGMGRL> SHOW ALL;
   debug ON
   echo OFF
   time OFF
   observerconfigfile = observer.ora

SHUTDOWN - Shuts down a currently running Oracle instance.
DGMGRL> SHUTDOWN [NORMAL | IMMEDIATE | ABORT];
DGMGRL> SHUTDOWN;
DGMGRL> SHUTDOWN NORMAL;
DGMGRL> SHUT IMMEDIATE;
DGMGRL> SHUT ABORT;

SQL - Executes a SQL statement
DGMGRL> SQL "sql_statement";

START - Starts the fast-start failover(FSFO) observer.
DGMGRL> START OBSERVER [FILE=observer_configuration_file];
DGMGRL> START OBSERVER;

STARTUP - Starts an Oracle database instance.
DGMGRL> STARTUP [RESTRICT] [FORCE] [PFILE=filespec]
[NOMOUNT  |  MOUNT | OPEN [READ ONLY|READ WRITE]];
DGMGRL> STARTUP;
DGMGRL> STARTUP NOMOUNT;
DGMGRL> STARTUP MOUNT;
DGMGRL> STARTUP OPEN;
DGMGRL> STARTUP FORCE;
DGMGRL> STARTUP FORCE RESTRICT NOMOUNT;
DGMGRL> STARTUP PFILE=initdwh.ora NOMOUNT;

STOP - Stops the fast-start failover(FSFO) observer.
DGMGRL> STOP OBSERVER;

SWITCHOVER - Switches roles between a primary and standby database.
DGMGRL> SWITCHOVER TO standby_database_name;
DGMGRL> SWITCHOVER TO "standby";


VALIDATE - command to checks whether the database is ready for a role transition or not.

DGMGRL> VALIDATE DATABASE ...;    -- From Oracle Database 12c


From Oracle Database 18c,
DGMGRL> VALIDATE DATABASE standby-database-name SPFILE;

DGMGRL> VALIDATE NETWORK CONFIGURATION FOR { ALL | member name };
DGMGRL> VALIDATE NETWORK CONFIGURATION FOR stdby;

DGMGRL> VALIDATE STATIC CONNECT IDENTIFIER FOR { ALL | database name };
DGMGRL> VALIDATE STATIC CONNECT IDENTIFIER FOR stdby;


$BDUMP/drc*.log
$ORACLE_HOME/rdbms/log/drc*.log

alter system set dg_broker_start=false;
alter system set dg_broker_start=false sid='*';
alter system set dg_broker_start=FALSE SCOPE=spfile SID='*';
alter system set dg_broker_start=true;
alter system set dg_broker_start=true sid='*';
alter system set dg_broker_start=TRUE SCOPE=spfile SID='*';

alter system set dg_broker_config_file1='/u01/dg_broker_config_files/dr1TESTP.dat' sid='*';
alter system set dg_broker_config_file2='/u01/dg_broker_config_files/dr2TESTP.dat' sid='*';


















=================================================================================
Primary
[oracle@primary ~]$ env |grep ORA
ORACLE_SID=primary
ORACLE_BASE=/u01/app/oracle
ORACLE_HOME=/u01/app/oracle/product/19.0.0.0/dbhome_1
[oracle@primary ~]$ cat /etc/oratab
#



proddb:/u01/app/oracle/product/19.0.0.0/dbhome_1:N
[oracle@primary ~]$ vi .bash_profile 
[oracle@primary ~]$ source .bash_profile 
[oracle@primary ~]$ ll
total 2988000
-rw-r--r--. 1 oracle oinstall         92 Dec 19 16:00 archivelogs.sql
-rw-r--r--. 1 oracle oinstall          0 Dec 19 07:17 col
drwxr-xr-x. 2 oracle oinstall          6 Dec 15 16:45 Desktop
drwxr-xr-x. 2 oracle oinstall          6 Dec 15 16:45 Documents
drwxr-xr-x. 2 oracle oinstall          6 Dec 15 16:45 Downloads
-rw-r--r--. 1 oracle oinstall 3059705302 Nov  5 10:48 LINUX.X64_193000_db_home.zip
drwxr-xr-x. 2 oracle oinstall          6 Dec 15 16:45 Music
drwxr-xr-x. 2 oracle oinstall          6 Dec 15 16:45 Pictures
drwxr-xr-x. 2 oracle oinstall          6 Dec 15 16:45 Public
-rw-r--r--. 1 oracle oinstall          0 Dec 19 07:17 set
drwxr-xr-x. 2 oracle oinstall          6 Dec 15 16:45 Templates
drwxr-xr-x. 2 oracle oinstall          6 Dec 15 16:45 Videos
[oracle@primary ~]$ env |grep ORA
ORACLE_SID=proddb
ORACLE_BASE=/u01/app/oracle
ORACLE_HOME=/u01/app/oracle/product/19.0.0.0/dbhome_1
[oracle@primary ~]$ cd $ORACLE_HOME/dbs
[oracle@primary dbs]$ ll
total 36

[oracle@primary dbs]$ cd
[oracle@primary ~]$ . oraenv
ORACLE_SID = [proddb] ? proddb
The Oracle base remains unchanged with value /u01/app/oracle
[oracle@primary ~]$ sqlplus / as sysdba


SQL> startup;
ORACLE instance started.

SQL> show pdbs

    CON_ID CON_NAME			  OPEN MODE  RESTRICTED
---------- ------------------------------ ---------- ----------
	 2 PDB$SEED			  READ ONLY  NO
	 3 HDFC 			  MOUNTED
SQL> set lines 180
col MEMBER for a80
select b.thread#, a.group#, a.member, b.bytes/1024/1024 MB FROM v$logfile a, v$log b WHERE a.group# = b.group#;
SQL> SQL> 
   THREAD#     GROUP# MEMBER										       MB
---------- ---------- -------------------------------------------------------------------------------- ----------
	 1	    3 /u01/app/oracle/oradata/PRODDB/onlinelog/o1_mf_3_mphyj96v_.log			      200
	 1	    3 /u01/app/oracle/fast_recovery_area/PRODDB/onlinelog/o1_mf_3_mphyjbvc_.log 	      200
	 1	    2 /u01/app/oracle/oradata/PRODDB/onlinelog/o1_mf_2_mphyj91g_.log			      200
	 1	    2 /u01/app/oracle/fast_recovery_area/PRODDB/onlinelog/o1_mf_2_mphyjbyo_.log 	      200
	 1	    1 /u01/app/oracle/oradata/PRODDB/onlinelog/o1_mf_1_mphyj8xd_.log			      200
	 1	    1 /u01/app/oracle/fast_recovery_area/PRODDB/onlinelog/o1_mf_1_mphyjb4s_.log 	      200

6 rows selected.

SQL> ALTER DATABASE ADD STANDBY LOGFILE GROUP 8 ('/u01/app/oracle/oradata/PRODDB/onlinelog/redo08.log') SIZE 200M;
ALTER DATABASE ADD STANDBY LOGFILE GROUP 9 ('/u01/app/oracle/oradata/PRODDB/onlinelog/redo09.log') SIZE 200M;
ALTER DATABASE ADD STANDBY LOGFILE GROUP 10 ('/u01/app/oracle/oradata/PRODDB/onlinelog/redo10.log') SIZE 200M;



SQL> set lines 180
col MEMBER for a80
select b.thread#, a.group#, a.member, b.bytes/1024/1024 MB FROM v$logfile a, v$log b WHERE a.group# = b.group#;SQL> SQL> 

   THREAD#     GROUP# MEMBER										       MB
---------- ---------- -------------------------------------------------------------------------------- ----------
	 1	    3 /u01/app/oracle/oradata/PRODDB/onlinelog/o1_mf_3_mphyj96v_.log			      200
	 1	    3 /u01/app/oracle/fast_recovery_area/PRODDB/onlinelog/o1_mf_3_mphyjbvc_.log 	      200
	 1	    2 /u01/app/oracle/oradata/PRODDB/onlinelog/o1_mf_2_mphyj91g_.log			      200
	 1	    2 /u01/app/oracle/fast_recovery_area/PRODDB/onlinelog/o1_mf_2_mphyjbyo_.log 	      200
	 1	    1 /u01/app/oracle/oradata/PRODDB/onlinelog/o1_mf_1_mphyj8xd_.log			      200
	 1	    1 /u01/app/oracle/fast_recovery_area/PRODDB/onlinelog/o1_mf_1_mphyjb4s_.log 	      200

6 rows selected.

SQL> desc v$log
 Name												       Null?	Type
 ----------------------------------------------------------------------------------------------------- -------- --------------------------------------------------------------------
 GROUP# 													NUMBER
 THREAD#													NUMBER
 SEQUENCE#													NUMBER
 BYTES														NUMBER
 BLOCKSIZE													NUMBER
 MEMBERS													NUMBER
 ARCHIVED													VARCHAR2(3)
 STATUS 													VARCHAR2(16)
 FIRST_CHANGE#													NUMBER
 FIRST_TIME													DATE
 NEXT_CHANGE#													NUMBER
 NEXT_TIME													DATE
 CON_ID 													NUMBER




SQL> select thread#,group#, members from v$log;

   THREAD#     GROUP#	 MEMBERS
---------- ---------- ----------
	 1	    1	       2
	 1	    2	       2
	 1	    3	       2

SQL> set lines 180
col MEMBER for a80
select b.thread#, a.group#, a.member, b.bytes/1024/1024 MB FROM v$logfile a, v$log b WHERE a.group# = b.group#;SQL> SQL> 

   THREAD#     GROUP# MEMBER										       MB
---------- ---------- -------------------------------------------------------------------------------- ----------
	 1	    3 /u01/app/oracle/oradata/PRODDB/onlinelog/o1_mf_3_mphyj96v_.log			      200
	 1	    3 /u01/app/oracle/fast_recovery_area/PRODDB/onlinelog/o1_mf_3_mphyjbvc_.log 	      200
	 1	    2 /u01/app/oracle/oradata/PRODDB/onlinelog/o1_mf_2_mphyj91g_.log			      200
	 1	    2 /u01/app/oracle/fast_recovery_area/PRODDB/onlinelog/o1_mf_2_mphyjbyo_.log 	      200
	 1	    1 /u01/app/oracle/oradata/PRODDB/onlinelog/o1_mf_1_mphyj8xd_.log			      200
	 1	    1 /u01/app/oracle/fast_recovery_area/PRODDB/onlinelog/o1_mf_1_mphyjb4s_.log 	      200

6 rows selected.

SQL> archive log list
Database log mode	       No Archive Mode
Automatic archival	       Disabled
Archive destination	       USE_DB_RECOVERY_FILE_DEST
Oldest online log sequence     6
Current log sequence	       8
SQL> shut immediate;
Database closed.
Database dismounted.
ORACLE instance shut down.
SQL> startup mount;

SQL> alter database archivelog;

Database altered.

SQL> alter database open;

Database altered.

SQL> show pdbs

    CON_ID CON_NAME			  OPEN MODE  RESTRICTED
---------- ------------------------------ ---------- ----------
	 2 PDB$SEED			  READ ONLY  NO
	 3 HDFC 			  MOUNTED
SQL> archive log list
Database log mode	       Archive Mode
Automatic archival	       Enabled
Archive destination	       USE_DB_RECOVERY_FILE_DEST
Oldest online log sequence     6
Next log sequence to archive   8
Current log sequence	       8
SQL> ALTER DATABASE FORCE LOGGING;

Database altered.

SQL> set lines 180
col MEMBER for a80
select b.thread#, a.group#, a.member, b.bytes/1024/1024 MB FROM v$logfile a, v$log b WHERE a.group# = b.group#;SQL> SQL> 

   THREAD#     GROUP# MEMBER										       MB
---------- ---------- -------------------------------------------------------------------------------- ----------
	 1	    3 /u01/app/oracle/oradata/PRODDB/onlinelog/o1_mf_3_mphyj96v_.log			      200
	 1	    3 /u01/app/oracle/fast_recovery_area/PRODDB/onlinelog/o1_mf_3_mphyjbvc_.log 	      200
	 1	    2 /u01/app/oracle/oradata/PRODDB/onlinelog/o1_mf_2_mphyj91g_.log			      200
	 1	    2 /u01/app/oracle/fast_recovery_area/PRODDB/onlinelog/o1_mf_2_mphyjbyo_.log 	      200
	 1	    1 /u01/app/oracle/oradata/PRODDB/onlinelog/o1_mf_1_mphyj8xd_.log			      200
	 1	    1 /u01/app/oracle/fast_recovery_area/PRODDB/onlinelog/o1_mf_1_mphyjb4s_.log 	      200

6 rows selected.


SQL> select member from v$logfile;

MEMBER
--------------------------------------------------------------------------------
/u01/app/oracle/oradata/PRODDB/onlinelog/o1_mf_3_mphyj96v_.log
/u01/app/oracle/fast_recovery_area/PRODDB/onlinelog/o1_mf_3_mphyjbvc_.log
/u01/app/oracle/oradata/PRODDB/onlinelog/o1_mf_2_mphyj91g_.log
/u01/app/oracle/fast_recovery_area/PRODDB/onlinelog/o1_mf_2_mphyjbyo_.log
/u01/app/oracle/oradata/PRODDB/onlinelog/o1_mf_1_mphyj8xd_.log
/u01/app/oracle/fast_recovery_area/PRODDB/onlinelog/o1_mf_1_mphyjb4s_.log
/u01/app/oracle/oradata/PRODDB/onlinelog/redo08.log
/u01/app/oracle/oradata/PRODDB/onlinelog/redo09.log
/u01/app/oracle/oradata/PRODDB/onlinelog/redo10.log

9 rows selected.

SQL> alter system set db_unique_name='proddb' scope=spfile;

System altered.

SQL> ALTER SYSTEM SET LOG_ARCHIVE_CONFIG='DG_CONFIG=(proddb,proddbs)' scope=both;

System altered.

SQL> ALTER SYSTEM SET LOG_ARCHIVE_DEST_2='SERVICE=to_proddbs LGWR ASYNC VALID_FOR=(ONLINE_LOGFILES,PRIMARY_ROLE) DB_UNIQUE_NAME=proddbs' scope=both;

System altered.

SQL> ALTER SYSTEM SET LOG_ARCHIVE_DEST_STATE_1=ENABLE scope=both;

System altered.

SQL> ALTER SYSTEM SET LOG_ARCHIVE_DEST_STATE_2=ENABLE scope=both;

System altered.

SQL> ALTER SYSTEM SET fal_server=to_proddbs scope=both;

System altered.

SQL> ALTER SYSTEM SET STANDBY_FILE_MANAGEMENT=AUTO;

System altered.

SQL> create pfile from spfile;

File created.

SQL> alter pluggable database all open;

Pluggable database altered.

SQL> show pdbs

    CON_ID CON_NAME			  OPEN MODE  RESTRICTED
---------- ------------------------------ ---------- ----------
	 2 PDB$SEED			  READ ONLY  NO
	 3 HDFC 			  READ WRITE NO
SQL> exit

[oracle@primary ~]$ rman target /



connected to target database: PRODDB (DBID=928455006)

RMAN> CONFIGURE RETENTION POLICY TO REDUNDANCY 2; # default
CONFIGURE BACKUP OPTIMIZATION ON; # default
CONFIGURE DEFAULT DEVICE TYPE TO DISK; # default
CONFIGURE CONTROLFILE AUTOBACKUP ON; # default
CONFIGURE CONTROLFILE AUTOBACKUP FORMAT FOR DEVICE TYPE DISK TO '/u01/rman_bkp/%F'; # default
CONFIGURE DEVICE TYPE DISK PARALLELISM 2 BACKUP TYPE TO BACKUPSET; # default
CONFIGURE DATAFILE BACKUP COPIES FOR DEVICE TYPE DISK TO 1; # default
CONFIGURE ARCHIVELOG BACKUP COPIES FOR DEVICE TYPE DISK TO 1; # default
CONFIGURE MAXSETSIZE TO UNLIMITED; # default
CONFIGURE ENCRYPTION FOR DATABASE OFF; # default
CONFIGURE ENCRYPTION ALGORITHM 'AES128'; # default
CONFIGURE COMPRESSION ALGORITHM 'BASIC' AS OF RELEASE 'DEFAULT' OPTIMIZE FOR LOAD TRUE ; # default
CONFIGURE RMAN OUTPUT TO KEEP FOR 7 DAYS; # default
CONFIGURE ARCHIVELOG DELETION POLICY TO NONE; # default
CONFIGURE SNAPSHOT CONTROLFILE NAME TO '/u01/rman_bkp/snapcf_DB.f'; # default
CONFIGURE CHANNEL 1 DEVICE TYPE DISK FORMAT '/u01/rman_
bkp/%U';
CONFIGURE CHANNEL 2 DEVICE TYPE DISK FORMAT '/u01/rman_bkp/%U';using target database control file instead of recovery catalog
new RMAN configuration parameters:
CONFIGURE RETENTION POLICY TO REDUNDANCY 2;
new RMAN configuration parameters are successfully stored

RMAN> 
new RMAN configuration parameters:
CONFIGURE BACKUP OPTIMIZATION ON;
new RMAN configuration parameters are successfully stored

RMAN> 
new RMAN configuration parameters:
CONFIGURE DEFAULT DEVICE TYPE TO DISK;
new RMAN configuration parameters are successfully stored

RMAN> 
new RMAN configuration parameters:
CONFIGURE CONTROLFILE AUTOBACKUP ON;
new RMAN configuration parameters are successfully stored

RMAN> 
new RMAN configuration parameters:
CONFIGURE CONTROLFILE AUTOBACKUP FORMAT FOR DEVICE TYPE DISK TO '/u01/rman_bkp/%F';
new RMAN configuration parameters are successfully stored

RMAN> 
new RMAN configuration parameters:
CONFIGURE DEVICE TYPE DISK PARALLELISM 2 BACKUP TYPE TO BACKUPSET;
new RMAN configuration parameters are successfully stored

RMAN> 
new RMAN configuration parameters:
CONFIGURE DATAFILE BACKUP COPIES FOR DEVICE TYPE DISK TO 1;
new RMAN configuration parameters are successfully stored

RMAN> 
new RMAN configuration parameters:
CONFIGURE ARCHIVELOG BACKUP COPIES FOR DEVICE TYPE DISK TO 1;
new RMAN configuration parameters are successfully stored

RMAN> 
new RMAN configuration parameters:
CONFIGURE MAXSETSIZE TO UNLIMITED;
new RMAN configuration parameters are successfully stored

RMAN> 
new RMAN configuration parameters:
CONFIGURE ENCRYPTION FOR DATABASE OFF;
new RMAN configuration parameters are successfully stored

RMAN> 
new RMAN configuration parameters:
CONFIGURE ENCRYPTION ALGORITHM 'AES128';
new RMAN configuration parameters are successfully stored

RMAN> 
new RMAN configuration parameters:
CONFIGURE COMPRESSION ALGORITHM 'BASIC' AS OF RELEASE 'DEFAULT' OPTIMIZE FOR LOAD TRUE;
new RMAN configuration parameters are successfully stored

RMAN> 
new RMAN configuration parameters:
CONFIGURE RMAN OUTPUT TO KEEP FOR 7 DAYS;
new RMAN configuration parameters are successfully stored

RMAN> 
new RMAN configuration parameters:
CONFIGURE ARCHIVELOG DELETION POLICY TO NONE;
new RMAN configuration parameters are successfully stored

RMAN> 
new RMAN configuration parameters:
CONFIGURE SNAPSHOT CONTROLFILE NAME TO '/u01/rman_bkp/snapcf_DB.f';
new RMAN configuration parameters are successfully stored

RMAN> 
new RMAN configuration parameters:
CONFIGURE CHANNEL 1 DEVICE TYPE DISK FORMAT   '/u01/rman_bkp/%U';
new RMAN configuration parameters are successfully stored


RMAN> list backup;

specification does not match any backup in the repository

RMAN> list backup summary;

specification does not match any backup in the repository

RMAN> backup database plus archivelog;


Starting backup at 22-DEC-24
current log archived
allocated channel: ORA_DISK_1
channel ORA_DISK_1: SID=270 device type=DISK
allocated channel: ORA_DISK_2
channel ORA_DISK_2: SID=51 device type=DISK
channel ORA_DISK_1: starting archived log backup set
channel ORA_DISK_1: specifying archived log(s) in backup set
input archived log thread=1 sequence=8 RECID=1 STAMP=1188413120
channel ORA_DISK_1: starting piece 1 at 22-DEC-24
channel ORA_DISK_2: starting archived log backup set
channel ORA_DISK_2: specifying archived log(s) in backup set
input archived log thread=1 sequence=9 RECID=2 STAMP=1188413375
channel ORA_DISK_2: starting piece 1 at 22-DEC-24
channel ORA_DISK_1: finished piece 1 at 22-DEC-24
piece handle=/u01/rman_bkp/013dbftv_1_1 tag=TAG20241222T184935 comment=NONE
channel ORA_DISK_1: backup set complete, elapsed time: 00:00:01
channel ORA_DISK_2: finished piece 1 at 22-DEC-24
piece handle=/u01/app/oracle/fast_recovery_area/PRODDB/backupset/2024_12_22/o1_mf_annnn_TAG20241222T184935_mpj4h7qq_.bkp tag=TAG20241222T184935 comment=NONE
channel ORA_DISK_2: backup set complete, elapsed time: 00:00:01
Finished backup at 22-DEC-24

Starting backup at 22-DEC-24
using channel ORA_DISK_1
using channel ORA_DISK_2
channel ORA_DISK_1: starting full datafile backup set
channel ORA_DISK_1: specifying datafile(s) in backup set
input datafile file number=00001 name=/u01/app/oracle/oradata/PRODDB/datafile/o1_mf_system_mphyclnb_.dbf
input datafile file number=00007 name=/u01/app/oracle/oradata/PRODDB/datafile/o1_mf_users_mphygwc7_.dbf
channel ORA_DISK_1: starting piece 1 at 22-DEC-24
channel ORA_DISK_2: starting full datafile backup set
channel ORA_DISK_2: specifying datafile(s) in backup set
input datafile file number=00003 name=/u01/app/oracle/oradata/PRODDB/datafile/o1_mf_sysaux_mphyfp4c_.dbf
input datafile file number=00004 name=/u01/app/oracle/oradata/PRODDB/datafile/o1_mf_undotbs1_mphygv5s_.dbf
channel ORA_DISK_2: starting piece 1 at 22-DEC-24
channel ORA_DISK_1: finished piece 1 at 22-DEC-24
piece handle=/u01/rman_bkp/033dbfu0_1_1 tag=TAG20241222T184936 comment=NONE
channel ORA_DISK_1: backup set complete, elapsed time: 00:00:08
channel ORA_DISK_1: starting full datafile backup set
channel ORA_DISK_1: specifying datafile(s) in backup set
input datafile file number=00010 name=/u01/app/oracle/oradata/PRODDB/29DC00A8A5802A34E063017AA8C046BE/datafile/o1_mf_sysaux_mpj1fg6b_.dbf
input datafile file number=00011 name=/u01/app/oracle/oradata/PRODDB/29DC00A8A5802A34E063017AA8C046BE/datafile/o1_mf_undotbs1_mpj1fg6c_.dbf
channel ORA_DISK_1: starting piece 1 at 22-DEC-24
channel ORA_DISK_2: finished piece 1 at 22-DEC-24
piece handle=/u01/app/oracle/fast_recovery_area/PRODDB/backupset/2024_12_22/o1_mf_nnndf_TAG20241222T184936_mpj4h94r_.bkp tag=TAG20241222T184936 comment=NONE
channel ORA_DISK_2: backup set complete, elapsed time: 00:00:08
channel ORA_DISK_2: starting full datafile backup set
channel ORA_DISK_2: specifying datafile(s) in backup set
input datafile file number=00005 name=/u01/app/oracle/oradata/PRODDB/datafile/o1_mf_system_mphyr40n_.dbf
input datafile file number=00008 name=/u01/app/oracle/oradata/PRODDB/datafile/o1_mf_undotbs1_mphyr414_.dbf
channel ORA_DISK_2: starting piece 1 at 22-DEC-24
channel ORA_DISK_1: finished piece 1 at 22-DEC-24
piece handle=/u01/rman_bkp/053dbfu8_1_1 tag=TAG20241222T184936 comment=NONE
channel ORA_DISK_1: backup set complete, elapsed time: 00:00:03
channel ORA_DISK_1: starting full datafile backup set
channel ORA_DISK_1: specifying datafile(s) in backup set
input datafile file number=00006 name=/u01/app/oracle/oradata/PRODDB/datafile/o1_mf_sysaux_mphyr40y_.dbf
channel ORA_DISK_1: starting piece 1 at 22-DEC-24
channel ORA_DISK_2: finished piece 1 at 22-DEC-24
piece handle=/u01/app/oracle/fast_recovery_area/PRODDB/29DB600BA22A15ADE063017AA8C0F8D7/backupset/2024_12_22/o1_mf_nnndf_TAG20241222T184936_mpj4hjgl_.bkp tag=TAG20241222T184936 comment=NONE
channel ORA_DISK_2: backup set complete, elapsed time: 00:00:03
channel ORA_DISK_2: starting full datafile backup set
channel ORA_DISK_2: specifying datafile(s) in backup set
input datafile file number=00009 name=/u01/app/oracle/oradata/PRODDB/29DC00A8A5802A34E063017AA8C046BE/datafile/o1_mf_system_mpj1fg60_.dbf
input datafile file number=00012 name=/u01/app/oracle/oradata/PRODDB/29DC00A8A5802A34E063017AA8C046BE/datafile/o1_mf_users_mpj1fzk0_.dbf
channel ORA_DISK_2: starting piece 1 at 22-DEC-24
channel ORA_DISK_1: finished piece 1 at 22-DEC-24
piece handle=/u01/rman_bkp/073dbfub_1_1 tag=TAG20241222T184936 comment=NONE
channel ORA_DISK_1: backup set complete, elapsed time: 00:00:01
channel ORA_DISK_2: finished piece 1 at 22-DEC-24
piece handle=/u01/app/oracle/fast_recovery_area/PRODDB/29DC00A8A5802A34E063017AA8C046BE/backupset/2024_12_22/o1_mf_nnndf_TAG20241222T184936_mpj4hnld_.bkp tag=TAG20241222T184936 comment=NONE
channel ORA_DISK_2: backup set complete, elapsed time: 00:00:03
Finished backup at 22-DEC-24

Starting backup at 22-DEC-24
current log archived
using channel ORA_DISK_1
using channel ORA_DISK_2
channel ORA_DISK_1: starting archived log backup set
channel ORA_DISK_1: specifying archived log(s) in backup set
input archived log thread=1 sequence=10 RECID=3 STAMP=1188413390
channel ORA_DISK_1: starting piece 1 at 22-DEC-24
channel ORA_DISK_1: finished piece 1 at 22-DEC-24
piece handle=/u01/rman_bkp/093dbfuf_1_1 tag=TAG20241222T184951 comment=NONE
channel ORA_DISK_1: backup set complete, elapsed time: 00:00:01
Finished backup at 22-DEC-24

Starting Control File and SPFILE Autobackup at 22-DEC-24
piece handle=/u01/rman_bkp/c-928455006-20241222-00 comment=NONE
Finished Control File and SPFILE Autobackup at 22-DEC-24

RMAN> exit


Recovery Manager complete.
[oracle@primary ~]$ cd $ORACLE_HOME/network/admin

[oracle@primary admin]$ vi listener.ora 
[oracle@primary admin]$ vi tnsnames.ora 
[oracle@primary admin]$ vi tnsnames.ora 
[oracle@primary admin]$ lsnrctl stop

[oracle@primary admin]$ lsnrctl start

[oracle@primary admin]$ sqlplus sys/oracle@to_proddbs as sysdba


Connected to an idle instance.

SQL> exit
Disconnected
[oracle@primary admin]$ sqlplus sys/oracle@to_proddb as sysdba




[oracle@primary admin]$ sqlplus sys/oracle@to_proddb as sysdba


[oracle@primary admin]$ lsnrctl stop


[oracle@primary admin]$ lsnrctl start


[oracle@primary admin]$ tnsping to_proddb

[oracle@primary admin]$ tnsping to_proddbs

[oracle@primary admin]$ sqlplus sys/oracle@to_proddb as sysdba


[oracle@primary admin]$ sqlplus sys/oracle@to_proddbs as sysdba


Connected to an idle instance.

SQL> exit
Disconnected
[oracle@primary admin]$ ll
total 12
-rw-r--r--. 1 oracle oinstall  476 Dec 22 18:51 listener.ora
drwxr-xr-x. 2 oracle oinstall   64 Apr 17  2019 samples
-rw-r--r--. 1 oracle oinstall 1536 Feb 14  2018 shrept.lst
-rw-r--r--. 1 oracle oinstall  533 Dec 22 18:54 tnsnames.ora
[oracle@primary admin]$ rm listener.ora 
[oracle@primary admin]$ netmgr
[oracle@primary admin]$ su root
Password: 
ABRT has detected 3 problem(s). For more info run: abrt-cli list --since 1734419011
[root@primary admin]# systemctl stop firewalld
[root@primary admin]# systemctl disable firewalld
[root@primary admin]# su oracle
[oracle@primary admin]$ lsnrctl reload

LSNRCTL for Linux: Version 19.0.0.0.0 - Production on 22-DEC-2024 19:15:13

Copyright (c) 1991, 2019, Oracle.  All rights reserved.

Connecting to (DESCRIPTION=(ADDRESS=(PROTOCOL=TCP)(HOST=192.168.0.144)(PORT=1521)))
The command completed successfully
[oracle@primary admin]$ sqlplus sys/oracle@to_proddbs as sysdba

SQL*Plus: Release 19.0.0.0.0 - Production on Sun Dec 22 19:15:33 2024
Version 19.3.0.0.0

Copyright (c) 1982, 2019, Oracle.  All rights reserved.

Connected to an idle instance.

SQL> exit
Disconnected
[oracle@primary admin]$ sqlplus sys/oracle@to_proddb as sysdba

SQL*Plus: Release 19.0.0.0.0 - Production on Sun Dec 22 19:15:47 2024
Version 19.3.0.0.0

Copyright (c) 1982, 2019, Oracle.  All rights reserved.

ERROR:
ORA-12514: TNS:listener does not currently know of service requested in connect
descriptor


Enter user-name: 
ERROR:
ORA-01017: invalid username/password; logon denied


Enter user-name: 
ERROR:
ORA-01017: invalid username/password; logon denied


SP2-0157: unable to CONNECT to ORACLE after 3 attempts, exiting SQL*Plus
[oracle@primary admin]$ 
[oracle@primary admin]$ cat listener.ora 
# listener.ora Network Configuration File: /u01/app/oracle/product/19.0.0.0/dbhome_1/network/admin/listener.ora
# Generated by Oracle configuration tools.

SID_LIST_LISTENER =
  (SID_LIST =
    (SID_DESC =
      (GLOBAL_DBNAME = proddb)
      (ORACLE_HOME = /u01/app/oracle/product/19.0.0.0/dbhome_1)
      (SID_NAME = proddb)
    )
  )

LISTENER =
  (DESCRIPTION =
    (ADDRESS = (PROTOCOL = TCP)(HOST = 192.168.0.144)(PORT = 1521))
  )

ADR_BASE_LISTENER = /u01/app/oracle

[oracle@primary admin]$ cat /etc/oratab
#



# This file is used by ORACLE utilities.  It is created by root.sh
# and updated by either Database Configuration Assistant while creating
# a database or ASM Configuration Assistant while creating ASM instance.

# A colon, ':', is used as the field terminator.  A new line terminates
# the entry.  Lines beginning with a pound sign, '#', are comments.
#
# Entries are of the form:
#   $ORACLE_SID:$ORACLE_HOME:<N|Y>:
#
# The first and second fields are the system identifier and home
# directory of the database respectively.  The third field indicates
# to the dbstart utility that the database should , "Y", or should not,
# "N", be brought up at system boot time.
#
# Multiple entries with the same $ORACLE_SID are not allowed.
#
#
proddb:/u01/app/oracle/product/19.0.0.0/dbhome_1:N
[oracle@primary admin]$ lsnrctl status

LSNRCTL for Linux: Version 19.0.0.0.0 - Production on 22-DEC-2024 19:17:32

Copyright (c) 1991, 2019, Oracle.  All rights reserved.

Connecting to (DESCRIPTION=(ADDRESS=(PROTOCOL=TCP)(HOST=192.168.0.144)(PORT=1521)))
STATUS of the LISTENER
------------------------
Alias                     LISTENER
Version                   TNSLSNR for Linux: Version 19.0.0.0.0 - Production
Start Date                22-DEC-2024 19:11:43
Uptime                    0 days 0 hr. 5 min. 55 sec
Trace Level               off
Security                  ON: Local OS Authentication
SNMP                      OFF
Listener Parameter File   /u01/app/oracle/product/19.0.0.0/dbhome_1/network/admin/listener.ora
Listener Log File         /u01/app/oracle/diag/tnslsnr/primary/listener/alert/log.xml
Listening Endpoints Summary...
  (DESCRIPTION=(ADDRESS=(PROTOCOL=tcp)(HOST=192.168.0.144)(PORT=1521)))
Services Summary...
Service "proddb" has 1 instance(s).
  Instance "proddb", status UNKNOWN, has 1 handler(s) for this service...
The command completed successfully
[oracle@primary admin]$ sqlplus sys/oracle@to_proddb as sysdba

SQL*Plus: Release 19.0.0.0.0 - Production on Sun Dec 22 19:17:45 2024
Version 19.3.0.0.0

Copyright (c) 1982, 2019, Oracle.  All rights reserved.

ERROR:
ORA-12514: TNS:listener does not currently know of service requested in connect
descriptor


Enter user-name: 
ERROR:
ORA-01017: invalid username/password; logon denied


Enter user-name: 
ERROR:
ORA-01017: invalid username/password; logon denied


SP2-0157: unable to CONNECT to ORACLE after 3 attempts, exiting SQL*Plus
[oracle@primary admin]$ 
[oracle@primary admin]$ ps -ef |grep tns
root        23     2  0 18:33 ?        00:00:00 [netns]
oracle    5001     1  0 19:11 ?        00:00:00 /u01/app/oracle/product/19.0.0.0/dbhome_1/bin/tnslsnr LISTENER -inherit
oracle    5371  5234  0 19:18 pts/0    00:00:00 grep --color=auto tns
[oracle@primary admin]$ kill -9 5001
[oracle@primary admin]$ ll
total 12
-rw-r--r--. 1 oracle oinstall  476 Dec 22 19:14 listener.ora
drwxr-xr-x. 2 oracle oinstall   64 Apr 17  2019 samples
-rw-r--r--. 1 oracle oinstall 1536 Feb 14  2018 shrept.lst
-rw-r--r--. 1 oracle oinstall  533 Dec 22 18:54 tnsnames.ora
[oracle@primary admin]$ lsnrctl reload

LSNRCTL for Linux: Version 19.0.0.0.0 - Production on 22-DEC-2024 19:18:39

Copyright (c) 1991, 2019, Oracle.  All rights reserved.

Connecting to (DESCRIPTION=(ADDRESS=(PROTOCOL=TCP)(HOST=192.168.0.144)(PORT=1521)))
TNS-12541: TNS:no listener
 TNS-12560: TNS:protocol adapter error
  TNS-00511: No listener
   Linux Error: 111: Connection refused
[oracle@primary admin]$ lsnrctl stop

LSNRCTL for Linux: Version 19.0.0.0.0 - Production on 22-DEC-2024 19:18:51

Copyright (c) 1991, 2019, Oracle.  All rights reserved.

Connecting to (DESCRIPTION=(ADDRESS=(PROTOCOL=TCP)(HOST=192.168.0.144)(PORT=1521)))
TNS-12541: TNS:no listener
 TNS-12560: TNS:protocol adapter error
  TNS-00511: No listener
   Linux Error: 111: Connection refused
[oracle@primary admin]$ lsnrctl start

LSNRCTL for Linux: Version 19.0.0.0.0 - Production on 22-DEC-2024 19:18:59

Copyright (c) 1991, 2019, Oracle.  All rights reserved.

Starting /u01/app/oracle/product/19.0.0.0/dbhome_1/bin/tnslsnr: please wait...

TNSLSNR for Linux: Version 19.0.0.0.0 - Production
System parameter file is /u01/app/oracle/product/19.0.0.0/dbhome_1/network/admin/listener.ora
Log messages written to /u01/app/oracle/diag/tnslsnr/primary/listener/alert/log.xml
Listening on: (DESCRIPTION=(ADDRESS=(PROTOCOL=tcp)(HOST=192.168.0.144)(PORT=1521)))

Connecting to (DESCRIPTION=(ADDRESS=(PROTOCOL=TCP)(HOST=192.168.0.144)(PORT=1521)))
STATUS of the LISTENER
------------------------
Alias                     LISTENER
Version                   TNSLSNR for Linux: Version 19.0.0.0.0 - Production
Start Date                22-DEC-2024 19:19:05
Uptime                    0 days 0 hr. 0 min. 9 sec
Trace Level               off
Security                  ON: Local OS Authentication
SNMP                      OFF
Listener Parameter File   /u01/app/oracle/product/19.0.0.0/dbhome_1/network/admin/listener.ora
Listener Log File         /u01/app/oracle/diag/tnslsnr/primary/listener/alert/log.xml
Listening Endpoints Summary...
  (DESCRIPTION=(ADDRESS=(PROTOCOL=tcp)(HOST=192.168.0.144)(PORT=1521)))
Services Summary...
Service "proddb" has 1 instance(s).
  Instance "proddb", status UNKNOWN, has 1 handler(s) for this service...
The command completed successfully
[oracle@primary admin]$ sqlplus sys/oracle@to_proddb as sysdba

SQL*Plus: Release 19.0.0.0.0 - Production on Sun Dec 22 19:19:16 2024
Version 19.3.0.0.0

Copyright (c) 1982, 2019, Oracle.  All rights reserved.

ERROR:
ORA-12514: TNS:listener does not currently know of service requested in connect
descriptor


Enter user-name: ^[[A        
Enter password: 
ERROR:
ORA-01005: null password given; logon denied


Enter user-name: 
ERROR:
ORA-01017: invalid username/password; logon denied


SP2-0157: unable to CONNECT to ORACLE after 3 attempts, exiting SQL*Plus
[oracle@primary admin]$ ps -ef |grep listener
oracle    5444  5234  0 19:19 pts/0    00:00:00 grep --color=auto listener
[oracle@primary admin]$ kill -9 5444
bash: kill: (5444) - No such process
[oracle@primary admin]$ ps -ef |grep listener
oracle    5460  5234  0 19:20 pts/0    00:00:00 grep --color=auto listener
[oracle@primary admin]$ tnsping to_proddb

TNS Ping Utility for Linux: Version 19.0.0.0.0 - Production on 22-DEC-2024 19:20:14

Copyright (c) 1997, 2019, Oracle.  All rights reserved.

Used parameter files:


Used TNSNAMES adapter to resolve the alias
Attempting to contact (DESCRIPTION = (ADDRESS_LIST = (ADDRESS = (PROTOCOL = TCP)(HOST = 192.168.0.144)(PORT = 1521))) (CONNECT_DATA = (SERVICE_NAME = proddbs)))
OK (3090 msec)
[oracle@primary admin]$ tnsping to_proddbs

TNS Ping Utility for Linux: Version 19.0.0.0.0 - Production on 22-DEC-2024 19:20:20

Copyright (c) 1997, 2019, Oracle.  All rights reserved.

Used parameter files:


Used TNSNAMES adapter to resolve the alias
Attempting to contact (DESCRIPTION = (ADDRESS_LIST = (ADDRESS = (PROTOCOL = TCP)(HOST = 192.168.0.145)(PORT = 1521))) (CONNECT_DATA = (SERVICE_NAME = proddbs)))
OK (3070 msec)
[oracle@primary admin]$ sqlplus sys/oracle@to_proddb as sysdba

SQL*Plus: Release 19.0.0.0.0 - Production on Sun Dec 22 19:20:36 2024
Version 19.3.0.0.0

Copyright (c) 1982, 2019, Oracle.  All rights reserved.

ERROR:
ORA-12514: TNS:listener does not currently know of service requested in connect
descriptor


Enter user-name: 
ERROR:
ORA-01017: invalid username/password; logon denied


Enter user-name: 
ERROR:
ORA-01017: invalid username/password; logon denied


SP2-0157: unable to CONNECT to ORACLE after 3 attempts, exiting SQL*Plus
[oracle@primary admin]$ 
[oracle@primary admin]$ sqlplus sys/oracle@to_proddb as sysdba

SQL*Plus: Release 19.0.0.0.0 - Production on Sun Dec 22 19:24:20 2024
Version 19.3.0.0.0

Copyright (c) 1982, 2019, Oracle.  All rights reserved.

ERROR:
ORA-12514: TNS:listener does not currently know of service requested in connect
descriptor


Enter user-name: 
ERROR:
ORA-01017: invalid username/password; logon denied


Enter user-name: 
ERROR:
ORA-01017: invalid username/password; logon denied


SP2-0157: unable to CONNECT to ORACLE after 3 attempts, exiting SQL*Plus
[oracle@primary admin]$ 
[oracle@primary admin]$ 
[oracle@primary admin]$ 
[oracle@primary admin]$ 
[oracle@primary admin]$ 
[oracle@primary admin]$ 
[oracle@primary admin]$ 
[oracle@primary admin]$ 
[oracle@primary admin]$ 

[oracle@primary admin]$ 
[oracle@primary admin]$ 
[oracle@primary admin]$ 
[oracle@primary admin]$ 
[oracle@primary admin]$ 
[oracle@primary admin]$ 
[oracle@primary admin]$ 
[oracle@primary admin]$ . oraenv
ORACLE_SID = [proddb] ? proddb
The Oracle base remains unchanged with value /u01/app/oracle
[oracle@primary admin]$ sqlplus / as sysdba

SQL*Plus: Release 19.0.0.0.0 - Production on Sun Dec 22 19:36:37 2024
Version 19.3.0.0.0

Copyright (c) 1982, 2019, Oracle.  All rights reserved.


Connected to:
Oracle Database 19c Enterprise Edition Release 19.0.0.0.0 - Production
Version 19.3.0.0.0

SQL> show pdbs

    CON_ID CON_NAME			  OPEN MODE  RESTRICTED
---------- ------------------------------ ---------- ----------
	 2 PDB$SEED			  READ ONLY  NO
	 3 HDFC 			  READ WRITE NO
SQL> archive log list
Database log mode	       Archive Mode
Automatic archival	       Enabled
Archive destination	       USE_DB_RECOVERY_FILE_DEST
Oldest online log sequence     10
Next log sequence to archive   12
Current log sequence	       12
SQL> alter system switch logfile;

System altered.

SQL> /
/

System altered.

SQL> /
/
/
/
/
System altered.

SQL> 
System altered.

SQL> 
/

System altered.

SQL> 
System altered.

SQL> 
System altered.

SQL> 












System altered.

SQL> 







System altered.

SQL> SQL> SQL> SQL> SQL> SQL> SQL> SQL> SQL> SQL> SQL> SQL> SQL> SQL> SQL> SQL> SQL> SQL> SQL> SQL> 
SQL> 
SQL> 
SQL> 
SQL> 
SQL> 
SQL> 
SQL> 
SQL> 
SQL> 
SQL> 
SQL> 
SQL> 
SQL> 
SQL> 
SQL> 
SQL> 
SQL> 
SQL> 
SQL> 
SQL>   
SQL> 
SQL> 
SQL> 
SQL> archive log list
Database log mode	       Archive Mode
Automatic archival	       Enabled
Archive destination	       USE_DB_RECOVERY_FILE_DEST
Oldest online log sequence     19
Next log sequence to archive   21
Current log sequence	       21
SQL> set lines 300 pages 300;
SELECT sequence#, first_time, next_time, applied FROM v$archived_log ORDER BY sequence#;SQL> 

 SEQUENCE# FIRST_TIM NEXT_TIME APPLIED
---------- --------- --------- ---------
	 8 22-DEC-24 22-DEC-24 NO
	 9 22-DEC-24 22-DEC-24 NO
	10 22-DEC-24 22-DEC-24 NO
	11 22-DEC-24 22-DEC-24 YES
	11 22-DEC-24 22-DEC-24 NO
	12 22-DEC-24 22-DEC-24 YES
	12 22-DEC-24 22-DEC-24 NO
	13 22-DEC-24 22-DEC-24 YES
	13 22-DEC-24 22-DEC-24 NO
	14 22-DEC-24 22-DEC-24 YES
	14 22-DEC-24 22-DEC-24 NO
	15 22-DEC-24 22-DEC-24 NO
	15 22-DEC-24 22-DEC-24 NO
	16 22-DEC-24 22-DEC-24 NO
	16 22-DEC-24 22-DEC-24 NO
	17 22-DEC-24 22-DEC-24 NO
	17 22-DEC-24 22-DEC-24 NO
	18 22-DEC-24 22-DEC-24 NO
	18 22-DEC-24 22-DEC-24 NO
	19 22-DEC-24 22-DEC-24 NO
	19 22-DEC-24 22-DEC-24 NO
	20 22-DEC-24 22-DEC-24 NO
	20 22-DEC-24 22-DEC-24 NO

23 rows selected.

SQL> select process,status from v$managed_standby;

PROCESS   STATUS
--------- ------------
ARCH	  CLOSING
DGRD	  ALLOCATED
DGRD	  ALLOCATED
ARCH	  CLOSING
ARCH	  CLOSING
ARCH	  CLOSING
DGRD	  ALLOCATED
LNS	  WRITING
DGRD	  ALLOCATED

9 rows selected.

SQL> set lines 200
col DESTINATION for a30
col ERROR for a50
select DESTINATION,TYPE,ARCHIVED_THREAD#,APPLIED_SEQ#,ARCHIVED_SEQ#,GAP_STATUS,error from v$archive_dest_status where DEST_ID=2;SQL> SQL> SQL> 

DESTINATION		       TYPE		ARCHIVED_THREAD# APPLIED_SEQ# ARCHIVED_SEQ# GAP_STATUS		     ERROR
------------------------------ ---------------- ---------------- ------------ ------------- ------------------------ --------------------------------------------------
to_proddbs		       PHYSICAL 		       1	   14		 20 RESOLVABLE GAP

SQL> set lines 300 pages 300;
col DB_UNIQUE_NAME for a10;
select name,db_unique_name,open_mode,DATABASE_ROLE,PROTECTION_MODE,SWITCHOVER#,SWITCHOVER_status,current_scn from v$database;
SQL> SQL> 
NAME	  DB_UNIQUE_ OPEN_MODE		  DATABASE_ROLE    PROTECTION_MODE	SWITCHOVER# SWITCHOVER_STATUS	 CURRENT_SCN
--------- ---------- -------------------- ---------------- -------------------- ----------- -------------------- -----------
PRODDB	  proddb     READ WRITE 	  PRIMARY	   MAXIMUM PERFORMANCE	  928419166 TO STANDBY		     2294305

SQL> set lines 300 pages 300;
SELECT sequence#, FIRST_CHANGE#,NEXT_CHANGE# FROM v$archived_log ORDER BY sequence#;SQL> 

 SEQUENCE# FIRST_CHANGE# NEXT_CHANGE#
---------- ------------- ------------
	 8	 2244672      2246721
	 9	 2246721      2248700
	10	 2248700      2248759
	11	 2248759      2278642
	11	 2248759      2278642
	12	 2278642      2294096
	12	 2278642      2294096
	13	 2294096      2294105
	13	 2294096      2294105
	14	 2294105      2294114
	14	 2294105      2294114
	15	 2294114      2294117
	15	 2294114      2294117
	16	 2294117      2294130
	16	 2294117      2294130
	17	 2294130      2294133
	17	 2294130      2294133
	18	 2294133      2294136
	18	 2294133      2294136
	19	 2294136      2294145
	19	 2294136      2294145
	20	 2294145      2294148
	20	 2294145      2294148

23 rows selected.

SQL> set lines 300 pages 300;
SELECT sequence#, first_time, next_time, applied FROM v$archived_log ORDER BY sequence#;SQL> 

 SEQUENCE# FIRST_TIM NEXT_TIME APPLIED
---------- --------- --------- ---------
	 8 22-DEC-24 22-DEC-24 NO
	 9 22-DEC-24 22-DEC-24 NO
	10 22-DEC-24 22-DEC-24 NO
	11 22-DEC-24 22-DEC-24 YES
	11 22-DEC-24 22-DEC-24 NO
	12 22-DEC-24 22-DEC-24 YES
	12 22-DEC-24 22-DEC-24 NO
	13 22-DEC-24 22-DEC-24 YES
	13 22-DEC-24 22-DEC-24 NO
	14 22-DEC-24 22-DEC-24 YES
	14 22-DEC-24 22-DEC-24 NO
	15 22-DEC-24 22-DEC-24 YES
	15 22-DEC-24 22-DEC-24 NO
	16 22-DEC-24 22-DEC-24 NO
	16 22-DEC-24 22-DEC-24 YES
	17 22-DEC-24 22-DEC-24 NO
	17 22-DEC-24 22-DEC-24 YES
	18 22-DEC-24 22-DEC-24 NO
	18 22-DEC-24 22-DEC-24 YES
	19 22-DEC-24 22-DEC-24 NO
	19 22-DEC-24 22-DEC-24 YES
	20 22-DEC-24 22-DEC-24 NO
	20 22-DEC-24 22-DEC-24 NO

23 rows selected.

SQL> set lines 300 pages 300;
SELECT sequence#, first_time, next_time, applied FROM v$archived_log ORDER BY sequence#;SQL> 

 SEQUENCE# FIRST_TIM NEXT_TIME APPLIED
---------- --------- --------- ---------
	 8 22-DEC-24 22-DEC-24 NO
	 9 22-DEC-24 22-DEC-24 NO
	10 22-DEC-24 22-DEC-24 NO
	11 22-DEC-24 22-DEC-24 YES
	11 22-DEC-24 22-DEC-24 NO
	12 22-DEC-24 22-DEC-24 YES
	12 22-DEC-24 22-DEC-24 NO
	13 22-DEC-24 22-DEC-24 YES
	13 22-DEC-24 22-DEC-24 NO
	14 22-DEC-24 22-DEC-24 YES
	14 22-DEC-24 22-DEC-24 NO
	15 22-DEC-24 22-DEC-24 YES
	15 22-DEC-24 22-DEC-24 NO
	16 22-DEC-24 22-DEC-24 NO
	16 22-DEC-24 22-DEC-24 YES
	17 22-DEC-24 22-DEC-24 NO
	17 22-DEC-24 22-DEC-24 YES
	18 22-DEC-24 22-DEC-24 NO
	18 22-DEC-24 22-DEC-24 YES
	19 22-DEC-24 22-DEC-24 NO
	19 22-DEC-24 22-DEC-24 YES
	20 22-DEC-24 22-DEC-24 NO
	20 22-DEC-24 22-DEC-24 YES

23 rows selected.

SQL> set lines 300 pages 300;
SELECT sequence#, first_time, next_time, applied FROM v$archived_log ORDER BY sequence#;SQL> 

 SEQUENCE# FIRST_TIM NEXT_TIME APPLIED
---------- --------- --------- ---------
	 8 22-DEC-24 22-DEC-24 NO
	 9 22-DEC-24 22-DEC-24 NO
	10 22-DEC-24 22-DEC-24 NO
	11 22-DEC-24 22-DEC-24 YES
	11 22-DEC-24 22-DEC-24 NO
	12 22-DEC-24 22-DEC-24 YES
	12 22-DEC-24 22-DEC-24 NO
	13 22-DEC-24 22-DEC-24 YES
	13 22-DEC-24 22-DEC-24 NO
	14 22-DEC-24 22-DEC-24 YES
	14 22-DEC-24 22-DEC-24 NO
	15 22-DEC-24 22-DEC-24 YES
	15 22-DEC-24 22-DEC-24 NO
	16 22-DEC-24 22-DEC-24 NO
	16 22-DEC-24 22-DEC-24 YES
	17 22-DEC-24 22-DEC-24 NO
	17 22-DEC-24 22-DEC-24 YES
	18 22-DEC-24 22-DEC-24 NO
	18 22-DEC-24 22-DEC-24 YES
	19 22-DEC-24 22-DEC-24 NO
	19 22-DEC-24 22-DEC-24 YES
	20 22-DEC-24 22-DEC-24 NO
	20 22-DEC-24 22-DEC-24 YES

23 rows selected.

SQL> alter system set log_archive_dest_state_2=DEFER scope=both sid='*';
alter system set log_archive_dest_state_2=enable scope=both sid='*';
System altered.

SQL> 

System altered.

SQL> alter system switch logfile;

System altered.

SQL> /

System altered.

SQL> /

System altered.

SQL> /

System altered.

SQL> /

System altered.

SQL> /

System altered.

SQL> archive log list
Database log mode	       Archive Mode
Automatic archival	       Enabled
Archive destination	       USE_DB_RECOVERY_FILE_DEST
Oldest online log sequence     25
Next log sequence to archive   27
Current log sequence	       27
SQL> alter system switch logfile;

System altered.

SQL> /

System altered.

SQL> /

System altered.

SQL> archive log list
Database log mode	       Archive Mode
Automatic archival	       Enabled
Archive destination	       USE_DB_RECOVERY_FILE_DEST
Oldest online log sequence     28
Next log sequence to archive   30
Current log sequence	       30
SQL> set lines 300 pages 300;
SELECT sequence#, first_time, next_time, applied FROM v$archived_log ORDER BY sequence#;SQL> 

 SEQUENCE# FIRST_TIM NEXT_TIME APPLIED
---------- --------- --------- ---------
	 8 22-DEC-24 22-DEC-24 NO
	 9 22-DEC-24 22-DEC-24 NO
	10 22-DEC-24 22-DEC-24 NO
	11 22-DEC-24 22-DEC-24 NO
	11 22-DEC-24 22-DEC-24 YES
	12 22-DEC-24 22-DEC-24 NO
	12 22-DEC-24 22-DEC-24 YES
	13 22-DEC-24 22-DEC-24 YES
	13 22-DEC-24 22-DEC-24 NO
	14 22-DEC-24 22-DEC-24 NO
	14 22-DEC-24 22-DEC-24 YES
	15 22-DEC-24 22-DEC-24 YES
	15 22-DEC-24 22-DEC-24 NO
	16 22-DEC-24 22-DEC-24 NO
	16 22-DEC-24 22-DEC-24 YES
	17 22-DEC-24 22-DEC-24 YES
	17 22-DEC-24 22-DEC-24 NO
	18 22-DEC-24 22-DEC-24 YES
	18 22-DEC-24 22-DEC-24 NO
	19 22-DEC-24 22-DEC-24 YES
	19 22-DEC-24 22-DEC-24 NO
	20 22-DEC-24 22-DEC-24 YES
	20 22-DEC-24 22-DEC-24 NO
	21 22-DEC-24 22-DEC-24 NO
	21 22-DEC-24 22-DEC-24 YES
	22 22-DEC-24 22-DEC-24 NO
	22 22-DEC-24 22-DEC-24 YES
	23 22-DEC-24 22-DEC-24 NO
	23 22-DEC-24 22-DEC-24 YES
	24 22-DEC-24 22-DEC-24 NO
	24 22-DEC-24 22-DEC-24 YES
	25 22-DEC-24 22-DEC-24 NO
	25 22-DEC-24 22-DEC-24 YES
	26 22-DEC-24 22-DEC-24 NO
	26 22-DEC-24 22-DEC-24 YES
	27 22-DEC-24 22-DEC-24 NO
	27 22-DEC-24 22-DEC-24 YES
	28 22-DEC-24 22-DEC-24 NO
	28 22-DEC-24 22-DEC-24 YES
	29 22-DEC-24 22-DEC-24 NO
	29 22-DEC-24 22-DEC-24 NO

41 rows selected.

SQL> alter system set log_archive_dest_state_2=DEFER scope=both sid='*';

System altered.

SQL> set lines 300 pages 300;
SELECT sequence#, first_time, next_time, applied FROM v$archived_log ORDER BY sequence#;SQL> 

 SEQUENCE# FIRST_TIM NEXT_TIME APPLIED
---------- --------- --------- ---------
	 8 22-DEC-24 22-DEC-24 NO
	 9 22-DEC-24 22-DEC-24 NO
	10 22-DEC-24 22-DEC-24 NO
	11 22-DEC-24 22-DEC-24 NO
	11 22-DEC-24 22-DEC-24 YES
	12 22-DEC-24 22-DEC-24 NO
	12 22-DEC-24 22-DEC-24 YES
	13 22-DEC-24 22-DEC-24 YES
	13 22-DEC-24 22-DEC-24 NO
	14 22-DEC-24 22-DEC-24 NO
	14 22-DEC-24 22-DEC-24 YES
	15 22-DEC-24 22-DEC-24 YES
	15 22-DEC-24 22-DEC-24 NO
	16 22-DEC-24 22-DEC-24 NO
	16 22-DEC-24 22-DEC-24 YES
	17 22-DEC-24 22-DEC-24 YES
	17 22-DEC-24 22-DEC-24 NO
	18 22-DEC-24 22-DEC-24 YES
	18 22-DEC-24 22-DEC-24 NO
	19 22-DEC-24 22-DEC-24 YES
	19 22-DEC-24 22-DEC-24 NO
	20 22-DEC-24 22-DEC-24 YES
	20 22-DEC-24 22-DEC-24 NO
	21 22-DEC-24 22-DEC-24 NO
	21 22-DEC-24 22-DEC-24 YES
	22 22-DEC-24 22-DEC-24 NO
	22 22-DEC-24 22-DEC-24 YES
	23 22-DEC-24 22-DEC-24 NO
	23 22-DEC-24 22-DEC-24 YES
	24 22-DEC-24 22-DEC-24 NO
	24 22-DEC-24 22-DEC-24 YES
	25 22-DEC-24 22-DEC-24 NO
	25 22-DEC-24 22-DEC-24 YES
	26 22-DEC-24 22-DEC-24 NO
	26 22-DEC-24 22-DEC-24 YES
	27 22-DEC-24 22-DEC-24 NO
	27 22-DEC-24 22-DEC-24 YES
	28 22-DEC-24 22-DEC-24 NO
	28 22-DEC-24 22-DEC-24 YES
	29 22-DEC-24 22-DEC-24 NO
	29 22-DEC-24 22-DEC-24 YES

41 rows selected.

SQL> alter system set log_archive_dest_state_2=enable scope=both sid='*';

System altered.

SQL> 
SQL> 
SQL> 
SQL> 
SQL> 
SQL> 
SQL> 
SQL> 
SQL> 
SQL> 
SQL> 
SQL> 
SQL> 
SQL> 
SQL> 
SQL> 
SQL> 
SQL> 
SQL> select db_unique_name,OPEN_MODE,DATABASE_ROLE from v$database;

DB_UNIQUE_ OPEN_MODE		DATABASE_ROLE
---------- -------------------- ----------------
proddb	   READ WRITE		PRIMARY

SQL> archive log list
Database log mode	       Archive Mode
Automatic archival	       Enabled
Archive destination	       USE_DB_RECOVERY_FILE_DEST
Oldest online log sequence     28
Next log sequence to archive   30
Current log sequence	       30
SQL> ALTER SESSION SET nls_date_format='DD-MON-YYYY HH24:MI:SS';

Session altered.

SQL> SELECT sequence#, first_time, next_time, applied FROM v$archived_log ORDER BY sequence#;

 SEQUENCE# FIRST_TIME		NEXT_TIME	     APPLIED
---------- -------------------- -------------------- ---------
	 8 22-DEC-2024 18:38:30 22-DEC-2024 18:45:20 NO
	 9 22-DEC-2024 18:45:20 22-DEC-2024 18:49:34 NO
	10 22-DEC-2024 18:49:34 22-DEC-2024 18:49:50 NO
	11 22-DEC-2024 18:49:50 22-DEC-2024 19:34:17 NO
	11 22-DEC-2024 18:49:50 22-DEC-2024 19:34:17 YES
	12 22-DEC-2024 19:34:17 22-DEC-2024 19:37:06 NO
	12 22-DEC-2024 19:34:17 22-DEC-2024 19:37:06 YES
	13 22-DEC-2024 19:37:06 22-DEC-2024 19:37:10 YES
	13 22-DEC-2024 19:37:06 22-DEC-2024 19:37:10 NO
	14 22-DEC-2024 19:37:10 22-DEC-2024 19:37:13 NO
	14 22-DEC-2024 19:37:10 22-DEC-2024 19:37:13 YES
	15 22-DEC-2024 19:37:13 22-DEC-2024 19:37:13 YES
	15 22-DEC-2024 19:37:13 22-DEC-2024 19:37:13 NO
	16 22-DEC-2024 19:37:13 22-DEC-2024 19:37:18 NO
	16 22-DEC-2024 19:37:13 22-DEC-2024 19:37:18 YES
	17 22-DEC-2024 19:37:18 22-DEC-2024 19:37:19 YES
	17 22-DEC-2024 19:37:18 22-DEC-2024 19:37:19 NO
	18 22-DEC-2024 19:37:19 22-DEC-2024 19:37:19 YES
	18 22-DEC-2024 19:37:19 22-DEC-2024 19:37:19 NO
	19 22-DEC-2024 19:37:19 22-DEC-2024 19:37:21 YES
	19 22-DEC-2024 19:37:19 22-DEC-2024 19:37:21 NO
	20 22-DEC-2024 19:37:21 22-DEC-2024 19:37:22 YES
	20 22-DEC-2024 19:37:21 22-DEC-2024 19:37:22 NO
	21 22-DEC-2024 19:37:22 22-DEC-2024 19:45:55 NO
	21 22-DEC-2024 19:37:22 22-DEC-2024 19:45:55 YES
	22 22-DEC-2024 19:45:55 22-DEC-2024 19:45:55 NO
	22 22-DEC-2024 19:45:55 22-DEC-2024 19:45:55 YES
	23 22-DEC-2024 19:45:55 22-DEC-2024 19:45:57 NO
	23 22-DEC-2024 19:45:55 22-DEC-2024 19:45:57 YES
	24 22-DEC-2024 19:45:57 22-DEC-2024 19:45:59 NO
	24 22-DEC-2024 19:45:57 22-DEC-2024 19:45:59 YES
	25 22-DEC-2024 19:45:59 22-DEC-2024 19:46:01 NO
	25 22-DEC-2024 19:45:59 22-DEC-2024 19:46:01 YES
	26 22-DEC-2024 19:46:01 22-DEC-2024 19:46:02 NO
	26 22-DEC-2024 19:46:01 22-DEC-2024 19:46:02 YES
	27 22-DEC-2024 19:46:02 22-DEC-2024 19:46:18 NO
	27 22-DEC-2024 19:46:02 22-DEC-2024 19:46:18 YES
	28 22-DEC-2024 19:46:18 22-DEC-2024 19:46:19 NO
	28 22-DEC-2024 19:46:18 22-DEC-2024 19:46:19 YES
	29 22-DEC-2024 19:46:19 22-DEC-2024 19:46:20 NO
	29 22-DEC-2024 19:46:19 22-DEC-2024 19:46:20 YES

41 rows selected.

SQL> select db_unique_name,OPEN_MODE,DATABASE_ROLE from v$database;

DB_UNIQUE_ OPEN_MODE		DATABASE_ROLE
---------- -------------------- ----------------
proddb	   READ WRITE		PRIMARY

SQL> show pdbs

    CON_ID CON_NAME			  OPEN MODE  RESTRICTED
---------- ------------------------------ ---------- ----------
	 2 PDB$SEED			  READ ONLY  NO
	 3 HDFC 			  READ WRITE NO
SQL> alter pluggable database all open save state;
alter pluggable database all open save state
                                  *
ERROR at line 1:
ORA-00933: SQL command not properly ended


SQL> alter pluggable database all save state;

Pluggable database altered.

SQL> show pdbs

    CON_ID CON_NAME			  OPEN MODE  RESTRICTED
---------- ------------------------------ ---------- ----------
	 2 PDB$SEED			  READ ONLY  NO
	 3 HDFC 			  READ WRITE NO
SQL> 
SQL> 
SQL> 
SQL> select name from v$datafile;

NAME
------------------------------------------------------------------------------------------------------------------------------------------------------------------------------------------------------------------------------------------------------------------------------------------------------------
/u01/app/oracle/oradata/PRODDB/datafile/o1_mf_system_mphyclnb_.dbf
/u01/app/oracle/oradata/PRODDB/datafile/o1_mf_sysaux_mphyfp4c_.dbf
/u01/app/oracle/oradata/PRODDB/datafile/o1_mf_undotbs1_mphygv5s_.dbf
/u01/app/oracle/oradata/PRODDB/datafile/o1_mf_system_mphyr40n_.dbf
/u01/app/oracle/oradata/PRODDB/datafile/o1_mf_sysaux_mphyr40y_.dbf
/u01/app/oracle/oradata/PRODDB/datafile/o1_mf_users_mphygwc7_.dbf
/u01/app/oracle/oradata/PRODDB/datafile/o1_mf_undotbs1_mphyr414_.dbf
/u01/app/oracle/oradata/PRODDB/29DC00A8A5802A34E063017AA8C046BE/datafile/o1_mf_system_mpj1fg60_.dbf
/u01/app/oracle/oradata/PRODDB/29DC00A8A5802A34E063017AA8C046BE/datafile/o1_mf_sysaux_mpj1fg6b_.dbf
/u01/app/oracle/oradata/PRODDB/29DC00A8A5802A34E063017AA8C046BE/datafile/o1_mf_undotbs1_mpj1fg6c_.dbf
/u01/app/oracle/oradata/PRODDB/29DC00A8A5802A34E063017AA8C046BE/datafile/o1_mf_users_mpj1fzk0_.dbf

11 rows selected.

SQL> select member from v$logfile;

MEMBER
------------------------------------------------------------------------------------------------------------------------------------------------------------------------------------------------------------------------------------------------------------------------------------------------------------
/u01/app/oracle/oradata/PRODDB/onlinelog/o1_mf_3_mphyj96v_.log
/u01/app/oracle/fast_recovery_area/PRODDB/onlinelog/o1_mf_3_mphyjbvc_.log
/u01/app/oracle/oradata/PRODDB/onlinelog/o1_mf_2_mphyj91g_.log
/u01/app/oracle/fast_recovery_area/PRODDB/onlinelog/o1_mf_2_mphyjbyo_.log
/u01/app/oracle/oradata/PRODDB/onlinelog/o1_mf_1_mphyj8xd_.log
/u01/app/oracle/fast_recovery_area/PRODDB/onlinelog/o1_mf_1_mphyjb4s_.log
/u01/app/oracle/oradata/PRODDB/onlinelog/redo08.log
/u01/app/oracle/oradata/PRODDB/onlinelog/redo09.log
/u01/app/oracle/oradata/PRODDB/onlinelog/redo10.log

9 rows selected.

SQL> set lines 300 pages 300;
SELECT sequence#, first_time, next_time, applied FROM v$archived_log ORDER BY sequence#;SQL> 

 SEQUENCE# FIRST_TIME		NEXT_TIME	     APPLIED
---------- -------------------- -------------------- ---------
	 8 22-DEC-2024 18:38:30 22-DEC-2024 18:45:20 NO
	 9 22-DEC-2024 18:45:20 22-DEC-2024 18:49:34 NO
	10 22-DEC-2024 18:49:34 22-DEC-2024 18:49:50 NO
	11 22-DEC-2024 18:49:50 22-DEC-2024 19:34:17 NO
	11 22-DEC-2024 18:49:50 22-DEC-2024 19:34:17 YES
	12 22-DEC-2024 19:34:17 22-DEC-2024 19:37:06 NO
	12 22-DEC-2024 19:34:17 22-DEC-2024 19:37:06 YES
	13 22-DEC-2024 19:37:06 22-DEC-2024 19:37:10 YES
	13 22-DEC-2024 19:37:06 22-DEC-2024 19:37:10 NO
	14 22-DEC-2024 19:37:10 22-DEC-2024 19:37:13 NO
	14 22-DEC-2024 19:37:10 22-DEC-2024 19:37:13 YES
	15 22-DEC-2024 19:37:13 22-DEC-2024 19:37:13 YES
	15 22-DEC-2024 19:37:13 22-DEC-2024 19:37:13 NO
	16 22-DEC-2024 19:37:13 22-DEC-2024 19:37:18 NO
	16 22-DEC-2024 19:37:13 22-DEC-2024 19:37:18 YES
	17 22-DEC-2024 19:37:18 22-DEC-2024 19:37:19 YES
	17 22-DEC-2024 19:37:18 22-DEC-2024 19:37:19 NO
	18 22-DEC-2024 19:37:19 22-DEC-2024 19:37:19 YES
	18 22-DEC-2024 19:37:19 22-DEC-2024 19:37:19 NO
	19 22-DEC-2024 19:37:19 22-DEC-2024 19:37:21 YES
	19 22-DEC-2024 19:37:19 22-DEC-2024 19:37:21 NO
	20 22-DEC-2024 19:37:21 22-DEC-2024 19:37:22 YES
	20 22-DEC-2024 19:37:21 22-DEC-2024 19:37:22 NO
	21 22-DEC-2024 19:37:22 22-DEC-2024 19:45:55 NO
	21 22-DEC-2024 19:37:22 22-DEC-2024 19:45:55 YES
	22 22-DEC-2024 19:45:55 22-DEC-2024 19:45:55 NO
	22 22-DEC-2024 19:45:55 22-DEC-2024 19:45:55 YES
	23 22-DEC-2024 19:45:55 22-DEC-2024 19:45:57 NO
	23 22-DEC-2024 19:45:55 22-DEC-2024 19:45:57 YES
	24 22-DEC-2024 19:45:57 22-DEC-2024 19:45:59 NO
	24 22-DEC-2024 19:45:57 22-DEC-2024 19:45:59 YES
	25 22-DEC-2024 19:45:59 22-DEC-2024 19:46:01 NO
	25 22-DEC-2024 19:45:59 22-DEC-2024 19:46:01 YES
	26 22-DEC-2024 19:46:01 22-DEC-2024 19:46:02 NO
	26 22-DEC-2024 19:46:01 22-DEC-2024 19:46:02 YES
	27 22-DEC-2024 19:46:02 22-DEC-2024 19:46:18 NO
	27 22-DEC-2024 19:46:02 22-DEC-2024 19:46:18 YES
	28 22-DEC-2024 19:46:18 22-DEC-2024 19:46:19 NO
	28 22-DEC-2024 19:46:18 22-DEC-2024 19:46:19 YES
	29 22-DEC-2024 19:46:19 22-DEC-2024 19:46:20 NO
	29 22-DEC-2024 19:46:19 22-DEC-2024 19:46:20 YES

41 rows selected.

SQL> set lines 300 pages 300;
col DB_UNIQUE_NAME for a10;
select name,db_unique_name,open_mode,DATABASE_ROLE,PROTECTION_MODE,SWITCHOVER#,SWITCHOVER_status,current_scn from v$database;SQL> SQL> 

NAME	  DB_UNIQUE_ OPEN_MODE		  DATABASE_ROLE    PROTECTION_MODE	SWITCHOVER# SWITCHOVER_STATUS	 CURRENT_SCN
--------- ---------- -------------------- ---------------- -------------------- ----------- -------------------- -----------
PRODDB	  proddb     READ WRITE 	  PRIMARY	   MAXIMUM PERFORMANCE	  928419166 TO STANDBY		     2305054

SQL> archive log list 
Database log mode	       Archive Mode
Automatic archival	       Enabled
Archive destination	       USE_DB_RECOVERY_FILE_DEST
Oldest online log sequence     28
Next log sequence to archive   30
Current log sequence	       30
SQL> alter system switch logfile;

System altered.

SQL> /

System altered.

SQL> /
/
/

System altered.

SQL> 
System altered.

SQL> 

System altered.

SQL> SQL> 
SQL> 
SQL> archive log list
Database log mode	       Archive Mode
Automatic archival	       Enabled
Archive destination	       USE_DB_RECOVERY_FILE_DEST
Oldest online log sequence     33
Next log sequence to archive   35
Current log sequence	       35
SQL> set lines 300 pages 300;
SELECT sequence#, first_time, next_time, applied FROM v$archived_log ORDER BY sequence#;SQL> 

 SEQUENCE# FIRST_TIME		NEXT_TIME	     APPLIED
---------- -------------------- -------------------- ---------
	 8 22-DEC-2024 18:38:30 22-DEC-2024 18:45:20 NO
	 9 22-DEC-2024 18:45:20 22-DEC-2024 18:49:34 NO
	10 22-DEC-2024 18:49:34 22-DEC-2024 18:49:50 NO
	11 22-DEC-2024 18:49:50 22-DEC-2024 19:34:17 NO
	11 22-DEC-2024 18:49:50 22-DEC-2024 19:34:17 YES
	12 22-DEC-2024 19:34:17 22-DEC-2024 19:37:06 YES
	12 22-DEC-2024 19:34:17 22-DEC-2024 19:37:06 NO
	13 22-DEC-2024 19:37:06 22-DEC-2024 19:37:10 NO
	13 22-DEC-2024 19:37:06 22-DEC-2024 19:37:10 YES
	14 22-DEC-2024 19:37:10 22-DEC-2024 19:37:13 NO
	14 22-DEC-2024 19:37:10 22-DEC-2024 19:37:13 YES
	15 22-DEC-2024 19:37:13 22-DEC-2024 19:37:13 NO
	15 22-DEC-2024 19:37:13 22-DEC-2024 19:37:13 YES
	16 22-DEC-2024 19:37:13 22-DEC-2024 19:37:18 NO
	16 22-DEC-2024 19:37:13 22-DEC-2024 19:37:18 YES
	17 22-DEC-2024 19:37:18 22-DEC-2024 19:37:19 NO
	17 22-DEC-2024 19:37:18 22-DEC-2024 19:37:19 YES
	18 22-DEC-2024 19:37:19 22-DEC-2024 19:37:19 YES
	18 22-DEC-2024 19:37:19 22-DEC-2024 19:37:19 NO
	19 22-DEC-2024 19:37:19 22-DEC-2024 19:37:21 NO
	19 22-DEC-2024 19:37:19 22-DEC-2024 19:37:21 YES
	20 22-DEC-2024 19:37:21 22-DEC-2024 19:37:22 YES
	20 22-DEC-2024 19:37:21 22-DEC-2024 19:37:22 NO
	21 22-DEC-2024 19:37:22 22-DEC-2024 19:45:55 YES
	21 22-DEC-2024 19:37:22 22-DEC-2024 19:45:55 NO
	22 22-DEC-2024 19:45:55 22-DEC-2024 19:45:55 NO
	22 22-DEC-2024 19:45:55 22-DEC-2024 19:45:55 YES
	23 22-DEC-2024 19:45:55 22-DEC-2024 19:45:57 NO
	23 22-DEC-2024 19:45:55 22-DEC-2024 19:45:57 YES
	24 22-DEC-2024 19:45:57 22-DEC-2024 19:45:59 NO
	24 22-DEC-2024 19:45:57 22-DEC-2024 19:45:59 YES
	25 22-DEC-2024 19:45:59 22-DEC-2024 19:46:01 NO
	25 22-DEC-2024 19:45:59 22-DEC-2024 19:46:01 YES
	26 22-DEC-2024 19:46:01 22-DEC-2024 19:46:02 NO
	26 22-DEC-2024 19:46:01 22-DEC-2024 19:46:02 YES
	27 22-DEC-2024 19:46:02 22-DEC-2024 19:46:18 NO
	27 22-DEC-2024 19:46:02 22-DEC-2024 19:46:18 YES
	28 22-DEC-2024 19:46:18 22-DEC-2024 19:46:19 NO
	28 22-DEC-2024 19:46:18 22-DEC-2024 19:46:19 YES
	29 22-DEC-2024 19:46:19 22-DEC-2024 19:46:20 NO
	29 22-DEC-2024 19:46:19 22-DEC-2024 19:46:20 YES
	30 22-DEC-2024 19:46:20 22-DEC-2024 21:09:37 NO
	30 22-DEC-2024 19:46:20 22-DEC-2024 21:09:37 YES
	31 22-DEC-2024 21:09:37 22-DEC-2024 21:09:40 NO
	31 22-DEC-2024 21:09:37 22-DEC-2024 21:09:40 NO
	32 22-DEC-2024 21:09:40 22-DEC-2024 21:09:42 NO
	32 22-DEC-2024 21:09:40 22-DEC-2024 21:09:42 NO
	33 22-DEC-2024 21:09:42 22-DEC-2024 21:09:42 NO
	33 22-DEC-2024 21:09:42 22-DEC-2024 21:09:42 NO
	34 22-DEC-2024 21:09:42 22-DEC-2024 21:09:45 NO
	34 22-DEC-2024 21:09:42 22-DEC-2024 21:09:45 NO

51 rows selected.

SQL> select process,status from v$managed_standby;

PROCESS   STATUS
--------- ------------
ARCH	  CLOSING
DGRD	  ALLOCATED
DGRD	  ALLOCATED
ARCH	  CLOSING
ARCH	  CLOSING
ARCH	  CLOSING
DGRD	  ALLOCATED
LNS	  WRITING
DGRD	  ALLOCATED

9 rows selected.

SQL> SELECT sequence#, first_time, next_time, applied FROM v$archived_log ORDER BY sequence#;

 SEQUENCE# FIRST_TIME		NEXT_TIME	     APPLIED
---------- -------------------- -------------------- ---------
	 8 22-DEC-2024 18:38:30 22-DEC-2024 18:45:20 NO
	 9 22-DEC-2024 18:45:20 22-DEC-2024 18:49:34 NO
	10 22-DEC-2024 18:49:34 22-DEC-2024 18:49:50 NO
	11 22-DEC-2024 18:49:50 22-DEC-2024 19:34:17 NO
	11 22-DEC-2024 18:49:50 22-DEC-2024 19:34:17 YES
	12 22-DEC-2024 19:34:17 22-DEC-2024 19:37:06 YES
	12 22-DEC-2024 19:34:17 22-DEC-2024 19:37:06 NO
	13 22-DEC-2024 19:37:06 22-DEC-2024 19:37:10 NO
	13 22-DEC-2024 19:37:06 22-DEC-2024 19:37:10 YES
	14 22-DEC-2024 19:37:10 22-DEC-2024 19:37:13 NO
	14 22-DEC-2024 19:37:10 22-DEC-2024 19:37:13 YES
	15 22-DEC-2024 19:37:13 22-DEC-2024 19:37:13 NO
	15 22-DEC-2024 19:37:13 22-DEC-2024 19:37:13 YES
	16 22-DEC-2024 19:37:13 22-DEC-2024 19:37:18 NO
	16 22-DEC-2024 19:37:13 22-DEC-2024 19:37:18 YES
	17 22-DEC-2024 19:37:18 22-DEC-2024 19:37:19 NO
	17 22-DEC-2024 19:37:18 22-DEC-2024 19:37:19 YES
	18 22-DEC-2024 19:37:19 22-DEC-2024 19:37:19 YES
	18 22-DEC-2024 19:37:19 22-DEC-2024 19:37:19 NO
	19 22-DEC-2024 19:37:19 22-DEC-2024 19:37:21 NO
	19 22-DEC-2024 19:37:19 22-DEC-2024 19:37:21 YES
	20 22-DEC-2024 19:37:21 22-DEC-2024 19:37:22 YES
	20 22-DEC-2024 19:37:21 22-DEC-2024 19:37:22 NO
	21 22-DEC-2024 19:37:22 22-DEC-2024 19:45:55 YES
	21 22-DEC-2024 19:37:22 22-DEC-2024 19:45:55 NO
	22 22-DEC-2024 19:45:55 22-DEC-2024 19:45:55 NO
	22 22-DEC-2024 19:45:55 22-DEC-2024 19:45:55 YES
	23 22-DEC-2024 19:45:55 22-DEC-2024 19:45:57 NO
	23 22-DEC-2024 19:45:55 22-DEC-2024 19:45:57 YES
	24 22-DEC-2024 19:45:57 22-DEC-2024 19:45:59 NO
	24 22-DEC-2024 19:45:57 22-DEC-2024 19:45:59 YES
	25 22-DEC-2024 19:45:59 22-DEC-2024 19:46:01 NO
	25 22-DEC-2024 19:45:59 22-DEC-2024 19:46:01 YES
	26 22-DEC-2024 19:46:01 22-DEC-2024 19:46:02 NO
	26 22-DEC-2024 19:46:01 22-DEC-2024 19:46:02 YES
	27 22-DEC-2024 19:46:02 22-DEC-2024 19:46:18 NO
	27 22-DEC-2024 19:46:02 22-DEC-2024 19:46:18 YES
	28 22-DEC-2024 19:46:18 22-DEC-2024 19:46:19 NO
	28 22-DEC-2024 19:46:18 22-DEC-2024 19:46:19 YES
	29 22-DEC-2024 19:46:19 22-DEC-2024 19:46:20 NO
	29 22-DEC-2024 19:46:19 22-DEC-2024 19:46:20 YES
	30 22-DEC-2024 19:46:20 22-DEC-2024 21:09:37 NO
	30 22-DEC-2024 19:46:20 22-DEC-2024 21:09:37 YES
	31 22-DEC-2024 21:09:37 22-DEC-2024 21:09:40 NO
	31 22-DEC-2024 21:09:37 22-DEC-2024 21:09:40 YES
	32 22-DEC-2024 21:09:40 22-DEC-2024 21:09:42 NO
	32 22-DEC-2024 21:09:40 22-DEC-2024 21:09:42 YES
	33 22-DEC-2024 21:09:42 22-DEC-2024 21:09:42 NO
	33 22-DEC-2024 21:09:42 22-DEC-2024 21:09:42 YES
	34 22-DEC-2024 21:09:42 22-DEC-2024 21:09:45 NO
	34 22-DEC-2024 21:09:42 22-DEC-2024 21:09:45 NO

51 rows selected.

SQL> archive log list
Database log mode	       Archive Mode
Automatic archival	       Enabled
Archive destination	       USE_DB_RECOVERY_FILE_DEST
Oldest online log sequence     33
Next log sequence to archive   35
Current log sequence	       35
SQL> set lines 200
col DESTINATION for a30
col ERROR for a50
select DESTINATION,TYPE,ARCHIVED_THREAD#,APPLIED_SEQ#,ARCHIVED_SEQ#,GAP_STATUS,error from v$archive_dest_status where DEST_ID=2;SQL> SQL> SQL> 

DESTINATION		       TYPE		ARCHIVED_THREAD# APPLIED_SEQ# ARCHIVED_SEQ# GAP_STATUS		     ERROR
------------------------------ ---------------- ---------------- ------------ ------------- ------------------------ --------------------------------------------------
to_proddbs		       PHYSICAL 		       1	   33		 34 NO GAP

SQL> alter system set log_archive_dest_state_2=DEFER scope=both sid='*';

System altered.

SQL> SELECT sequence#, first_time, next_time, applied FROM v$archived_log ORDER BY sequence#;

 SEQUENCE# FIRST_TIME		NEXT_TIME	     APPLIED
---------- -------------------- -------------------- ---------
	 8 22-DEC-2024 18:38:30 22-DEC-2024 18:45:20 NO
	 9 22-DEC-2024 18:45:20 22-DEC-2024 18:49:34 NO
	10 22-DEC-2024 18:49:34 22-DEC-2024 18:49:50 NO
	11 22-DEC-2024 18:49:50 22-DEC-2024 19:34:17 NO
	11 22-DEC-2024 18:49:50 22-DEC-2024 19:34:17 YES
	12 22-DEC-2024 19:34:17 22-DEC-2024 19:37:06 YES
	12 22-DEC-2024 19:34:17 22-DEC-2024 19:37:06 NO
	13 22-DEC-2024 19:37:06 22-DEC-2024 19:37:10 NO
	13 22-DEC-2024 19:37:06 22-DEC-2024 19:37:10 YES
	14 22-DEC-2024 19:37:10 22-DEC-2024 19:37:13 NO
	14 22-DEC-2024 19:37:10 22-DEC-2024 19:37:13 YES
	15 22-DEC-2024 19:37:13 22-DEC-2024 19:37:13 NO
	15 22-DEC-2024 19:37:13 22-DEC-2024 19:37:13 YES
	16 22-DEC-2024 19:37:13 22-DEC-2024 19:37:18 NO
	16 22-DEC-2024 19:37:13 22-DEC-2024 19:37:18 YES
	17 22-DEC-2024 19:37:18 22-DEC-2024 19:37:19 NO
	17 22-DEC-2024 19:37:18 22-DEC-2024 19:37:19 YES
	18 22-DEC-2024 19:37:19 22-DEC-2024 19:37:19 YES
	18 22-DEC-2024 19:37:19 22-DEC-2024 19:37:19 NO
	19 22-DEC-2024 19:37:19 22-DEC-2024 19:37:21 NO
	19 22-DEC-2024 19:37:19 22-DEC-2024 19:37:21 YES
	20 22-DEC-2024 19:37:21 22-DEC-2024 19:37:22 YES
	20 22-DEC-2024 19:37:21 22-DEC-2024 19:37:22 NO
	21 22-DEC-2024 19:37:22 22-DEC-2024 19:45:55 YES
	21 22-DEC-2024 19:37:22 22-DEC-2024 19:45:55 NO
	22 22-DEC-2024 19:45:55 22-DEC-2024 19:45:55 NO
	22 22-DEC-2024 19:45:55 22-DEC-2024 19:45:55 YES
	23 22-DEC-2024 19:45:55 22-DEC-2024 19:45:57 NO
	23 22-DEC-2024 19:45:55 22-DEC-2024 19:45:57 YES
	24 22-DEC-2024 19:45:57 22-DEC-2024 19:45:59 NO
	24 22-DEC-2024 19:45:57 22-DEC-2024 19:45:59 YES
	25 22-DEC-2024 19:45:59 22-DEC-2024 19:46:01 NO
	25 22-DEC-2024 19:45:59 22-DEC-2024 19:46:01 YES
	26 22-DEC-2024 19:46:01 22-DEC-2024 19:46:02 NO
	26 22-DEC-2024 19:46:01 22-DEC-2024 19:46:02 YES
	27 22-DEC-2024 19:46:02 22-DEC-2024 19:46:18 NO
	27 22-DEC-2024 19:46:02 22-DEC-2024 19:46:18 YES
	28 22-DEC-2024 19:46:18 22-DEC-2024 19:46:19 NO
	28 22-DEC-2024 19:46:18 22-DEC-2024 19:46:19 YES
	29 22-DEC-2024 19:46:19 22-DEC-2024 19:46:20 NO
	29 22-DEC-2024 19:46:19 22-DEC-2024 19:46:20 YES
	30 22-DEC-2024 19:46:20 22-DEC-2024 21:09:37 NO
	30 22-DEC-2024 19:46:20 22-DEC-2024 21:09:37 YES
	31 22-DEC-2024 21:09:37 22-DEC-2024 21:09:40 NO
	31 22-DEC-2024 21:09:37 22-DEC-2024 21:09:40 YES
	32 22-DEC-2024 21:09:40 22-DEC-2024 21:09:42 NO
	32 22-DEC-2024 21:09:40 22-DEC-2024 21:09:42 YES
	33 22-DEC-2024 21:09:42 22-DEC-2024 21:09:42 NO
	33 22-DEC-2024 21:09:42 22-DEC-2024 21:09:42 YES
	34 22-DEC-2024 21:09:42 22-DEC-2024 21:09:45 NO
	34 22-DEC-2024 21:09:42 22-DEC-2024 21:09:45 YES

51 rows selected.

SQL> alter system set log_archive_dest_state_2=enable scope=both sid='*';

System altered.

SQL> SELECT sequence#, first_time, next_time, applied FROM v$archived_log ORDER BY sequence#;

 SEQUENCE# FIRST_TIME		NEXT_TIME	     APPLIED
---------- -------------------- -------------------- ---------
	 8 22-DEC-2024 18:38:30 22-DEC-2024 18:45:20 NO
	 9 22-DEC-2024 18:45:20 22-DEC-2024 18:49:34 NO
	10 22-DEC-2024 18:49:34 22-DEC-2024 18:49:50 NO
	11 22-DEC-2024 18:49:50 22-DEC-2024 19:34:17 NO
	11 22-DEC-2024 18:49:50 22-DEC-2024 19:34:17 YES
	12 22-DEC-2024 19:34:17 22-DEC-2024 19:37:06 YES
	12 22-DEC-2024 19:34:17 22-DEC-2024 19:37:06 NO
	13 22-DEC-2024 19:37:06 22-DEC-2024 19:37:10 NO
	13 22-DEC-2024 19:37:06 22-DEC-2024 19:37:10 YES
	14 22-DEC-2024 19:37:10 22-DEC-2024 19:37:13 NO
	14 22-DEC-2024 19:37:10 22-DEC-2024 19:37:13 YES
	15 22-DEC-2024 19:37:13 22-DEC-2024 19:37:13 NO
	15 22-DEC-2024 19:37:13 22-DEC-2024 19:37:13 YES
	16 22-DEC-2024 19:37:13 22-DEC-2024 19:37:18 NO
	16 22-DEC-2024 19:37:13 22-DEC-2024 19:37:18 YES
	17 22-DEC-2024 19:37:18 22-DEC-2024 19:37:19 NO
	17 22-DEC-2024 19:37:18 22-DEC-2024 19:37:19 YES
	18 22-DEC-2024 19:37:19 22-DEC-2024 19:37:19 YES
	18 22-DEC-2024 19:37:19 22-DEC-2024 19:37:19 NO
	19 22-DEC-2024 19:37:19 22-DEC-2024 19:37:21 NO
	19 22-DEC-2024 19:37:19 22-DEC-2024 19:37:21 YES
	20 22-DEC-2024 19:37:21 22-DEC-2024 19:37:22 YES
	20 22-DEC-2024 19:37:21 22-DEC-2024 19:37:22 NO
	21 22-DEC-2024 19:37:22 22-DEC-2024 19:45:55 YES
	21 22-DEC-2024 19:37:22 22-DEC-2024 19:45:55 NO
	22 22-DEC-2024 19:45:55 22-DEC-2024 19:45:55 NO
	22 22-DEC-2024 19:45:55 22-DEC-2024 19:45:55 YES
	23 22-DEC-2024 19:45:55 22-DEC-2024 19:45:57 NO
	23 22-DEC-2024 19:45:55 22-DEC-2024 19:45:57 YES
	24 22-DEC-2024 19:45:57 22-DEC-2024 19:45:59 NO
	24 22-DEC-2024 19:45:57 22-DEC-2024 19:45:59 YES
	25 22-DEC-2024 19:45:59 22-DEC-2024 19:46:01 NO
	25 22-DEC-2024 19:45:59 22-DEC-2024 19:46:01 YES
	26 22-DEC-2024 19:46:01 22-DEC-2024 19:46:02 NO
	26 22-DEC-2024 19:46:01 22-DEC-2024 19:46:02 YES
	27 22-DEC-2024 19:46:02 22-DEC-2024 19:46:18 NO
	27 22-DEC-2024 19:46:02 22-DEC-2024 19:46:18 YES
	28 22-DEC-2024 19:46:18 22-DEC-2024 19:46:19 NO
	28 22-DEC-2024 19:46:18 22-DEC-2024 19:46:19 YES
	29 22-DEC-2024 19:46:19 22-DEC-2024 19:46:20 NO
	29 22-DEC-2024 19:46:19 22-DEC-2024 19:46:20 YES
	30 22-DEC-2024 19:46:20 22-DEC-2024 21:09:37 NO
	30 22-DEC-2024 19:46:20 22-DEC-2024 21:09:37 YES
	31 22-DEC-2024 21:09:37 22-DEC-2024 21:09:40 NO
	31 22-DEC-2024 21:09:37 22-DEC-2024 21:09:40 YES
	32 22-DEC-2024 21:09:40 22-DEC-2024 21:09:42 NO
	32 22-DEC-2024 21:09:40 22-DEC-2024 21:09:42 YES
	33 22-DEC-2024 21:09:42 22-DEC-2024 21:09:42 NO
	33 22-DEC-2024 21:09:42 22-DEC-2024 21:09:42 YES
	34 22-DEC-2024 21:09:42 22-DEC-2024 21:09:45 NO
	34 22-DEC-2024 21:09:42 22-DEC-2024 21:09:45 YES

51 rows selected.

SQL> alter system set log_archive_dest_state_2=DEFER scope=both sid='*';
alter system set log_archive_dest_state_2=enable scope=both sid='*';
System altered.

SQL> 

System altered.

SQL> SELECT sequence#, first_time, next_time, applied FROM v$archived_log ORDER BY sequence#;

 SEQUENCE# FIRST_TIME		NEXT_TIME	     APPLIED
---------- -------------------- -------------------- ---------
	 8 22-DEC-2024 18:38:30 22-DEC-2024 18:45:20 NO
	 9 22-DEC-2024 18:45:20 22-DEC-2024 18:49:34 NO
	10 22-DEC-2024 18:49:34 22-DEC-2024 18:49:50 NO
	11 22-DEC-2024 18:49:50 22-DEC-2024 19:34:17 NO
	11 22-DEC-2024 18:49:50 22-DEC-2024 19:34:17 YES
	12 22-DEC-2024 19:34:17 22-DEC-2024 19:37:06 YES
	12 22-DEC-2024 19:34:17 22-DEC-2024 19:37:06 NO
	13 22-DEC-2024 19:37:06 22-DEC-2024 19:37:10 NO
	13 22-DEC-2024 19:37:06 22-DEC-2024 19:37:10 YES
	14 22-DEC-2024 19:37:10 22-DEC-2024 19:37:13 NO
	14 22-DEC-2024 19:37:10 22-DEC-2024 19:37:13 YES
	15 22-DEC-2024 19:37:13 22-DEC-2024 19:37:13 NO
	15 22-DEC-2024 19:37:13 22-DEC-2024 19:37:13 YES
	16 22-DEC-2024 19:37:13 22-DEC-2024 19:37:18 NO
	16 22-DEC-2024 19:37:13 22-DEC-2024 19:37:18 YES
	17 22-DEC-2024 19:37:18 22-DEC-2024 19:37:19 NO
	17 22-DEC-2024 19:37:18 22-DEC-2024 19:37:19 YES
	18 22-DEC-2024 19:37:19 22-DEC-2024 19:37:19 YES
	18 22-DEC-2024 19:37:19 22-DEC-2024 19:37:19 NO
	19 22-DEC-2024 19:37:19 22-DEC-2024 19:37:21 NO
	19 22-DEC-2024 19:37:19 22-DEC-2024 19:37:21 YES
	20 22-DEC-2024 19:37:21 22-DEC-2024 19:37:22 YES
	20 22-DEC-2024 19:37:21 22-DEC-2024 19:37:22 NO
	21 22-DEC-2024 19:37:22 22-DEC-2024 19:45:55 YES
	21 22-DEC-2024 19:37:22 22-DEC-2024 19:45:55 NO
	22 22-DEC-2024 19:45:55 22-DEC-2024 19:45:55 NO
	22 22-DEC-2024 19:45:55 22-DEC-2024 19:45:55 YES
	23 22-DEC-2024 19:45:55 22-DEC-2024 19:45:57 NO
	23 22-DEC-2024 19:45:55 22-DEC-2024 19:45:57 YES
	24 22-DEC-2024 19:45:57 22-DEC-2024 19:45:59 NO
	24 22-DEC-2024 19:45:57 22-DEC-2024 19:45:59 YES
	25 22-DEC-2024 19:45:59 22-DEC-2024 19:46:01 NO
	25 22-DEC-2024 19:45:59 22-DEC-2024 19:46:01 YES
	26 22-DEC-2024 19:46:01 22-DEC-2024 19:46:02 NO
	26 22-DEC-2024 19:46:01 22-DEC-2024 19:46:02 YES
	27 22-DEC-2024 19:46:02 22-DEC-2024 19:46:18 NO
	27 22-DEC-2024 19:46:02 22-DEC-2024 19:46:18 YES
	28 22-DEC-2024 19:46:18 22-DEC-2024 19:46:19 NO
	28 22-DEC-2024 19:46:18 22-DEC-2024 19:46:19 YES
	29 22-DEC-2024 19:46:19 22-DEC-2024 19:46:20 NO
	29 22-DEC-2024 19:46:19 22-DEC-2024 19:46:20 YES
	30 22-DEC-2024 19:46:20 22-DEC-2024 21:09:37 NO
	30 22-DEC-2024 19:46:20 22-DEC-2024 21:09:37 YES
	31 22-DEC-2024 21:09:37 22-DEC-2024 21:09:40 NO
	31 22-DEC-2024 21:09:37 22-DEC-2024 21:09:40 YES
	32 22-DEC-2024 21:09:40 22-DEC-2024 21:09:42 NO
	32 22-DEC-2024 21:09:40 22-DEC-2024 21:09:42 YES
	33 22-DEC-2024 21:09:42 22-DEC-2024 21:09:42 NO
	33 22-DEC-2024 21:09:42 22-DEC-2024 21:09:42 YES
	34 22-DEC-2024 21:09:42 22-DEC-2024 21:09:45 NO
	34 22-DEC-2024 21:09:42 22-DEC-2024 21:09:45 YES

51 rows selected.

SQL> alter system switch logfile;

System altered.

SQL> /

System altered.

SQL> /

System altered.

SQL> /

System altered.

SQL> /

System altered.

SQL> archive log list
Database log mode	       Archive Mode
Automatic archival	       Enabled
Archive destination	       USE_DB_RECOVERY_FILE_DEST
Oldest online log sequence     38
Next log sequence to archive   40
Current log sequence	       40
SQL> SELECT sequence#, first_time, next_time, applied FROM v$archived_log ORDER BY sequence#;

 SEQUENCE# FIRST_TIME		NEXT_TIME	     APPLIED
---------- -------------------- -------------------- ---------
	 8 22-DEC-2024 18:38:30 22-DEC-2024 18:45:20 NO
	 9 22-DEC-2024 18:45:20 22-DEC-2024 18:49:34 NO
	10 22-DEC-2024 18:49:34 22-DEC-2024 18:49:50 NO
	11 22-DEC-2024 18:49:50 22-DEC-2024 19:34:17 YES
	11 22-DEC-2024 18:49:50 22-DEC-2024 19:34:17 NO
	12 22-DEC-2024 19:34:17 22-DEC-2024 19:37:06 YES
	12 22-DEC-2024 19:34:17 22-DEC-2024 19:37:06 NO
	13 22-DEC-2024 19:37:06 22-DEC-2024 19:37:10 NO
	13 22-DEC-2024 19:37:06 22-DEC-2024 19:37:10 YES
	14 22-DEC-2024 19:37:10 22-DEC-2024 19:37:13 NO
	14 22-DEC-2024 19:37:10 22-DEC-2024 19:37:13 YES
	15 22-DEC-2024 19:37:13 22-DEC-2024 19:37:13 NO
	15 22-DEC-2024 19:37:13 22-DEC-2024 19:37:13 YES
	16 22-DEC-2024 19:37:13 22-DEC-2024 19:37:18 NO
	16 22-DEC-2024 19:37:13 22-DEC-2024 19:37:18 YES
	17 22-DEC-2024 19:37:18 22-DEC-2024 19:37:19 NO
	17 22-DEC-2024 19:37:18 22-DEC-2024 19:37:19 YES
	18 22-DEC-2024 19:37:19 22-DEC-2024 19:37:19 YES
	18 22-DEC-2024 19:37:19 22-DEC-2024 19:37:19 NO
	19 22-DEC-2024 19:37:19 22-DEC-2024 19:37:21 NO
	19 22-DEC-2024 19:37:19 22-DEC-2024 19:37:21 YES
	20 22-DEC-2024 19:37:21 22-DEC-2024 19:37:22 NO
	20 22-DEC-2024 19:37:21 22-DEC-2024 19:37:22 YES
	21 22-DEC-2024 19:37:22 22-DEC-2024 19:45:55 NO
	21 22-DEC-2024 19:37:22 22-DEC-2024 19:45:55 YES
	22 22-DEC-2024 19:45:55 22-DEC-2024 19:45:55 NO
	22 22-DEC-2024 19:45:55 22-DEC-2024 19:45:55 YES
	23 22-DEC-2024 19:45:55 22-DEC-2024 19:45:57 NO
	23 22-DEC-2024 19:45:55 22-DEC-2024 19:45:57 YES
	24 22-DEC-2024 19:45:57 22-DEC-2024 19:45:59 NO
	24 22-DEC-2024 19:45:57 22-DEC-2024 19:45:59 YES
	25 22-DEC-2024 19:45:59 22-DEC-2024 19:46:01 NO
	25 22-DEC-2024 19:45:59 22-DEC-2024 19:46:01 YES
	26 22-DEC-2024 19:46:01 22-DEC-2024 19:46:02 NO
	26 22-DEC-2024 19:46:01 22-DEC-2024 19:46:02 YES
	27 22-DEC-2024 19:46:02 22-DEC-2024 19:46:18 NO
	27 22-DEC-2024 19:46:02 22-DEC-2024 19:46:18 YES
	28 22-DEC-2024 19:46:18 22-DEC-2024 19:46:19 NO
	28 22-DEC-2024 19:46:18 22-DEC-2024 19:46:19 YES
	29 22-DEC-2024 19:46:19 22-DEC-2024 19:46:20 NO
	29 22-DEC-2024 19:46:19 22-DEC-2024 19:46:20 YES
	30 22-DEC-2024 19:46:20 22-DEC-2024 21:09:37 NO
	30 22-DEC-2024 19:46:20 22-DEC-2024 21:09:37 YES
	31 22-DEC-2024 21:09:37 22-DEC-2024 21:09:40 NO
	31 22-DEC-2024 21:09:37 22-DEC-2024 21:09:40 YES
	32 22-DEC-2024 21:09:40 22-DEC-2024 21:09:42 NO
	32 22-DEC-2024 21:09:40 22-DEC-2024 21:09:42 YES
	33 22-DEC-2024 21:09:42 22-DEC-2024 21:09:42 YES
	33 22-DEC-2024 21:09:42 22-DEC-2024 21:09:42 NO
	34 22-DEC-2024 21:09:42 22-DEC-2024 21:09:45 NO
	34 22-DEC-2024 21:09:42 22-DEC-2024 21:09:45 YES
	35 22-DEC-2024 21:09:45 22-DEC-2024 21:19:10 NO
	35 22-DEC-2024 21:09:45 22-DEC-2024 21:19:10 NO
	36 22-DEC-2024 21:19:10 22-DEC-2024 21:19:11 NO
	36 22-DEC-2024 21:19:10 22-DEC-2024 21:19:11 NO
	37 22-DEC-2024 21:19:11 22-DEC-2024 21:19:14 NO
	37 22-DEC-2024 21:19:11 22-DEC-2024 21:19:14 NO
	38 22-DEC-2024 21:19:14 22-DEC-2024 21:19:15 NO
	38 22-DEC-2024 21:19:14 22-DEC-2024 21:19:15 NO
	39 22-DEC-2024 21:19:15 22-DEC-2024 21:19:16 NO
	39 22-DEC-2024 21:19:15 22-DEC-2024 21:19:16 NO

61 rows selected.

SQL> archive log list
Database log mode	       Archive Mode
Automatic archival	       Enabled
Archive destination	       USE_DB_RECOVERY_FILE_DEST
Oldest online log sequence     38
Next log sequence to archive   40
Current log sequence	       40
SQL> SELECT sequence#, first_time, next_time, applied FROM v$archived_log ORDER BY sequence#;

 SEQUENCE# FIRST_TIME		NEXT_TIME	     APPLIED
---------- -------------------- -------------------- ---------
	 8 22-DEC-2024 18:38:30 22-DEC-2024 18:45:20 NO
	 9 22-DEC-2024 18:45:20 22-DEC-2024 18:49:34 NO
	10 22-DEC-2024 18:49:34 22-DEC-2024 18:49:50 NO
	11 22-DEC-2024 18:49:50 22-DEC-2024 19:34:17 YES
	11 22-DEC-2024 18:49:50 22-DEC-2024 19:34:17 NO
	12 22-DEC-2024 19:34:17 22-DEC-2024 19:37:06 YES
	12 22-DEC-2024 19:34:17 22-DEC-2024 19:37:06 NO
	13 22-DEC-2024 19:37:06 22-DEC-2024 19:37:10 NO
	13 22-DEC-2024 19:37:06 22-DEC-2024 19:37:10 YES
	14 22-DEC-2024 19:37:10 22-DEC-2024 19:37:13 NO
	14 22-DEC-2024 19:37:10 22-DEC-2024 19:37:13 YES
	15 22-DEC-2024 19:37:13 22-DEC-2024 19:37:13 NO
	15 22-DEC-2024 19:37:13 22-DEC-2024 19:37:13 YES
	16 22-DEC-2024 19:37:13 22-DEC-2024 19:37:18 NO
	16 22-DEC-2024 19:37:13 22-DEC-2024 19:37:18 YES
	17 22-DEC-2024 19:37:18 22-DEC-2024 19:37:19 NO
	17 22-DEC-2024 19:37:18 22-DEC-2024 19:37:19 YES
	18 22-DEC-2024 19:37:19 22-DEC-2024 19:37:19 YES
	18 22-DEC-2024 19:37:19 22-DEC-2024 19:37:19 NO
	19 22-DEC-2024 19:37:19 22-DEC-2024 19:37:21 NO
	19 22-DEC-2024 19:37:19 22-DEC-2024 19:37:21 YES
	20 22-DEC-2024 19:37:21 22-DEC-2024 19:37:22 NO
	20 22-DEC-2024 19:37:21 22-DEC-2024 19:37:22 YES
	21 22-DEC-2024 19:37:22 22-DEC-2024 19:45:55 NO
	21 22-DEC-2024 19:37:22 22-DEC-2024 19:45:55 YES
	22 22-DEC-2024 19:45:55 22-DEC-2024 19:45:55 NO
	22 22-DEC-2024 19:45:55 22-DEC-2024 19:45:55 YES
	23 22-DEC-2024 19:45:55 22-DEC-2024 19:45:57 NO
	23 22-DEC-2024 19:45:55 22-DEC-2024 19:45:57 YES
	24 22-DEC-2024 19:45:57 22-DEC-2024 19:45:59 NO
	24 22-DEC-2024 19:45:57 22-DEC-2024 19:45:59 YES
	25 22-DEC-2024 19:45:59 22-DEC-2024 19:46:01 NO
	25 22-DEC-2024 19:45:59 22-DEC-2024 19:46:01 YES
	26 22-DEC-2024 19:46:01 22-DEC-2024 19:46:02 NO
	26 22-DEC-2024 19:46:01 22-DEC-2024 19:46:02 YES
	27 22-DEC-2024 19:46:02 22-DEC-2024 19:46:18 NO
	27 22-DEC-2024 19:46:02 22-DEC-2024 19:46:18 YES
	28 22-DEC-2024 19:46:18 22-DEC-2024 19:46:19 NO
	28 22-DEC-2024 19:46:18 22-DEC-2024 19:46:19 YES
	29 22-DEC-2024 19:46:19 22-DEC-2024 19:46:20 NO
	29 22-DEC-2024 19:46:19 22-DEC-2024 19:46:20 YES
	30 22-DEC-2024 19:46:20 22-DEC-2024 21:09:37 NO
	30 22-DEC-2024 19:46:20 22-DEC-2024 21:09:37 YES
	31 22-DEC-2024 21:09:37 22-DEC-2024 21:09:40 NO
	31 22-DEC-2024 21:09:37 22-DEC-2024 21:09:40 YES
	32 22-DEC-2024 21:09:40 22-DEC-2024 21:09:42 NO
	32 22-DEC-2024 21:09:40 22-DEC-2024 21:09:42 YES
	33 22-DEC-2024 21:09:42 22-DEC-2024 21:09:42 YES
	33 22-DEC-2024 21:09:42 22-DEC-2024 21:09:42 NO
	34 22-DEC-2024 21:09:42 22-DEC-2024 21:09:45 NO
	34 22-DEC-2024 21:09:42 22-DEC-2024 21:09:45 YES
	35 22-DEC-2024 21:09:45 22-DEC-2024 21:19:10 NO
	35 22-DEC-2024 21:09:45 22-DEC-2024 21:19:10 YES
	36 22-DEC-2024 21:19:10 22-DEC-2024 21:19:11 NO
	36 22-DEC-2024 21:19:10 22-DEC-2024 21:19:11 YES
	37 22-DEC-2024 21:19:11 22-DEC-2024 21:19:14 NO
	37 22-DEC-2024 21:19:11 22-DEC-2024 21:19:14 YES
	38 22-DEC-2024 21:19:14 22-DEC-2024 21:19:15 YES
	38 22-DEC-2024 21:19:14 22-DEC-2024 21:19:15 NO
	39 22-DEC-2024 21:19:15 22-DEC-2024 21:19:16 YES
	39 22-DEC-2024 21:19:15 22-DEC-2024 21:19:16 NO

61 rows selected.

SQL> archive log list
Database log mode	       Archive Mode
Automatic archival	       Enabled
Archive destination	       USE_DB_RECOVERY_FILE_DEST
Oldest online log sequence     38
Next log sequence to archive   40
Current log sequence	       40
SQL> exit
Disconnected from Oracle Database 19c Enterprise Edition Release 19.0.0.0.0 - Production
Version 19.3.0.0.0
[oracle@primary admin]$ ll
total 12
-rw-r--r--. 1 oracle oinstall  476 Dec 22 19:14 listener.ora
drwxr-xr-x. 2 oracle oinstall   64 Apr 17  2019 samples
-rw-r--r--. 1 oracle oinstall 1536 Feb 14  2018 shrept.lst
-rw-r--r--. 1 oracle oinstall  533 Dec 22 18:54 tnsnames.ora
[oracle@primary admin]$ netmgr
[oracle@primary admin]$ vi tnsnames.ora 
[oracle@primary admin]$ vi listener.ora 
[oracle@primary admin]$ netmgr
[oracle@primary admin]$ netmgr
[oracle@primary admin]$ vi listener.ora 
[oracle@primary admin]$ sqlplus / as sysdba

SQL*Plus: Release 19.0.0.0.0 - Production on Sun Dec 22 21:39:51 2024
Version 19.3.0.0.0

Copyright (c) 1982, 2019, Oracle.  All rights reserved.


Connected to:
Oracle Database 19c Enterprise Edition Release 19.0.0.0.0 - Production
Version 19.3.0.0.0

SQL> ALTER SYSTEM SET dg_broker_start=true scope=both;

System altered.

SQL> ALTER SYSTEM SET local_listener='(DESCRIPTION = (ADDRESS_LIST = (ADDRESS = (PROTOCOL = TCP)(HOST = 192.168.0.144)(PORT = 1521))) (CONNECT_DATA = (SERVER = DEDICATED) (SERVICE_NAME = proddb)))';

System altered.

SQL> exit

[oracle@primary admin]$ dgmgrl

Welcome to DGMGRL, type "help" for information.
DGMGRL> connect sys/oracle@to_proddb
Connected to "proddb"
Connected as SYSDBA.


DGMGRL> create configuration 'DG_BRK_BATCH9' as primary database is 'proddb' connect identifier is to_proddb;
Configuration "DG_BRK_BATCH9" created with primary database "proddb"


DGMGRL> show configuration;

Configuration - DG_BRK_BATCH9

  Protection Mode: MaxPerformance
  Members:
  proddb - Primary database

Fast-Start Failover:  Disabled

Configuration Status:
DISABLED

DGMGRL> exit
[oracle@primary admin]$ sqlplus / as sysdba


SQL> alter system set LOG_ARCHIVE_DEST_2= '';

System altered.

SQL> exit
Disconnected from Oracle Database 19c Enterprise Edition Release 19.0.0.0.0 - Production
Version 19.3.0.0.0
[oracle@primary admin]$ dgmgrl
DGMGRL for Linux: Release 19.0.0.0.0 - Production on Sun Dec 22 21:52:15 2024
Version 19.3.0.0.0

Copyright (c) 1982, 2019, Oracle and/or its affiliates.  All rights reserved.

Welcome to DGMGRL, type "help" for information.
DGMGRL> alter system set LOG_ARCHIVE_DEST_2= '';
Unrecognized command "alter", try "help"
DGMGRL> exit
[oracle@primary admin]$ sqlplus / as sysdba

SQL*Plus: Release 19.0.0.0.0 - Production on Sun Dec 22 21:52:24 2024
Version 19.3.0.0.0

Copyright (c) 1982, 2019, Oracle.  All rights reserved.


Connected to:
Oracle Database 19c Enterprise Edition Release 19.0.0.0.0 - Production
Version 19.3.0.0.0

SQL> alter system set LOG_ARCHIVE_DEST_2= '';

System altered.

SQL> exit
Disconnected from Oracle Database 19c Enterprise Edition Release 19.0.0.0.0 - Production
Version 19.3.0.0.0
[oracle@primary admin]$ dgmgrl
DGMGRL for Linux: Release 19.0.0.0.0 - Production on Sun Dec 22 21:52:41 2024
Version 19.3.0.0.0

Copyright (c) 1982, 2019, Oracle and/or its affiliates.  All rights reserved.

Welcome to DGMGRL, type "help" for information.
DGMGRL> connect sys/oracle@to_proddb
Connected to "proddb"
Connected as SYSDBA.
DGMGRL> exit
[oracle@primary admin]$ sqlplus / as sysdba

SQL*Plus: Release 19.0.0.0.0 - Production on Sun Dec 22 22:05:46 2024
Version 19.3.0.0.0

Copyright (c) 1982, 2019, Oracle.  All rights reserved.


Connected to:
Oracle Database 19c Enterprise Edition Release 19.0.0.0.0 - Production
Version 19.3.0.0.0

SQL> SHOW PARAMETER log_archive_dest;

NAME				     TYPE	 VALUE
------------------------------------ ----------- ------------------------------
log_archive_dest		     string
log_archive_dest_1		     string
log_archive_dest_10		     string
log_archive_dest_11		     string
log_archive_dest_12		     string
log_archive_dest_13		     string
log_archive_dest_14		     string
log_archive_dest_15		     string
log_archive_dest_16		     string
log_archive_dest_17		     string
log_archive_dest_18		     string

NAME				     TYPE	 VALUE
------------------------------------ ----------- ------------------------------
log_archive_dest_19		     string
log_archive_dest_2		     string
log_archive_dest_20		     string
log_archive_dest_21		     string
log_archive_dest_22		     string
log_archive_dest_23		     string
log_archive_dest_24		     string
log_archive_dest_25		     string
log_archive_dest_26		     string
log_archive_dest_27		     string
log_archive_dest_28		     string

NAME				     TYPE	 VALUE
------------------------------------ ----------- ------------------------------
log_archive_dest_29		     string
log_archive_dest_3		     string
log_archive_dest_30		     string
log_archive_dest_31		     string
log_archive_dest_4		     string
log_archive_dest_5		     string
log_archive_dest_6		     string
log_archive_dest_7		     string
log_archive_dest_8		     string
log_archive_dest_9		     string
log_archive_dest_state_1	     string	 ENABLE

NAME				     TYPE	 VALUE
------------------------------------ ----------- ------------------------------
log_archive_dest_state_10	     string	 enable
log_archive_dest_state_11	     string	 enable
log_archive_dest_state_12	     string	 enable
log_archive_dest_state_13	     string	 enable
log_archive_dest_state_14	     string	 enable
log_archive_dest_state_15	     string	 enable
log_archive_dest_state_16	     string	 enable
log_archive_dest_state_17	     string	 enable
log_archive_dest_state_18	     string	 enable
log_archive_dest_state_19	     string	 enable
log_archive_dest_state_2	     string	 ENABLE

NAME				     TYPE	 VALUE
------------------------------------ ----------- ------------------------------
log_archive_dest_state_20	     string	 enable
log_archive_dest_state_21	     string	 enable
log_archive_dest_state_22	     string	 enable
log_archive_dest_state_23	     string	 enable
log_archive_dest_state_24	     string	 enable
log_archive_dest_state_25	     string	 enable
log_archive_dest_state_26	     string	 enable
log_archive_dest_state_27	     string	 enable
log_archive_dest_state_28	     string	 enable
log_archive_dest_state_29	     string	 enable
log_archive_dest_state_3	     string	 enable

NAME				     TYPE	 VALUE
------------------------------------ ----------- ------------------------------
log_archive_dest_state_30	     string	 enable
log_archive_dest_state_31	     string	 enable
log_archive_dest_state_4	     string	 enable
log_archive_dest_state_5	     string	 enable
log_archive_dest_state_6	     string	 enable
log_archive_dest_state_7	     string	 enable
log_archive_dest_state_8	     string	 enable
log_archive_dest_state_9	     string	 enable
SQL> SHOW PARAMETER log_archive_format;

NAME				     TYPE	 VALUE
------------------------------------ ----------- ------------------------------
log_archive_format		     string	 %t_%s_%r.dbf
SQL> SHOW PARAMETER archive_log_mode;
SQL> SELECT GROUP#, THREAD#, SEQUENCE#, STATUS FROM V$LOG;

    GROUP#    THREAD#  SEQUENCE# STATUS
---------- ---------- ---------- ----------------
	 1	    1	      40 CURRENT
	 2	    1	      38 INACTIVE
	 3	    1	      39 INACTIVE

SQL> archive log list
Database log mode	       Archive Mode
Automatic archival	       Enabled
Archive destination	       USE_DB_RECOVERY_FILE_DEST
Oldest online log sequence     38
Next log sequence to archive   40
Current log sequence	       40
SQL> archive log list
Database log mode	       Archive Mode
Automatic archival	       Enabled
Archive destination	       USE_DB_RECOVERY_FILE_DEST
Oldest online log sequence     38
Next log sequence to archive   40
Current log sequence	       40
SQL> set lines 300 pages 300;
SELECT sequence#, first_time, next_time, applied FROM v$archived_log ORDER BY sequence#;SQL> 

 SEQUENCE# FIRST_TIM NEXT_TIME APPLIED
---------- --------- --------- ---------
	 8 22-DEC-24 22-DEC-24 NO
	 9 22-DEC-24 22-DEC-24 NO
	10 22-DEC-24 22-DEC-24 NO
	11 22-DEC-24 22-DEC-24 YES
	11 22-DEC-24 22-DEC-24 NO
	12 22-DEC-24 22-DEC-24 YES
	12 22-DEC-24 22-DEC-24 NO
	13 22-DEC-24 22-DEC-24 NO
	13 22-DEC-24 22-DEC-24 YES
	14 22-DEC-24 22-DEC-24 NO
	14 22-DEC-24 22-DEC-24 YES
	15 22-DEC-24 22-DEC-24 NO
	15 22-DEC-24 22-DEC-24 YES
	16 22-DEC-24 22-DEC-24 NO
	16 22-DEC-24 22-DEC-24 YES
	17 22-DEC-24 22-DEC-24 NO
	17 22-DEC-24 22-DEC-24 YES
	18 22-DEC-24 22-DEC-24 YES
	18 22-DEC-24 22-DEC-24 NO
	19 22-DEC-24 22-DEC-24 NO
	19 22-DEC-24 22-DEC-24 YES
	20 22-DEC-24 22-DEC-24 NO
	20 22-DEC-24 22-DEC-24 YES
	21 22-DEC-24 22-DEC-24 NO
	21 22-DEC-24 22-DEC-24 YES
	22 22-DEC-24 22-DEC-24 NO
	22 22-DEC-24 22-DEC-24 YES
	23 22-DEC-24 22-DEC-24 NO
	23 22-DEC-24 22-DEC-24 YES
	24 22-DEC-24 22-DEC-24 NO
	24 22-DEC-24 22-DEC-24 YES
	25 22-DEC-24 22-DEC-24 NO
	25 22-DEC-24 22-DEC-24 YES
	26 22-DEC-24 22-DEC-24 NO
	26 22-DEC-24 22-DEC-24 YES
	27 22-DEC-24 22-DEC-24 NO
	27 22-DEC-24 22-DEC-24 YES
	28 22-DEC-24 22-DEC-24 NO
	28 22-DEC-24 22-DEC-24 YES
	29 22-DEC-24 22-DEC-24 NO
	29 22-DEC-24 22-DEC-24 YES
	30 22-DEC-24 22-DEC-24 NO
	30 22-DEC-24 22-DEC-24 YES
	31 22-DEC-24 22-DEC-24 NO
	31 22-DEC-24 22-DEC-24 YES
	32 22-DEC-24 22-DEC-24 NO
	32 22-DEC-24 22-DEC-24 YES
	33 22-DEC-24 22-DEC-24 YES
	33 22-DEC-24 22-DEC-24 NO
	34 22-DEC-24 22-DEC-24 NO
	34 22-DEC-24 22-DEC-24 YES
	35 22-DEC-24 22-DEC-24 NO
	35 22-DEC-24 22-DEC-24 YES
	36 22-DEC-24 22-DEC-24 NO
	36 22-DEC-24 22-DEC-24 YES
	37 22-DEC-24 22-DEC-24 NO
	37 22-DEC-24 22-DEC-24 YES
	38 22-DEC-24 22-DEC-24 YES
	38 22-DEC-24 22-DEC-24 NO
	39 22-DEC-24 22-DEC-24 YES
	39 22-DEC-24 22-DEC-24 NO

61 rows selected.

SQL> select process,status from v$managed_standby;

PROCESS   STATUS
--------- ------------
ARCH	  CLOSING
DGRD	  ALLOCATED
DGRD	  ALLOCATED
ARCH	  CLOSING
ARCH	  CLOSING
ARCH	  CLOSING
DGRD	  ALLOCATED
LNS	  WRITING
DGRD	  ALLOCATED

9 rows selected.

SQL> alter system set LOG_ARCHIVE_DEST_2= '';

System altered.

SQL> exit
Disconnected from Oracle Database 19c Enterprise Edition Release 19.0.0.0.0 - Production
Version 19.3.0.0.0
[oracle@primary admin]$ dgmgrl
DGMGRL for Linux: Release 19.0.0.0.0 - Production on Mon Dec 23 11:36:12 2024
Version 19.3.0.0.0

Copyright (c) 1982, 2019, Oracle and/or its affiliates.  All rights reserved.

Welcome to DGMGRL, type "help" for information.
DGMGRL> connect sys/oracle@to_proddb
Connected to "proddb"
Connected as SYSDBA.
DGMGRL> alter system set LOG_ARCHIVE_DEST_2= '';
Unrecognized command "alter", try "help"
DGMGRL> SHOW CONFIGURATION;

Configuration - DG_BRK_BATCH9

  Protection Mode: MaxPerformance
  Members:
  proddb - Primary database

Fast-Start Failover:  Disabled

Configuration Status:
DISABLED

DGMGRL> SHOW PARAMETER broker
SHOW PARAMETER broker
     ^
Syntax error before or at "PARAMETER"
DGMGRL> exit
[oracle@primary admin]$ sqlplus / as sysdba

SQL*Plus: Release 19.0.0.0.0 - Production on Mon Dec 23 11:43:30 2024
Version 19.3.0.0.0

Copyright (c) 1982, 2019, Oracle.  All rights reserved.


Connected to:
Oracle Database 19c Enterprise Edition Release 19.0.0.0.0 - Production
Version 19.3.0.0.0

SQL> alter system set LOG_ARCHIVE_DEST_2= '' scope=both;

System altered.

SQL> show parameter dg_broker_start;

NAME				     TYPE	 VALUE
------------------------------------ ----------- ------------------------------
dg_broker_start 		     boolean	 TRUE
SQL> show parameter log_archive_dest_2;

NAME				     TYPE	 VALUE
------------------------------------ ----------- ------------------------------
log_archive_dest_2		     string
log_archive_dest_20		     string
log_archive_dest_21		     string
log_archive_dest_22		     string
log_archive_dest_23		     string
log_archive_dest_24		     string
log_archive_dest_25		     string
log_archive_dest_26		     string
log_archive_dest_27		     string
log_archive_dest_28		     string
log_archive_dest_29		     string
SQL> show parameter dg_broker_start

NAME				     TYPE	 VALUE
------------------------------------ ----------- ------------------------------
dg_broker_start 		     boolean	 TRUE
SQL> show parameter dg_broker_config

NAME				     TYPE	 VALUE
------------------------------------ ----------- ------------------------------
dg_broker_config_file1		     string	 /u01/app/oracle/product/19.0.0
						 .0/dbhome_1/dbs/dr1proddb.dat
dg_broker_config_file2		     string	 /u01/app/oracle/product/19.0.0
						 .0/dbhome_1/dbs/dr2proddb.dat
SQL> exit
Disconnected from Oracle Database 19c Enterprise Edition Release 19.0.0.0.0 - Production
Version 19.3.0.0.0
[oracle@primary admin]$ dgmgrl
DGMGRL for Linux: Release 19.0.0.0.0 - Production on Mon Dec 23 11:57:22 2024
Version 19.3.0.0.0

Copyright (c) 1982, 2019, Oracle and/or its affiliates.  All rights reserved.

Welcome to DGMGRL, type "help" for information.
DGMGRL> connect sys/oracle@to_proddb
Connected to "proddb"
Connected as SYSDBA.
DGMGRL> Add database 'proddbs' as connect identifier is to_proddbs maintained as physical;
Database "proddbs" added
DGMGRL> show configuration;

Configuration - DG_BRK_BATCH9

  Protection Mode: MaxPerformance
  Members:
  proddb  - Primary database
    proddbs - Physical standby database 

Fast-Start Failover:  Disabled

Configuration Status:
DISABLED

DGMGRL> enable configuration;
^CError: 
ORA-01013: user requested cancel of current operation

DGMGRL> enable configuration;
Enabled.
DGMGRL> show configuration;

Configuration - DG_BRK_BATCH9

  Protection Mode: MaxPerformance
  Members:
  proddb  - Primary database
    proddbs - Physical standby database 
      Warning: ORA-16809: multiple warnings detected for the member

Fast-Start Failover:  Disabled

Configuration Status:
WARNING   (status updated 29 seconds ago)

DGMGRL> show configuration verbose;

Configuration - DG_BRK_BATCH9

  Protection Mode: MaxPerformance
  Members:
  proddb  - Primary database
    proddbs - Physical standby database 

  Properties:
    FastStartFailoverThreshold      = '30'
    OperationTimeout                = '30'
    TraceLevel                      = 'USER'
    FastStartFailoverLagLimit       = '30'
    CommunicationTimeout            = '180'
    ObserverReconnect               = '0'
    FastStartFailoverAutoReinstate  = 'TRUE'
    FastStartFailoverPmyShutdown    = 'TRUE'
    BystandersFollowRoleChange      = 'ALL'
    ObserverOverride                = 'FALSE'
    ExternalDestination1            = ''
    ExternalDestination2            = ''
    PrimaryLostWriteAction          = 'CONTINUE'
    ConfigurationWideServiceName    = 'proddb_CFG'

Fast-Start Failover:  Disabled

Configuration Status:
SUCCESS

DGMGRL> enable database 'proddbs';
Enabled.
DGMGRL> show database 'proddb';

Database - proddb

  Role:               PRIMARY
  Intended State:     TRANSPORT-ON
  Instance(s):
    proddb

Database Status:
SUCCESS

DGMGRL> show database verbose 'proddbs';

Database - proddbs

  Role:               PHYSICAL STANDBY
  Intended State:     APPLY-ON
  Transport Lag:      0 seconds (computed 1 second ago)
  Apply Lag:          0 seconds (computed 1 second ago)
  Average Apply Rate: 0 Byte/s
  Active Apply Rate:  746.00 KByte/s
  Maximum Apply Rate: 751.00 KByte/s
  Real Time Query:    OFF
  Instance(s):
    proddbs

  Properties:
    DGConnectIdentifier             = 'to_proddbs'
    ObserverConnectIdentifier       = ''
    FastStartFailoverTarget         = ''
    PreferredObserverHosts          = ''
    LogShipping                     = 'ON'
    RedoRoutes                      = ''
    LogXptMode                      = 'ASYNC'
    DelayMins                       = '0'
    Binding                         = 'optional'
    MaxFailure                      = '0'
    ReopenSecs                      = '300'
    NetTimeout                      = '30'
    RedoCompression                 = 'DISABLE'
    PreferredApplyInstance          = ''
    ApplyInstanceTimeout            = '0'
    ApplyLagThreshold               = '30'
    TransportLagThreshold           = '30'
    TransportDisconnectedThreshold  = '30'
    ApplyParallel                   = 'AUTO'
    ApplyInstances                  = '0'
    StandbyFileManagement           = ''
    ArchiveLagTarget                = '0'
    LogArchiveMaxProcesses          = '0'
    LogArchiveMinSucceedDest        = '0'
    DataGuardSyncLatency            = '0'
    LogArchiveTrace                 = '0'
    LogArchiveFormat                = ''
    DbFileNameConvert               = ''
    LogFileNameConvert              = ''
    ArchiveLocation                 = ''
    AlternateLocation               = ''
    StandbyArchiveLocation          = ''
    StandbyAlternateLocation        = ''
    InconsistentProperties          = '(monitor)'
    InconsistentLogXptProps         = '(monitor)'
    LogXptStatus                    = '(monitor)'
    SendQEntries                    = '(monitor)'
    RecvQEntries                    = '(monitor)'
    HostName                        = 'vendb.com'
    StaticConnectIdentifier         = '(DESCRIPTION=(ADDRESS_LIST=(ADDRESS=(PROTOCOL=TCP)(HOST=192.168.0.145)(PORT=1521)))(CONNECT_DATA=(SERVICE_NAME=proddbs_DGMGRL)(INSTANCE_NAME=proddbs)(SERVER=DEDICATED)))'
    TopWaitEvents                   = '(monitor)'
    SidName                         = '(monitor)'

  Log file locations:
    Alert log               : /u01/app/oracle/diag/rdbms/proddbs/proddbs/trace/alert_proddbs.log
    Data Guard Broker log   : /u01/app/oracle/diag/rdbms/proddbs/proddbs/trace/drcproddbs.log

Database Status:
SUCCESS

DGMGRL> show database verbose 'proddb';

Database - proddb

  Role:               PRIMARY
  Intended State:     TRANSPORT-ON
  Instance(s):
    proddb

  Properties:
    DGConnectIdentifier             = 'to_proddb'
    ObserverConnectIdentifier       = ''
    FastStartFailoverTarget         = ''
    PreferredObserverHosts          = ''
    LogShipping                     = 'ON'
    RedoRoutes                      = ''
    LogXptMode                      = 'ASYNC'
    DelayMins                       = '0'
    Binding                         = 'optional'
    MaxFailure                      = '0'
    ReopenSecs                      = '300'
    NetTimeout                      = '30'
    RedoCompression                 = 'DISABLE'
    PreferredApplyInstance          = ''
    ApplyInstanceTimeout            = '0'
    ApplyLagThreshold               = '30'
    TransportLagThreshold           = '30'
    TransportDisconnectedThreshold  = '30'
    ApplyParallel                   = 'AUTO'
    ApplyInstances                  = '0'
    StandbyFileManagement           = ''
    ArchiveLagTarget                = '0'
    LogArchiveMaxProcesses          = '0'
    LogArchiveMinSucceedDest        = '0'
    DataGuardSyncLatency            = '0'
    LogArchiveTrace                 = '0'
    LogArchiveFormat                = ''
    DbFileNameConvert               = ''
    LogFileNameConvert              = ''
    ArchiveLocation                 = ''
    AlternateLocation               = ''
    StandbyArchiveLocation          = ''
    StandbyAlternateLocation        = ''
    InconsistentProperties          = '(monitor)'
    InconsistentLogXptProps         = '(monitor)'
    LogXptStatus                    = '(monitor)'
    SendQEntries                    = '(monitor)'
    RecvQEntries                    = '(monitor)'
    HostName                        = 'primary.com'
    StaticConnectIdentifier         = '(DESCRIPTION=(ADDRESS_LIST=(ADDRESS=(PROTOCOL=TCP)(HOST=192.168.0.144)(PORT=1521)))(CONNECT_DATA=(SERVICE_NAME=proddb_DGMGRL)(INSTANCE_NAME=proddb)(SERVER=DEDICATED)))'
    TopWaitEvents                   = '(monitor)'
    SidName                         = '(monitor)'

  Log file locations:
    Alert log               : /u01/app/oracle/diag/rdbms/proddb/proddb/trace/alert_proddb.log
    Data Guard Broker log   : /u01/app/oracle/diag/rdbms/proddb/proddb/trace/drcproddb.log

Database Status:
SUCCESS

DGMGRL> switchover to proddbs;
Performing switchover NOW, please wait...
Operation requires a connection to database "proddbs"
Connecting ...
Connected to "proddbs"
Connected as SYSDBA.
New primary database "proddbs" is opening...
Operation requires start up of instance "proddb" on database "proddb"
Starting instance "proddb"...
Connected to an idle instance.
ORACLE instance started.
Connected to "proddb"
Database mounted.
Connected to "proddb"
Switchover succeeded, new primary is "proddbs"
DGMGRL> show database verbose proddbs;

Database - proddbs

  Role:               PRIMARY
  Intended State:     TRANSPORT-ON
  Instance(s):
    proddbs

  Properties:
    DGConnectIdentifier             = 'to_proddbs'
    ObserverConnectIdentifier       = ''
    FastStartFailoverTarget         = ''
    PreferredObserverHosts          = ''
    LogShipping                     = 'ON'
    RedoRoutes                      = ''
    LogXptMode                      = 'ASYNC'
    DelayMins                       = '0'
    Binding                         = 'optional'
    MaxFailure                      = '0'
    ReopenSecs                      = '300'
    NetTimeout                      = '30'
    RedoCompression                 = 'DISABLE'
    PreferredApplyInstance          = ''
    ApplyInstanceTimeout            = '0'
    ApplyLagThreshold               = '30'
    TransportLagThreshold           = '30'
    TransportDisconnectedThreshold  = '30'
    ApplyParallel                   = 'AUTO'
    ApplyInstances                  = '0'
    StandbyFileManagement           = ''
    ArchiveLagTarget                = '0'
    LogArchiveMaxProcesses          = '0'
    LogArchiveMinSucceedDest        = '0'
    DataGuardSyncLatency            = '0'
    LogArchiveTrace                 = '0'
    LogArchiveFormat                = ''
    DbFileNameConvert               = ''
    LogFileNameConvert              = ''
    ArchiveLocation                 = ''
    AlternateLocation               = ''
    StandbyArchiveLocation          = ''
    StandbyAlternateLocation        = ''
    InconsistentProperties          = '(monitor)'
    InconsistentLogXptProps         = '(monitor)'
    LogXptStatus                    = '(monitor)'
    SendQEntries                    = '(monitor)'
    RecvQEntries                    = '(monitor)'
    HostName                        = 'vendb.com'
    StaticConnectIdentifier         = '(DESCRIPTION=(ADDRESS_LIST=(ADDRESS=(PROTOCOL=TCP)(HOST=192.168.0.145)(PORT=1521)))(CONNECT_DATA=(SERVICE_NAME=proddbs_DGMGRL)(INSTANCE_NAME=proddbs)(SERVER=DEDICATED)))'
    TopWaitEvents                   = '(monitor)'
    SidName                         = '(monitor)'

  Log file locations:
    Alert log               : /u01/app/oracle/diag/rdbms/proddbs/proddbs/trace/alert_proddbs.log
    Data Guard Broker log   : /u01/app/oracle/diag/rdbms/proddbs/proddbs/trace/drcproddbs.log

Database Status:
SUCCESS

DGMGRL> show database verbose proddb;

Database - proddb

  Role:               PHYSICAL STANDBY
  Intended State:     APPLY-ON
  Transport Lag:      0 seconds (computed 0 seconds ago)
  Apply Lag:          0 seconds (computed 0 seconds ago)
  Average Apply Rate: 2.03 MByte/s
  Active Apply Rate:  0 Byte/s
  Maximum Apply Rate: 0 Byte/s
  Real Time Query:    OFF
  Instance(s):
    proddb

  Properties:
    DGConnectIdentifier             = 'to_proddb'
    ObserverConnectIdentifier       = ''
    FastStartFailoverTarget         = ''
    PreferredObserverHosts          = ''
    LogShipping                     = 'ON'
    RedoRoutes                      = ''
    LogXptMode                      = 'ASYNC'
    DelayMins                       = '0'
    Binding                         = 'optional'
    MaxFailure                      = '0'
    ReopenSecs                      = '300'
    NetTimeout                      = '30'
    RedoCompression                 = 'DISABLE'
    PreferredApplyInstance          = ''
    ApplyInstanceTimeout            = '0'
    ApplyLagThreshold               = '30'
    TransportLagThreshold           = '30'
    TransportDisconnectedThreshold  = '30'
    ApplyParallel                   = 'AUTO'
    ApplyInstances                  = '0'
    StandbyFileManagement           = ''
    ArchiveLagTarget                = '0'
    LogArchiveMaxProcesses          = '0'
    LogArchiveMinSucceedDest        = '0'
    DataGuardSyncLatency            = '0'
    LogArchiveTrace                 = '0'
    LogArchiveFormat                = ''
    DbFileNameConvert               = ''
    LogFileNameConvert              = ''
    ArchiveLocation                 = ''
    AlternateLocation               = ''
    StandbyArchiveLocation          = ''
    StandbyAlternateLocation        = ''
    InconsistentProperties          = '(monitor)'
    InconsistentLogXptProps         = '(monitor)'
    LogXptStatus                    = '(monitor)'
    SendQEntries                    = '(monitor)'
    RecvQEntries                    = '(monitor)'
    HostName                        = 'primary.com'
    StaticConnectIdentifier         = '(DESCRIPTION=(ADDRESS_LIST=(ADDRESS=(PROTOCOL=TCP)(HOST=192.168.0.144)(PORT=1521)))(CONNECT_DATA=(SERVICE_NAME=proddb_DGMGRL)(INSTANCE_NAME=proddb)(SERVER=DEDICATED)))'
    TopWaitEvents                   = '(monitor)'
    SidName                         = '(monitor)'

  Log file locations:
    Alert log               : /u01/app/oracle/diag/rdbms/proddb/proddb/trace/alert_proddb.log
    Data Guard Broker log   : /u01/app/oracle/diag/rdbms/proddb/proddb/trace/drcproddb.log

Database Status:
SUCCESS

DGMGRL> edit database proddb set state='LOG-TRANSPORT-OFF';
Error: ORA-16516: current state is invalid for the attempted operation

Failed.
DGMGRL> edit database proddbs set state='APPLY-OFF';
Error: ORA-16516: current state is invalid for the attempted operation

Failed.
DGMGRL> SHOW CONFIGURATION;

Configuration - DG_BRK_BATCH9

  Protection Mode: MaxPerformance
  Members:
  proddbs - Primary database
    proddb  - Physical standby database 

Fast-Start Failover:  Disabled

Configuration Status:
SUCCESS   (status updated 57 seconds ago)

DGMGRL> SELECT DATABASE_ROLE FROM V$DATABASE;
Unrecognized command "select", try "help"
DGMGRL> switchover to proddb;
Performing switchover NOW, please wait...
Operation requires a connection to database "proddb"
Connecting ...
Connected to "proddb"
Connected as SYSDBA.
New primary database "proddb" is opening...
Operation requires start up of instance "proddbs" on database "proddbs"
Starting instance "proddbs"...
Connected to an idle instance.
ORACLE instance started.
Connected to "proddbs"
Database mounted.
Connected to "proddbs"
Switchover succeeded, new primary is "proddb"
DGMGRL> show configuration verbose;

Configuration - DG_BRK_BATCH9

  Protection Mode: MaxPerformance
  Members:
  proddb  - Primary database
    proddbs - Physical standby database 

  Properties:
    FastStartFailoverThreshold      = '30'
    OperationTimeout                = '30'
    TraceLevel                      = 'USER'
    FastStartFailoverLagLimit       = '30'
    CommunicationTimeout            = '180'
    ObserverReconnect               = '0'
    FastStartFailoverAutoReinstate  = 'TRUE'
    FastStartFailoverPmyShutdown    = 'TRUE'
    BystandersFollowRoleChange      = 'ALL'
    ObserverOverride                = 'FALSE'
    ExternalDestination1            = ''
    ExternalDestination2            = ''
    PrimaryLostWriteAction          = 'CONTINUE'
    ConfigurationWideServiceName    = 'proddb_CFG'

Fast-Start Failover:  Disabled

Configuration Status:
SUCCESS

DGMGRL> show database verbose proddb;

Database - proddb

  Role:               PRIMARY
  Intended State:     TRANSPORT-ON
  Instance(s):
    proddb

  Properties:
    DGConnectIdentifier             = 'to_proddb'
    ObserverConnectIdentifier       = ''
    FastStartFailoverTarget         = ''
    PreferredObserverHosts          = ''
    LogShipping                     = 'ON'
    RedoRoutes                      = ''
    LogXptMode                      = 'ASYNC'
    DelayMins                       = '0'
    Binding                         = 'optional'
    MaxFailure                      = '0'
    ReopenSecs                      = '300'
    NetTimeout                      = '30'
    RedoCompression                 = 'DISABLE'
    PreferredApplyInstance          = ''
    ApplyInstanceTimeout            = '0'
    ApplyLagThreshold               = '30'
    TransportLagThreshold           = '30'
    TransportDisconnectedThreshold  = '30'
    ApplyParallel                   = 'AUTO'
    ApplyInstances                  = '0'
    StandbyFileManagement           = ''
    ArchiveLagTarget                = '0'
    LogArchiveMaxProcesses          = '0'
    LogArchiveMinSucceedDest        = '0'
    DataGuardSyncLatency            = '0'
    LogArchiveTrace                 = '0'
    LogArchiveFormat                = ''
    DbFileNameConvert               = ''
    LogFileNameConvert              = ''
    ArchiveLocation                 = ''
    AlternateLocation               = ''
    StandbyArchiveLocation          = ''
    StandbyAlternateLocation        = ''
    InconsistentProperties          = '(monitor)'
    InconsistentLogXptProps         = '(monitor)'
    LogXptStatus                    = '(monitor)'
    SendQEntries                    = '(monitor)'
    RecvQEntries                    = '(monitor)'
    HostName                        = 'primary.com'
    StaticConnectIdentifier         = '(DESCRIPTION=(ADDRESS_LIST=(ADDRESS=(PROTOCOL=TCP)(HOST=192.168.0.144)(PORT=1521)))(CONNECT_DATA=(SERVICE_NAME=proddb_DGMGRL)(INSTANCE_NAME=proddb)(SERVER=DEDICATED)))'
    TopWaitEvents                   = '(monitor)'
    SidName                         = '(monitor)'

  Log file locations:
    Alert log               : /u01/app/oracle/diag/rdbms/proddb/proddb/trace/alert_proddb.log
    Data Guard Broker log   : /u01/app/oracle/diag/rdbms/proddb/proddb/trace/drcproddb.log

Database Status:
SUCCESS

DGMGRL> show database verbose proddbs;

Database - proddbs

  Role:               PHYSICAL STANDBY
  Intended State:     APPLY-ON
  Transport Lag:      0 seconds (computed 1 second ago)
  Apply Lag:          0 seconds (computed 1 second ago)
  Average Apply Rate: 22.00 KByte/s
  Active Apply Rate:  0 Byte/s
  Maximum Apply Rate: 0 Byte/s
  Real Time Query:    OFF
  Instance(s):
    proddbs

  Properties:
    DGConnectIdentifier             = 'to_proddbs'
    ObserverConnectIdentifier       = ''
    FastStartFailoverTarget         = ''
    PreferredObserverHosts          = ''
    LogShipping                     = 'ON'
    RedoRoutes                      = ''
    LogXptMode                      = 'ASYNC'
    DelayMins                       = '0'
    Binding                         = 'optional'
    MaxFailure                      = '0'
    ReopenSecs                      = '300'
    NetTimeout                      = '30'
    RedoCompression                 = 'DISABLE'
    PreferredApplyInstance          = ''
    ApplyInstanceTimeout            = '0'
    ApplyLagThreshold               = '30'
    TransportLagThreshold           = '30'
    TransportDisconnectedThreshold  = '30'
    ApplyParallel                   = 'AUTO'
    ApplyInstances                  = '0'
    StandbyFileManagement           = ''
    ArchiveLagTarget                = '0'
    LogArchiveMaxProcesses          = '0'
    LogArchiveMinSucceedDest        = '0'
    DataGuardSyncLatency            = '0'
    LogArchiveTrace                 = '0'
    LogArchiveFormat                = ''
    DbFileNameConvert               = ''
    LogFileNameConvert              = ''
    ArchiveLocation                 = ''
    AlternateLocation               = ''
    StandbyArchiveLocation          = ''
    StandbyAlternateLocation        = ''
    InconsistentProperties          = '(monitor)'
    InconsistentLogXptProps         = '(monitor)'
    LogXptStatus                    = '(monitor)'
    SendQEntries                    = '(monitor)'
    RecvQEntries                    = '(monitor)'
    HostName                        = 'vendb.com'
    StaticConnectIdentifier         = '(DESCRIPTION=(ADDRESS_LIST=(ADDRESS=(PROTOCOL=TCP)(HOST=192.168.0.145)(PORT=1521)))(CONNECT_DATA=(SERVICE_NAME=proddbs_DGMGRL)(INSTANCE_NAME=proddbs)(SERVER=DEDICATED)))'
    TopWaitEvents                   = '(monitor)'
    SidName                         = '(monitor)'

  Log file locations:
    Alert log               : /u01/app/oracle/diag/rdbms/proddbs/proddbs/trace/alert_proddbs.log
    Data Guard Broker log   : /u01/app/oracle/diag/rdbms/proddbs/proddbs/trace/drcproddbs.log

Database Status:
SUCCESS

DGMGRL> switchover to proddbs;
Performing switchover NOW, please wait...
Operation requires a connection to database "proddbs"
Connecting ...
Connected to "proddbs"
Connected as SYSDBA.
New primary database "proddbs" is opening...
Operation requires start up of instance "proddb" on database "proddb"
Starting instance "proddb"...
Connected to an idle instance.
ORACLE instance started.
Connected to "proddb"
Database mounted.
Connected to "proddb"
Switchover succeeded, new primary is "proddbs"
DGMGRL> show configuration verbose;

Configuration - DG_BRK_BATCH9

  Protection Mode: MaxPerformance
  Members:
  proddbs - Primary database
    proddb  - Physical standby database 

  Properties:
    FastStartFailoverThreshold      = '30'
    OperationTimeout                = '30'
    TraceLevel                      = 'USER'
    FastStartFailoverLagLimit       = '30'
    CommunicationTimeout            = '180'
    ObserverReconnect               = '0'
    FastStartFailoverAutoReinstate  = 'TRUE'
    FastStartFailoverPmyShutdown    = 'TRUE'
    BystandersFollowRoleChange      = 'ALL'
    ObserverOverride                = 'FALSE'
    ExternalDestination1            = ''
    ExternalDestination2            = ''
    PrimaryLostWriteAction          = 'CONTINUE'
    ConfigurationWideServiceName    = 'proddb_CFG'

Fast-Start Failover:  Disabled

Configuration Status:
SUCCESS

DGMGRL> show database verbose 'proddbs';

Database - proddbs

  Role:               PRIMARY
  Intended State:     TRANSPORT-ON
  Instance(s):
    proddbs

  Properties:
    DGConnectIdentifier             = 'to_proddbs'
    ObserverConnectIdentifier       = ''
    FastStartFailoverTarget         = ''
    PreferredObserverHosts          = ''
    LogShipping                     = 'ON'
    RedoRoutes                      = ''
    LogXptMode                      = 'ASYNC'
    DelayMins                       = '0'
    Binding                         = 'optional'
    MaxFailure                      = '0'
    ReopenSecs                      = '300'
    NetTimeout                      = '30'
    RedoCompression                 = 'DISABLE'
    PreferredApplyInstance          = ''
    ApplyInstanceTimeout            = '0'
    ApplyLagThreshold               = '30'
    TransportLagThreshold           = '30'
    TransportDisconnectedThreshold  = '30'
    ApplyParallel                   = 'AUTO'
    ApplyInstances                  = '0'
    StandbyFileManagement           = ''
    ArchiveLagTarget                = '0'
    LogArchiveMaxProcesses          = '0'
    LogArchiveMinSucceedDest        = '0'
    DataGuardSyncLatency            = '0'
    LogArchiveTrace                 = '0'
    LogArchiveFormat                = ''
    DbFileNameConvert               = ''
    LogFileNameConvert              = ''
    ArchiveLocation                 = ''
    AlternateLocation               = ''
    StandbyArchiveLocation          = ''
    StandbyAlternateLocation        = ''
    InconsistentProperties          = '(monitor)'
    InconsistentLogXptProps         = '(monitor)'
    LogXptStatus                    = '(monitor)'
    SendQEntries                    = '(monitor)'
    RecvQEntries                    = '(monitor)'
    HostName                        = 'vendb.com'
    StaticConnectIdentifier         = '(DESCRIPTION=(ADDRESS_LIST=(ADDRESS=(PROTOCOL=TCP)(HOST=192.168.0.145)(PORT=1521)))(CONNECT_DATA=(SERVICE_NAME=proddbs_DGMGRL)(INSTANCE_NAME=proddbs)(SERVER=DEDICATED)))'
    TopWaitEvents                   = '(monitor)'
    SidName                         = '(monitor)'

  Log file locations:
    Alert log               : /u01/app/oracle/diag/rdbms/proddbs/proddbs/trace/alert_proddbs.log
    Data Guard Broker log   : /u01/app/oracle/diag/rdbms/proddbs/proddbs/trace/drcproddbs.log

Database Status:
SUCCESS

DGMGRL> show database verbose proddb;

Database - proddb

  Role:               PHYSICAL STANDBY
  Intended State:     APPLY-ON
  Transport Lag:      0 seconds (computed 1 second ago)
  Apply Lag:          0 seconds (computed 1 second ago)
  Average Apply Rate: 20.00 KByte/s
  Active Apply Rate:  0 Byte/s
  Maximum Apply Rate: 0 Byte/s
  Real Time Query:    OFF
  Instance(s):
    proddb

  Properties:
    DGConnectIdentifier             = 'to_proddb'
    ObserverConnectIdentifier       = ''
    FastStartFailoverTarget         = ''
    PreferredObserverHosts          = ''
    LogShipping                     = 'ON'
    RedoRoutes                      = ''
    LogXptMode                      = 'ASYNC'
    DelayMins                       = '0'
    Binding                         = 'optional'
    MaxFailure                      = '0'
    ReopenSecs                      = '300'
    NetTimeout                      = '30'
    RedoCompression                 = 'DISABLE'
    PreferredApplyInstance          = ''
    ApplyInstanceTimeout            = '0'
    ApplyLagThreshold               = '30'
    TransportLagThreshold           = '30'
    TransportDisconnectedThreshold  = '30'
    ApplyParallel                   = 'AUTO'
    ApplyInstances                  = '0'
    StandbyFileManagement           = ''
    ArchiveLagTarget                = '0'
    LogArchiveMaxProcesses          = '0'
    LogArchiveMinSucceedDest        = '0'
    DataGuardSyncLatency            = '0'
    LogArchiveTrace                 = '0'
    LogArchiveFormat                = ''
    DbFileNameConvert               = ''
    LogFileNameConvert              = ''
    ArchiveLocation                 = ''
    AlternateLocation               = ''
    StandbyArchiveLocation          = ''
    StandbyAlternateLocation        = ''
    InconsistentProperties          = '(monitor)'
    InconsistentLogXptProps         = '(monitor)'
    LogXptStatus                    = '(monitor)'
    SendQEntries                    = '(monitor)'
    RecvQEntries                    = '(monitor)'
    HostName                        = 'primary.com'
    StaticConnectIdentifier         = '(DESCRIPTION=(ADDRESS_LIST=(ADDRESS=(PROTOCOL=TCP)(HOST=192.168.0.144)(PORT=1521)))(CONNECT_DATA=(SERVICE_NAME=proddb_DGMGRL)(INSTANCE_NAME=proddb)(SERVER=DEDICATED)))'
    TopWaitEvents                   = '(monitor)'
    SidName                         = '(monitor)'

  Log file locations:
    Alert log               : /u01/app/oracle/diag/rdbms/proddb/proddb/trace/alert_proddb.log
    Data Guard Broker log   : /u01/app/oracle/diag/rdbms/proddb/proddb/trace/drcproddb.log

Database Status:
SUCCESS

DGMGRL> EDIT CONFIGURATION SET PROTECTION MODE AS MAXAVAILABILITY;
Error: ORA-16627: operation disallowed since no member would remain to support protection mode

Failed.
DGMGRL> EDIT CONFIGURATION SET PROTECTION MODE AS MAXPROTECTION;
Error: ORA-16651: upgrade to maximum protection mode not possible

Failed.
DGMGRL> show configuration verbose;

Configuration - DG_BRK_BATCH9

  Protection Mode: MaxPerformance
  Members:
  proddbs - Primary database
    proddb  - Physical standby database 

  Properties:
    FastStartFailoverThreshold      = '30'
    OperationTimeout                = '30'
    TraceLevel                      = 'USER'
    FastStartFailoverLagLimit       = '30'
    CommunicationTimeout            = '180'
    ObserverReconnect               = '0'
    FastStartFailoverAutoReinstate  = 'TRUE'
    FastStartFailoverPmyShutdown    = 'TRUE'
    BystandersFollowRoleChange      = 'ALL'
    ObserverOverride                = 'FALSE'
    ExternalDestination1            = ''
    ExternalDestination2            = ''
    PrimaryLostWriteAction          = 'CONTINUE'
    ConfigurationWideServiceName    = 'proddb_CFG'

Fast-Start Failover:  Disabled

Configuration Status:
SUCCESS

DGMGRL> switchover to proddb;
Performing switchover NOW, please wait...
Operation requires a connection to database "proddb"
Connecting ...
Connected to "proddb"
Connected as SYSDBA.
New primary database "proddb" is opening...
Operation requires start up of instance "proddbs" on database "proddbs"
Starting instance "proddbs"...
Connected to an idle instance.
ORACLE instance started.
Connected to "proddbs"
Database mounted.
Connected to "proddbs"
Switchover succeeded, new primary is "proddb"
DGMGRL> show configuration verbose;

Configuration - DG_BRK_BATCH9

  Protection Mode: MaxPerformance
  Members:
  proddb  - Primary database
    proddbs - Physical standby database 
      Warning: ORA-16854: apply lag could not be determined

  Properties:
    FastStartFailoverThreshold      = '30'
    OperationTimeout                = '30'
    TraceLevel                      = 'USER'
    FastStartFailoverLagLimit       = '30'
    CommunicationTimeout            = '180'
    ObserverReconnect               = '0'
    FastStartFailoverAutoReinstate  = 'TRUE'
    FastStartFailoverPmyShutdown    = 'TRUE'
    BystandersFollowRoleChange      = 'ALL'
    ObserverOverride                = 'FALSE'
    ExternalDestination1            = ''
    ExternalDestination2            = ''
    PrimaryLostWriteAction          = 'CONTINUE'
    ConfigurationWideServiceName    = 'proddb_CFG'

Fast-Start Failover:  Disabled

Configuration Status:
WARNING

DGMGRL> archive log list
Unrecognized command "archive", try "help"
DGMGRL> show database 'proddb' 'statusreport';
STATUS REPORT
       INSTANCE_NAME   SEVERITY ERROR_TEXT

DGMGRL> show database 'proddbs' 'statusreport';
STATUS REPORT
       INSTANCE_NAME   SEVERITY ERROR_TEXT

DGMGRL> show database 'proddb' 'logxptstatus';
LOG TRANSPORT STATUS
PRIMARY_INSTANCE_NAME STANDBY_DATABASE_NAME     STATUS                ERROR 
              proddb              proddbs      VALID                      

DGMGRL> show database 'proddbs' 'logxptstatus';
LOG TRANSPORT STATUS
PRIMARY_INSTANCE_NAME STANDBY_DATABASE_NAME     STATUS                ERROR 

DGMGRL> show database 'proddbs' 'logxptstatus';
LOG TRANSPORT STATUS
PRIMARY_INSTANCE_NAME STANDBY_DATABASE_NAME     STATUS                ERROR 

DGMGRL> SHOW DATABASE 'proddb' 'InconsistentProperties';
INCONSISTENT PROPERTIES
   INSTANCE_NAME        PROPERTY_NAME         MEMORY_VALUE         SPFILE_VALUE         BROKER_VALUE 

DGMGRL> show database 'proddbs' 'inconsistentproperties';
INCONSISTENT PROPERTIES
   INSTANCE_NAME        PROPERTY_NAME         MEMORY_VALUE         SPFILE_VALUE         BROKER_VALUE 

DGMGRL> SHOW DATABASE 'proddb' 'InconsistentLogXptProps';
INCONSISTENT LOG TRANSPORT PROPERTIES
   INSTANCE_NAME         STANDBY_NAME        PROPERTY_NAME         MEMORY_VALUE         BROKER_VALUE 

DGMGRL> show database 'proddbs' 'inconsistentlogxptprops';
INCONSISTENT LOG TRANSPORT PROPERTIES
   INSTANCE_NAME         STANDBY_NAME        PROPERTY_NAME         MEMORY_VALUE         BROKER_VALUE 

DGMGRL> show database 'proddb' 'ArchiveLagTarget';    
  ArchiveLagTarget = '0'
DGMGRL> show database 'proddbs' 'archivelagtarget';
Connected to "proddbs"
  archivelagtarget = '0'
DGMGRL> show database 'proddb' 'logshipping';
  LogShipping = 'ON'
DGMGRL> show database 'proddbs' 'logshipping';
  LogShipping = 'ON'
DGMGRL> show database 'proddb' 'preferredapplyinstance';
  PreferredApplyInstance = ''
DGMGRL> show database 'proddbs' 'preferredapplyinstance';
  PreferredApplyInstance = ''
DGMGRL> show database 'proddb' 'receiveQentries';
Error: ORA-16606: unable to find property "receiveQentries"

DGMGRL> show database 'proddb' 'recvqentries';
Error: ORA-16757: unable to get the value of this property

DGMGRL> show database 'proddb' 'RecvQEntries';
Error: ORA-16757: unable to get the value of this property

DGMGRL> show database 'proddbs' 'RecvQEntries';
STANDBY_RECEIVE_QUEUE
              STATUS     RESETLOGS_ID           THREAD              LOG_SEQ       TIME_GENERATED       TIME_COMPLETED        FIRST_CHANGE#         NEXT_CHANGE#       SIZE (KBs) 

DGMGRL> SHOW DATABASE 'proddb' 'SendQEntries';
PRIMARY_SEND_QUEUE
        STANDBY_NAME       STATUS     RESETLOGS_ID           THREAD              LOG_SEQ       TIME_GENERATED       TIME_COMPLETED        FIRST_CHANGE#         NEXT_CHANGE#       SIZE (KBs) 
                          CURRENT       1188407264                1                   54  12/23/2024 12:25:57                                   2726795                                  7192 

DGMGRL> show all;
trace_level         USER
echo                OFF
time                OFF
observerconfigfile = observer.ora
DGMGRL> edit database 'proddb' rename to 'prod';
Error: ORA-16602: member must be disabled to perform this operation

Failed.
DGMGRL> show configuration;

Configuration - DG_BRK_BATCH9

  Protection Mode: MaxPerformance
  Members:
  proddb  - Primary database
    proddbs - Physical standby database 

Fast-Start Failover:  Disabled

Configuration Status:
SUCCESS   (status updated 49 seconds ago)

DGMGRL> show configuration verbose;

Configuration - DG_BRK_BATCH9

  Protection Mode: MaxPerformance
  Members:
  proddb  - Primary database
    proddbs - Physical standby database 

  Properties:
    FastStartFailoverThreshold      = '30'
    OperationTimeout                = '30'
    TraceLevel                      = 'USER'
    FastStartFailoverLagLimit       = '30'
    CommunicationTimeout            = '180'
    ObserverReconnect               = '0'
    FastStartFailoverAutoReinstate  = 'TRUE'
    FastStartFailoverPmyShutdown    = 'TRUE'
    BystandersFollowRoleChange      = 'ALL'
    ObserverOverride                = 'FALSE'
    ExternalDestination1            = ''
    ExternalDestination2            = ''
    PrimaryLostWriteAction          = 'CONTINUE'
    ConfigurationWideServiceName    = 'proddb_CFG'

Fast-Start Failover:  Disabled

Configuration Status:
SUCCESS

DGMGRL> ADD DATABASE 'testdb' AS CONNECT IDENTIFIER IS testdb MAINTAINED AS PHYSICAL;
^CError: 
ORA-01013: user requested cancel of current operation

DGMGRL> 
DGMGRL> 
DGMGRL> 
DGMGRL> exit
[oracle@primary admin]$ dgmgrl
DGMGRL for Linux: Release 19.0.0.0.0 - Production on Mon Dec 23 12:43:35 2024
Version 19.3.0.0.0

Copyright (c) 1982, 2019, Oracle and/or its affiliates.  All rights reserved.

Welcome to DGMGRL, type "help" for information.
DGMGRL> /
Nothing in command buffer to run.
DGMGRL> connect sys@proddbs;
Password:
Unable to connect to database using proddbs
ORA-12154: TNS:could not resolve the connect identifier specified

Failed.
DGMGRL> connect sys@proddb;
Password:
Unable to connect to database using proddb
ORA-12154: TNS:could not resolve the connect identifier specified

Failed.
DGMGRL> exit
[oracle@primary admin]$ sqlplus / as sysdba

SQL*Plus: Release 19.0.0.0.0 - Production on Mon Dec 23 12:45:35 2024
Version 19.3.0.0.0

Copyright (c) 1982, 2019, Oracle.  All rights reserved.


Connected to:
Oracle Database 19c Enterprise Edition Release 19.0.0.0.0 - Production
Version 19.3.0.0.0

SQL> archive log list
Database log mode	       Archive Mode
Automatic archival	       Enabled
Archive destination	       USE_DB_RECOVERY_FILE_DEST
Oldest online log sequence     52
Next log sequence to archive   54
Current log sequence	       54
SQL> select open_mode from v$database;

OPEN_MODE
--------------------
READ WRITE

SQL> show parameter db_name

NAME				     TYPE	 VALUE
------------------------------------ ----------- ------------------------------
db_name 			     string	 proddb
SQL> show parameter db_unique_name

NAME				     TYPE	 VALUE
------------------------------------ ----------- ------------------------------
db_unique_name			     string	 proddb
SQL> 
SQL> 
SQL> 
SQL> alter system switch logfile;

System altered.

SQL> /
/
System altered.

SQL> 

System altered.

SQL> /

System altered.

SQL> /

System altered.

SQL> /

System altered.

SQL> archive log list
Database log mode	       Archive Mode
Automatic archival	       Enabled
Archive destination	       USE_DB_RECOVERY_FILE_DEST
Oldest online log sequence     59
Next log sequence to archive   61
Current log sequence	       61
SQL> set lines 300 pages 300;
SELECT sequence#, first_time, next_time, applied FROM v$archived_log ORDER BY sequence#;SQL> 

 SEQUENCE# FIRST_TIM NEXT_TIME APPLIED
---------- --------- --------- ---------
	 8 22-DEC-24 22-DEC-24 YES
	 9 22-DEC-24 22-DEC-24 YES
	10 22-DEC-24 22-DEC-24 YES
	11 22-DEC-24 22-DEC-24 YES
	11 22-DEC-24 22-DEC-24 YES
	12 22-DEC-24 22-DEC-24 YES
	12 22-DEC-24 22-DEC-24 YES
	13 22-DEC-24 22-DEC-24 YES
	13 22-DEC-24 22-DEC-24 YES
	14 22-DEC-24 22-DEC-24 YES
	14 22-DEC-24 22-DEC-24 YES
	15 22-DEC-24 22-DEC-24 YES
	15 22-DEC-24 22-DEC-24 YES
	16 22-DEC-24 22-DEC-24 YES
	16 22-DEC-24 22-DEC-24 YES
	17 22-DEC-24 22-DEC-24 YES
	17 22-DEC-24 22-DEC-24 YES
	18 22-DEC-24 22-DEC-24 YES
	18 22-DEC-24 22-DEC-24 YES
	19 22-DEC-24 22-DEC-24 YES
	19 22-DEC-24 22-DEC-24 YES
	20 22-DEC-24 22-DEC-24 YES
	20 22-DEC-24 22-DEC-24 YES
	21 22-DEC-24 22-DEC-24 YES
	21 22-DEC-24 22-DEC-24 YES
	22 22-DEC-24 22-DEC-24 YES
	22 22-DEC-24 22-DEC-24 YES
	23 22-DEC-24 22-DEC-24 YES
	23 22-DEC-24 22-DEC-24 YES
	24 22-DEC-24 22-DEC-24 YES
	24 22-DEC-24 22-DEC-24 YES
	25 22-DEC-24 22-DEC-24 YES
	25 22-DEC-24 22-DEC-24 YES
	26 22-DEC-24 22-DEC-24 YES
	26 22-DEC-24 22-DEC-24 YES
	27 22-DEC-24 22-DEC-24 YES
	27 22-DEC-24 22-DEC-24 YES
	28 22-DEC-24 22-DEC-24 YES
	28 22-DEC-24 22-DEC-24 YES
	29 22-DEC-24 22-DEC-24 YES
	29 22-DEC-24 22-DEC-24 YES
	30 22-DEC-24 22-DEC-24 YES
	30 22-DEC-24 22-DEC-24 YES
	31 22-DEC-24 22-DEC-24 YES
	31 22-DEC-24 22-DEC-24 YES
	32 22-DEC-24 22-DEC-24 YES
	32 22-DEC-24 22-DEC-24 YES
	33 22-DEC-24 22-DEC-24 YES
	33 22-DEC-24 22-DEC-24 YES
	34 22-DEC-24 22-DEC-24 YES
	34 22-DEC-24 22-DEC-24 YES
	35 22-DEC-24 22-DEC-24 YES
	35 22-DEC-24 22-DEC-24 YES
	36 22-DEC-24 22-DEC-24 YES
	36 22-DEC-24 22-DEC-24 YES
	37 22-DEC-24 22-DEC-24 YES
	37 22-DEC-24 22-DEC-24 YES
	38 22-DEC-24 22-DEC-24 YES
	38 22-DEC-24 22-DEC-24 YES
	39 22-DEC-24 22-DEC-24 YES
	39 22-DEC-24 22-DEC-24 YES
	40 22-DEC-24 23-DEC-24 YES
	40 22-DEC-24 23-DEC-24 YES
	41 23-DEC-24 23-DEC-24 YES
	41 23-DEC-24 23-DEC-24 YES
	42 23-DEC-24 23-DEC-24 YES
	42 23-DEC-24 23-DEC-24 YES
	43 23-DEC-24 23-DEC-24 YES
	44 23-DEC-24 23-DEC-24 YES
	45 23-DEC-24 23-DEC-24 YES
	46 23-DEC-24 23-DEC-24 YES
	46 23-DEC-24 23-DEC-24 YES
	47 23-DEC-24 23-DEC-24 YES
	47 23-DEC-24 23-DEC-24 YES
	48 23-DEC-24 23-DEC-24 YES
	48 23-DEC-24 23-DEC-24 YES
	49 23-DEC-24 23-DEC-24 YES
	50 23-DEC-24 23-DEC-24 YES
	51 23-DEC-24 23-DEC-24 YES
	52 23-DEC-24 23-DEC-24 NO
	52 23-DEC-24 23-DEC-24 YES
	53 23-DEC-24 23-DEC-24 YES
	53 23-DEC-24 23-DEC-24 NO
	54 23-DEC-24 23-DEC-24 NO
	54 23-DEC-24 23-DEC-24 YES
	55 23-DEC-24 23-DEC-24 NO
	55 23-DEC-24 23-DEC-24 YES
	56 23-DEC-24 23-DEC-24 NO
	56 23-DEC-24 23-DEC-24 YES
	57 23-DEC-24 23-DEC-24 NO
	57 23-DEC-24 23-DEC-24 NO
	58 23-DEC-24 23-DEC-24 NO
	58 23-DEC-24 23-DEC-24 NO
	59 23-DEC-24 23-DEC-24 NO
	59 23-DEC-24 23-DEC-24 NO
	60 23-DEC-24 23-DEC-24 NO
	60 23-DEC-24 23-DEC-24 NO

97 rows selected.

SQL> set lines 300 pages 300;
SELECT sequence#, first_time, next_time, applied FROM v$archived_log ORDER BY sequence#;SQL> 

 SEQUENCE# FIRST_TIM NEXT_TIME APPLIED
---------- --------- --------- ---------
	 8 22-DEC-24 22-DEC-24 YES
	 9 22-DEC-24 22-DEC-24 YES
	10 22-DEC-24 22-DEC-24 YES
	11 22-DEC-24 22-DEC-24 YES
	11 22-DEC-24 22-DEC-24 YES
	12 22-DEC-24 22-DEC-24 YES
	12 22-DEC-24 22-DEC-24 YES
	13 22-DEC-24 22-DEC-24 YES
	13 22-DEC-24 22-DEC-24 YES
	14 22-DEC-24 22-DEC-24 YES
	14 22-DEC-24 22-DEC-24 YES
	15 22-DEC-24 22-DEC-24 YES
	15 22-DEC-24 22-DEC-24 YES
	16 22-DEC-24 22-DEC-24 YES
	16 22-DEC-24 22-DEC-24 YES
	17 22-DEC-24 22-DEC-24 YES
	17 22-DEC-24 22-DEC-24 YES
	18 22-DEC-24 22-DEC-24 YES
	18 22-DEC-24 22-DEC-24 YES
	19 22-DEC-24 22-DEC-24 YES
	19 22-DEC-24 22-DEC-24 YES
	20 22-DEC-24 22-DEC-24 YES
	20 22-DEC-24 22-DEC-24 YES
	21 22-DEC-24 22-DEC-24 YES
	21 22-DEC-24 22-DEC-24 YES
	22 22-DEC-24 22-DEC-24 YES
	22 22-DEC-24 22-DEC-24 YES
	23 22-DEC-24 22-DEC-24 YES
	23 22-DEC-24 22-DEC-24 YES
	24 22-DEC-24 22-DEC-24 YES
	24 22-DEC-24 22-DEC-24 YES
	25 22-DEC-24 22-DEC-24 YES
	25 22-DEC-24 22-DEC-24 YES
	26 22-DEC-24 22-DEC-24 YES
	26 22-DEC-24 22-DEC-24 YES
	27 22-DEC-24 22-DEC-24 YES
	27 22-DEC-24 22-DEC-24 YES
	28 22-DEC-24 22-DEC-24 YES
	28 22-DEC-24 22-DEC-24 YES
	29 22-DEC-24 22-DEC-24 YES
	29 22-DEC-24 22-DEC-24 YES
	30 22-DEC-24 22-DEC-24 YES
	30 22-DEC-24 22-DEC-24 YES
	31 22-DEC-24 22-DEC-24 YES
	31 22-DEC-24 22-DEC-24 YES
	32 22-DEC-24 22-DEC-24 YES
	32 22-DEC-24 22-DEC-24 YES
	33 22-DEC-24 22-DEC-24 YES
	33 22-DEC-24 22-DEC-24 YES
	34 22-DEC-24 22-DEC-24 YES
	34 22-DEC-24 22-DEC-24 YES
	35 22-DEC-24 22-DEC-24 YES
	35 22-DEC-24 22-DEC-24 YES
	36 22-DEC-24 22-DEC-24 YES
	36 22-DEC-24 22-DEC-24 YES
	37 22-DEC-24 22-DEC-24 YES
	37 22-DEC-24 22-DEC-24 YES
	38 22-DEC-24 22-DEC-24 YES
	38 22-DEC-24 22-DEC-24 YES
	39 22-DEC-24 22-DEC-24 YES
	39 22-DEC-24 22-DEC-24 YES
	40 22-DEC-24 23-DEC-24 YES
	40 22-DEC-24 23-DEC-24 YES
	41 23-DEC-24 23-DEC-24 YES
	41 23-DEC-24 23-DEC-24 YES
	42 23-DEC-24 23-DEC-24 YES
	42 23-DEC-24 23-DEC-24 YES
	43 23-DEC-24 23-DEC-24 YES
	44 23-DEC-24 23-DEC-24 YES
	45 23-DEC-24 23-DEC-24 YES
	46 23-DEC-24 23-DEC-24 YES
	46 23-DEC-24 23-DEC-24 YES
	47 23-DEC-24 23-DEC-24 YES
	47 23-DEC-24 23-DEC-24 YES
	48 23-DEC-24 23-DEC-24 YES
	48 23-DEC-24 23-DEC-24 YES
	49 23-DEC-24 23-DEC-24 YES
	50 23-DEC-24 23-DEC-24 YES
	51 23-DEC-24 23-DEC-24 YES
	52 23-DEC-24 23-DEC-24 NO
	52 23-DEC-24 23-DEC-24 YES
	53 23-DEC-24 23-DEC-24 YES
	53 23-DEC-24 23-DEC-24 NO
	54 23-DEC-24 23-DEC-24 NO
	54 23-DEC-24 23-DEC-24 YES
	55 23-DEC-24 23-DEC-24 NO
	55 23-DEC-24 23-DEC-24 YES
	56 23-DEC-24 23-DEC-24 NO
	56 23-DEC-24 23-DEC-24 YES
	57 23-DEC-24 23-DEC-24 NO
	57 23-DEC-24 23-DEC-24 YES
	58 23-DEC-24 23-DEC-24 NO
	58 23-DEC-24 23-DEC-24 YES
	59 23-DEC-24 23-DEC-24 NO
	59 23-DEC-24 23-DEC-24 YES
	60 23-DEC-24 23-DEC-24 NO
	60 23-DEC-24 23-DEC-24 YES

97 rows selected.

SQL> archive log list
Database log mode	       Archive Mode
Automatic archival	       Enabled
Archive destination	       USE_DB_RECOVERY_FILE_DEST
Oldest online log sequence     59
Next log sequence to archive   61
Current log sequence	       61
SQL> set lines 200
col DESTINATION for a30
col ERROR for a50
select DESTINATION,TYPE,ARCHIVED_THREAD#,APPLIED_SEQ#,ARCHIVED_SEQ#,GAP_STATUS,error from v$archive_dest_status where DEST_ID=2;SQL> SQL> SQL> 

DESTINATION		       TYPE		ARCHIVED_THREAD# APPLIED_SEQ# ARCHIVED_SEQ# GAP_STATUS		     ERROR
------------------------------ ---------------- ---------------- ------------ ------------- ------------------------ --------------------------------------------------
to_proddbs		       PHYSICAL 		       1	   59		 60 RESOLVABLE GAP	     ORA-16198: Timeout incurred on internal channel
														     during remote archival


SQL> alter system switch logfile;

System altered.

SQL> /

System altered.

SQL> /

System altered.

SQL> /

System altered.

SQL> archive log list
Database log mode	       Archive Mode
Automatic archival	       Enabled
Archive destination	       USE_DB_RECOVERY_FILE_DEST
Oldest online log sequence     63
Next log sequence to archive   65
Current log sequence	       65
SQL> set lines 300 pages 300;
SELECT sequence#, first_time, next_time, applied FROM v$archived_log ORDER BY sequence#;SQL> 

 SEQUENCE# FIRST_TIM NEXT_TIME APPLIED
---------- --------- --------- ---------
	 8 22-DEC-24 22-DEC-24 YES
	 9 22-DEC-24 22-DEC-24 YES
	10 22-DEC-24 22-DEC-24 YES
	11 22-DEC-24 22-DEC-24 YES
	11 22-DEC-24 22-DEC-24 YES
	12 22-DEC-24 22-DEC-24 YES
	12 22-DEC-24 22-DEC-24 YES
	13 22-DEC-24 22-DEC-24 YES
	13 22-DEC-24 22-DEC-24 YES
	14 22-DEC-24 22-DEC-24 YES
	14 22-DEC-24 22-DEC-24 YES
	15 22-DEC-24 22-DEC-24 YES
	15 22-DEC-24 22-DEC-24 YES
	16 22-DEC-24 22-DEC-24 YES
	16 22-DEC-24 22-DEC-24 YES
	17 22-DEC-24 22-DEC-24 YES
	17 22-DEC-24 22-DEC-24 YES
	18 22-DEC-24 22-DEC-24 YES
	18 22-DEC-24 22-DEC-24 YES
	19 22-DEC-24 22-DEC-24 YES
	19 22-DEC-24 22-DEC-24 YES
	20 22-DEC-24 22-DEC-24 YES
	20 22-DEC-24 22-DEC-24 YES
	21 22-DEC-24 22-DEC-24 YES
	21 22-DEC-24 22-DEC-24 YES
	22 22-DEC-24 22-DEC-24 YES
	22 22-DEC-24 22-DEC-24 YES
	23 22-DEC-24 22-DEC-24 YES
	23 22-DEC-24 22-DEC-24 YES
	24 22-DEC-24 22-DEC-24 YES
	24 22-DEC-24 22-DEC-24 YES
	25 22-DEC-24 22-DEC-24 YES
	25 22-DEC-24 22-DEC-24 YES
	26 22-DEC-24 22-DEC-24 YES
	26 22-DEC-24 22-DEC-24 YES
	27 22-DEC-24 22-DEC-24 YES
	27 22-DEC-24 22-DEC-24 YES
	28 22-DEC-24 22-DEC-24 YES
	28 22-DEC-24 22-DEC-24 YES
	29 22-DEC-24 22-DEC-24 YES
	29 22-DEC-24 22-DEC-24 YES
	30 22-DEC-24 22-DEC-24 YES
	30 22-DEC-24 22-DEC-24 YES
	31 22-DEC-24 22-DEC-24 YES
	31 22-DEC-24 22-DEC-24 YES
	32 22-DEC-24 22-DEC-24 YES
	32 22-DEC-24 22-DEC-24 YES
	33 22-DEC-24 22-DEC-24 YES
	33 22-DEC-24 22-DEC-24 YES
	34 22-DEC-24 22-DEC-24 YES
	34 22-DEC-24 22-DEC-24 YES
	35 22-DEC-24 22-DEC-24 YES
	35 22-DEC-24 22-DEC-24 YES
	36 22-DEC-24 22-DEC-24 YES
	36 22-DEC-24 22-DEC-24 YES
	37 22-DEC-24 22-DEC-24 YES
	37 22-DEC-24 22-DEC-24 YES
	38 22-DEC-24 22-DEC-24 YES
	38 22-DEC-24 22-DEC-24 YES
	39 22-DEC-24 22-DEC-24 YES
	39 22-DEC-24 22-DEC-24 YES
	40 22-DEC-24 23-DEC-24 YES
	40 22-DEC-24 23-DEC-24 YES
	41 23-DEC-24 23-DEC-24 YES
	41 23-DEC-24 23-DEC-24 YES
	42 23-DEC-24 23-DEC-24 YES
	42 23-DEC-24 23-DEC-24 YES
	43 23-DEC-24 23-DEC-24 YES
	44 23-DEC-24 23-DEC-24 YES
	45 23-DEC-24 23-DEC-24 YES
	46 23-DEC-24 23-DEC-24 YES
	46 23-DEC-24 23-DEC-24 YES
	47 23-DEC-24 23-DEC-24 YES
	47 23-DEC-24 23-DEC-24 YES
	48 23-DEC-24 23-DEC-24 YES
	48 23-DEC-24 23-DEC-24 YES
	49 23-DEC-24 23-DEC-24 YES
	50 23-DEC-24 23-DEC-24 YES
	51 23-DEC-24 23-DEC-24 YES
	52 23-DEC-24 23-DEC-24 NO
	52 23-DEC-24 23-DEC-24 YES
	53 23-DEC-24 23-DEC-24 NO
	53 23-DEC-24 23-DEC-24 YES
	54 23-DEC-24 23-DEC-24 NO
	54 23-DEC-24 23-DEC-24 YES
	55 23-DEC-24 23-DEC-24 NO
	55 23-DEC-24 23-DEC-24 YES
	56 23-DEC-24 23-DEC-24 NO
	56 23-DEC-24 23-DEC-24 YES
	57 23-DEC-24 23-DEC-24 NO
	57 23-DEC-24 23-DEC-24 YES
	58 23-DEC-24 23-DEC-24 NO
	58 23-DEC-24 23-DEC-24 YES
	59 23-DEC-24 23-DEC-24 NO
	59 23-DEC-24 23-DEC-24 YES
	60 23-DEC-24 23-DEC-24 NO
	60 23-DEC-24 23-DEC-24 YES
	61 23-DEC-24 23-DEC-24 NO
	61 23-DEC-24 23-DEC-24 NO
	62 23-DEC-24 23-DEC-24 NO
	63 23-DEC-24 23-DEC-24 NO
	64 23-DEC-24 23-DEC-24 NO

102 rows selected.

SQL> set lines 300 pages 300;
SELECT sequence#, first_time, next_time, applied FROM v$archived_log ORDER BY sequence#;SQL> 

 SEQUENCE# FIRST_TIM NEXT_TIME APPLIED
---------- --------- --------- ---------
	 8 22-DEC-24 22-DEC-24 YES
	 9 22-DEC-24 22-DEC-24 YES
	10 22-DEC-24 22-DEC-24 YES
	11 22-DEC-24 22-DEC-24 YES
	11 22-DEC-24 22-DEC-24 YES
	12 22-DEC-24 22-DEC-24 YES
	12 22-DEC-24 22-DEC-24 YES
	13 22-DEC-24 22-DEC-24 YES
	13 22-DEC-24 22-DEC-24 YES
	14 22-DEC-24 22-DEC-24 YES
	14 22-DEC-24 22-DEC-24 YES
	15 22-DEC-24 22-DEC-24 YES
	15 22-DEC-24 22-DEC-24 YES
	16 22-DEC-24 22-DEC-24 YES
	16 22-DEC-24 22-DEC-24 YES
	17 22-DEC-24 22-DEC-24 YES
	17 22-DEC-24 22-DEC-24 YES
	18 22-DEC-24 22-DEC-24 YES
	18 22-DEC-24 22-DEC-24 YES
	19 22-DEC-24 22-DEC-24 YES
	19 22-DEC-24 22-DEC-24 YES
	20 22-DEC-24 22-DEC-24 YES
	20 22-DEC-24 22-DEC-24 YES
	21 22-DEC-24 22-DEC-24 YES
	21 22-DEC-24 22-DEC-24 YES
	22 22-DEC-24 22-DEC-24 YES
	22 22-DEC-24 22-DEC-24 YES
	23 22-DEC-24 22-DEC-24 YES
	23 22-DEC-24 22-DEC-24 YES
	24 22-DEC-24 22-DEC-24 YES
	24 22-DEC-24 22-DEC-24 YES
	25 22-DEC-24 22-DEC-24 YES
	25 22-DEC-24 22-DEC-24 YES
	26 22-DEC-24 22-DEC-24 YES
	26 22-DEC-24 22-DEC-24 YES
	27 22-DEC-24 22-DEC-24 YES
	27 22-DEC-24 22-DEC-24 YES
	28 22-DEC-24 22-DEC-24 YES
	28 22-DEC-24 22-DEC-24 YES
	29 22-DEC-24 22-DEC-24 YES
	29 22-DEC-24 22-DEC-24 YES
	30 22-DEC-24 22-DEC-24 YES
	30 22-DEC-24 22-DEC-24 YES
	31 22-DEC-24 22-DEC-24 YES
	31 22-DEC-24 22-DEC-24 YES
	32 22-DEC-24 22-DEC-24 YES
	32 22-DEC-24 22-DEC-24 YES
	33 22-DEC-24 22-DEC-24 YES
	33 22-DEC-24 22-DEC-24 YES
	34 22-DEC-24 22-DEC-24 YES
	34 22-DEC-24 22-DEC-24 YES
	35 22-DEC-24 22-DEC-24 YES
	35 22-DEC-24 22-DEC-24 YES
	36 22-DEC-24 22-DEC-24 YES
	36 22-DEC-24 22-DEC-24 YES
	37 22-DEC-24 22-DEC-24 YES
	37 22-DEC-24 22-DEC-24 YES
	38 22-DEC-24 22-DEC-24 YES
	38 22-DEC-24 22-DEC-24 YES
	39 22-DEC-24 22-DEC-24 YES
	39 22-DEC-24 22-DEC-24 YES
	40 22-DEC-24 23-DEC-24 YES
	40 22-DEC-24 23-DEC-24 YES
	41 23-DEC-24 23-DEC-24 YES
	41 23-DEC-24 23-DEC-24 YES
	42 23-DEC-24 23-DEC-24 YES
	42 23-DEC-24 23-DEC-24 YES
	43 23-DEC-24 23-DEC-24 YES
	44 23-DEC-24 23-DEC-24 YES
	45 23-DEC-24 23-DEC-24 YES
	46 23-DEC-24 23-DEC-24 YES
	46 23-DEC-24 23-DEC-24 YES
	47 23-DEC-24 23-DEC-24 YES
	47 23-DEC-24 23-DEC-24 YES
	48 23-DEC-24 23-DEC-24 YES
	48 23-DEC-24 23-DEC-24 YES
	49 23-DEC-24 23-DEC-24 YES
	50 23-DEC-24 23-DEC-24 YES
	51 23-DEC-24 23-DEC-24 YES
	52 23-DEC-24 23-DEC-24 NO
	52 23-DEC-24 23-DEC-24 YES
	53 23-DEC-24 23-DEC-24 NO
	53 23-DEC-24 23-DEC-24 YES
	54 23-DEC-24 23-DEC-24 NO
	54 23-DEC-24 23-DEC-24 YES
	55 23-DEC-24 23-DEC-24 NO
	55 23-DEC-24 23-DEC-24 YES
	56 23-DEC-24 23-DEC-24 NO
	56 23-DEC-24 23-DEC-24 YES
	57 23-DEC-24 23-DEC-24 NO
	57 23-DEC-24 23-DEC-24 YES
	58 23-DEC-24 23-DEC-24 NO
	58 23-DEC-24 23-DEC-24 YES
	59 23-DEC-24 23-DEC-24 NO
	59 23-DEC-24 23-DEC-24 YES
	60 23-DEC-24 23-DEC-24 NO
	60 23-DEC-24 23-DEC-24 YES
	61 23-DEC-24 23-DEC-24 NO
	61 23-DEC-24 23-DEC-24 YES
	62 23-DEC-24 23-DEC-24 NO
	62 23-DEC-24 23-DEC-24 NO
	63 23-DEC-24 23-DEC-24 NO
	63 23-DEC-24 23-DEC-24 NO
	64 23-DEC-24 23-DEC-24 NO
	64 23-DEC-24 23-DEC-24 NO

105 rows selected.

SQL> select process,status from v$managed_standby;

PROCESS   STATUS
--------- ------------
ARCH	  CLOSING
DGRD	  ALLOCATED
DGRD	  ALLOCATED
ARCH	  CLOSING
ARCH	  CLOSING
ARCH	  CLOSING
LNS	  WRITING
DGRD	  ALLOCATED
DGRD	  ALLOCATED

9 rows selected.

SQL> set lines 300 pages 300;
SELECT sequence#, first_time, next_time, applied FROM v$archived_log ORDER BY sequence#;SQL> 

 SEQUENCE# FIRST_TIM NEXT_TIME APPLIED
---------- --------- --------- ---------
	 8 22-DEC-24 22-DEC-24 YES
	 9 22-DEC-24 22-DEC-24 YES
	10 22-DEC-24 22-DEC-24 YES
	11 22-DEC-24 22-DEC-24 YES
	11 22-DEC-24 22-DEC-24 YES
	12 22-DEC-24 22-DEC-24 YES
	12 22-DEC-24 22-DEC-24 YES
	13 22-DEC-24 22-DEC-24 YES
	13 22-DEC-24 22-DEC-24 YES
	14 22-DEC-24 22-DEC-24 YES
	14 22-DEC-24 22-DEC-24 YES
	15 22-DEC-24 22-DEC-24 YES
	15 22-DEC-24 22-DEC-24 YES
	16 22-DEC-24 22-DEC-24 YES
	16 22-DEC-24 22-DEC-24 YES
	17 22-DEC-24 22-DEC-24 YES
	17 22-DEC-24 22-DEC-24 YES
	18 22-DEC-24 22-DEC-24 YES
	18 22-DEC-24 22-DEC-24 YES
	19 22-DEC-24 22-DEC-24 YES
	19 22-DEC-24 22-DEC-24 YES
	20 22-DEC-24 22-DEC-24 YES
	20 22-DEC-24 22-DEC-24 YES
	21 22-DEC-24 22-DEC-24 YES
	21 22-DEC-24 22-DEC-24 YES
	22 22-DEC-24 22-DEC-24 YES
	22 22-DEC-24 22-DEC-24 YES
	23 22-DEC-24 22-DEC-24 YES
	23 22-DEC-24 22-DEC-24 YES
	24 22-DEC-24 22-DEC-24 YES
	24 22-DEC-24 22-DEC-24 YES
	25 22-DEC-24 22-DEC-24 YES
	25 22-DEC-24 22-DEC-24 YES
	26 22-DEC-24 22-DEC-24 YES
	26 22-DEC-24 22-DEC-24 YES
	27 22-DEC-24 22-DEC-24 YES
	27 22-DEC-24 22-DEC-24 YES
	28 22-DEC-24 22-DEC-24 YES
	28 22-DEC-24 22-DEC-24 YES
	29 22-DEC-24 22-DEC-24 YES
	29 22-DEC-24 22-DEC-24 YES
	30 22-DEC-24 22-DEC-24 YES
	30 22-DEC-24 22-DEC-24 YES
	31 22-DEC-24 22-DEC-24 YES
	31 22-DEC-24 22-DEC-24 YES
	32 22-DEC-24 22-DEC-24 YES
	32 22-DEC-24 22-DEC-24 YES
	33 22-DEC-24 22-DEC-24 YES
	33 22-DEC-24 22-DEC-24 YES
	34 22-DEC-24 22-DEC-24 YES
	34 22-DEC-24 22-DEC-24 YES
	35 22-DEC-24 22-DEC-24 YES
	35 22-DEC-24 22-DEC-24 YES
	36 22-DEC-24 22-DEC-24 YES
	36 22-DEC-24 22-DEC-24 YES
	37 22-DEC-24 22-DEC-24 YES
	37 22-DEC-24 22-DEC-24 YES
	38 22-DEC-24 22-DEC-24 YES
	38 22-DEC-24 22-DEC-24 YES
	39 22-DEC-24 22-DEC-24 YES
	39 22-DEC-24 22-DEC-24 YES
	40 22-DEC-24 23-DEC-24 YES
	40 22-DEC-24 23-DEC-24 YES
	41 23-DEC-24 23-DEC-24 YES
	41 23-DEC-24 23-DEC-24 YES
	42 23-DEC-24 23-DEC-24 YES
	42 23-DEC-24 23-DEC-24 YES
	43 23-DEC-24 23-DEC-24 YES
	44 23-DEC-24 23-DEC-24 YES
	45 23-DEC-24 23-DEC-24 YES
	46 23-DEC-24 23-DEC-24 YES
	46 23-DEC-24 23-DEC-24 YES
	47 23-DEC-24 23-DEC-24 YES
	47 23-DEC-24 23-DEC-24 YES
	48 23-DEC-24 23-DEC-24 YES
	48 23-DEC-24 23-DEC-24 YES
	49 23-DEC-24 23-DEC-24 YES
	50 23-DEC-24 23-DEC-24 YES
	51 23-DEC-24 23-DEC-24 YES
	52 23-DEC-24 23-DEC-24 NO
	52 23-DEC-24 23-DEC-24 YES
	53 23-DEC-24 23-DEC-24 NO
	53 23-DEC-24 23-DEC-24 YES
	54 23-DEC-24 23-DEC-24 NO
	54 23-DEC-24 23-DEC-24 YES
	55 23-DEC-24 23-DEC-24 NO
	55 23-DEC-24 23-DEC-24 YES
	56 23-DEC-24 23-DEC-24 NO
	56 23-DEC-24 23-DEC-24 YES
	57 23-DEC-24 23-DEC-24 NO
	57 23-DEC-24 23-DEC-24 YES
	58 23-DEC-24 23-DEC-24 NO
	58 23-DEC-24 23-DEC-24 YES
	59 23-DEC-24 23-DEC-24 NO
	59 23-DEC-24 23-DEC-24 YES
	60 23-DEC-24 23-DEC-24 NO
	60 23-DEC-24 23-DEC-24 YES
	61 23-DEC-24 23-DEC-24 NO
	61 23-DEC-24 23-DEC-24 YES
	62 23-DEC-24 23-DEC-24 NO
	62 23-DEC-24 23-DEC-24 NO
	63 23-DEC-24 23-DEC-24 NO
	63 23-DEC-24 23-DEC-24 NO
	64 23-DEC-24 23-DEC-24 NO
	64 23-DEC-24 23-DEC-24 NO

105 rows selected.

SQL> set lines 200
col DESTINATION for a30
col ERROR for a50
select DESTINATION,TYPE,ARCHIVED_THREAD#,APPLIED_SEQ#,ARCHIVED_SEQ#,GAP_STATUS,error from v$archive_dest_status where DEST_ID=2;SQL> SQL> SQL> 

DESTINATION		       TYPE		ARCHIVED_THREAD# APPLIED_SEQ# ARCHIVED_SEQ# GAP_STATUS		     ERROR
------------------------------ ---------------- ---------------- ------------ ------------- ------------------------ --------------------------------------------------
to_proddbs		       PHYSICAL 		       1	   61		 64 NO GAP

SQL> set lines 300 pages 300;
SELECT sequence#, first_time, next_time, applied FROM v$archived_log ORDER BY sequence#;SQL> 

 SEQUENCE# FIRST_TIM NEXT_TIME APPLIED
---------- --------- --------- ---------
	 8 22-DEC-24 22-DEC-24 YES
	 9 22-DEC-24 22-DEC-24 YES
	10 22-DEC-24 22-DEC-24 YES
	11 22-DEC-24 22-DEC-24 YES
	11 22-DEC-24 22-DEC-24 YES
	12 22-DEC-24 22-DEC-24 YES
	12 22-DEC-24 22-DEC-24 YES
	13 22-DEC-24 22-DEC-24 YES
	13 22-DEC-24 22-DEC-24 YES
	14 22-DEC-24 22-DEC-24 YES
	14 22-DEC-24 22-DEC-24 YES
	15 22-DEC-24 22-DEC-24 YES
	15 22-DEC-24 22-DEC-24 YES
	16 22-DEC-24 22-DEC-24 YES
	16 22-DEC-24 22-DEC-24 YES
	17 22-DEC-24 22-DEC-24 YES
	17 22-DEC-24 22-DEC-24 YES
	18 22-DEC-24 22-DEC-24 YES
	18 22-DEC-24 22-DEC-24 YES
	19 22-DEC-24 22-DEC-24 YES
	19 22-DEC-24 22-DEC-24 YES
	20 22-DEC-24 22-DEC-24 YES
	20 22-DEC-24 22-DEC-24 YES
	21 22-DEC-24 22-DEC-24 YES
	21 22-DEC-24 22-DEC-24 YES
	22 22-DEC-24 22-DEC-24 YES
	22 22-DEC-24 22-DEC-24 YES
	23 22-DEC-24 22-DEC-24 YES
	23 22-DEC-24 22-DEC-24 YES
	24 22-DEC-24 22-DEC-24 YES
	24 22-DEC-24 22-DEC-24 YES
	25 22-DEC-24 22-DEC-24 YES
	25 22-DEC-24 22-DEC-24 YES
	26 22-DEC-24 22-DEC-24 YES
	26 22-DEC-24 22-DEC-24 YES
	27 22-DEC-24 22-DEC-24 YES
	27 22-DEC-24 22-DEC-24 YES
	28 22-DEC-24 22-DEC-24 YES
	28 22-DEC-24 22-DEC-24 YES
	29 22-DEC-24 22-DEC-24 YES
	29 22-DEC-24 22-DEC-24 YES
	30 22-DEC-24 22-DEC-24 YES
	30 22-DEC-24 22-DEC-24 YES
	31 22-DEC-24 22-DEC-24 YES
	31 22-DEC-24 22-DEC-24 YES
	32 22-DEC-24 22-DEC-24 YES
	32 22-DEC-24 22-DEC-24 YES
	33 22-DEC-24 22-DEC-24 YES
	33 22-DEC-24 22-DEC-24 YES
	34 22-DEC-24 22-DEC-24 YES
	34 22-DEC-24 22-DEC-24 YES
	35 22-DEC-24 22-DEC-24 YES
	35 22-DEC-24 22-DEC-24 YES
	36 22-DEC-24 22-DEC-24 YES
	36 22-DEC-24 22-DEC-24 YES
	37 22-DEC-24 22-DEC-24 YES
	37 22-DEC-24 22-DEC-24 YES
	38 22-DEC-24 22-DEC-24 YES
	38 22-DEC-24 22-DEC-24 YES
	39 22-DEC-24 22-DEC-24 YES
	39 22-DEC-24 22-DEC-24 YES
	40 22-DEC-24 23-DEC-24 YES
	40 22-DEC-24 23-DEC-24 YES
	41 23-DEC-24 23-DEC-24 YES
	41 23-DEC-24 23-DEC-24 YES
	42 23-DEC-24 23-DEC-24 YES
	42 23-DEC-24 23-DEC-24 YES
	43 23-DEC-24 23-DEC-24 YES
	44 23-DEC-24 23-DEC-24 YES
	45 23-DEC-24 23-DEC-24 YES
	46 23-DEC-24 23-DEC-24 YES
	46 23-DEC-24 23-DEC-24 YES
	47 23-DEC-24 23-DEC-24 YES
	47 23-DEC-24 23-DEC-24 YES
	48 23-DEC-24 23-DEC-24 YES
	48 23-DEC-24 23-DEC-24 YES
	49 23-DEC-24 23-DEC-24 YES
	50 23-DEC-24 23-DEC-24 YES
	51 23-DEC-24 23-DEC-24 YES
	52 23-DEC-24 23-DEC-24 NO
	52 23-DEC-24 23-DEC-24 YES
	53 23-DEC-24 23-DEC-24 NO
	53 23-DEC-24 23-DEC-24 YES
	54 23-DEC-24 23-DEC-24 NO
	54 23-DEC-24 23-DEC-24 YES
	55 23-DEC-24 23-DEC-24 NO
	55 23-DEC-24 23-DEC-24 YES
	56 23-DEC-24 23-DEC-24 NO
	56 23-DEC-24 23-DEC-24 YES
	57 23-DEC-24 23-DEC-24 NO
	57 23-DEC-24 23-DEC-24 YES
	58 23-DEC-24 23-DEC-24 NO
	58 23-DEC-24 23-DEC-24 YES
	59 23-DEC-24 23-DEC-24 NO
	59 23-DEC-24 23-DEC-24 YES
	60 23-DEC-24 23-DEC-24 NO
	60 23-DEC-24 23-DEC-24 YES
	61 23-DEC-24 23-DEC-24 NO
	61 23-DEC-24 23-DEC-24 YES
	62 23-DEC-24 23-DEC-24 NO
	62 23-DEC-24 23-DEC-24 YES
	63 23-DEC-24 23-DEC-24 NO
	63 23-DEC-24 23-DEC-24 YES
	64 23-DEC-24 23-DEC-24 NO
	64 23-DEC-24 23-DEC-24 NO

105 rows selected.

SQL> exit
Disconnected from Oracle Database 19c Enterprise Edition Release 19.0.0.0.0 - Production
Version 19.3.0.0.0
[oracle@primary admin]$ dgmgrl
DGMGRL for Linux: Release 19.0.0.0.0 - Production on Mon Dec 23 14:32:41 2024
Version 19.3.0.0.0

Copyright (c) 1982, 2019, Oracle and/or its affiliates.  All rights reserved.

Welcome to DGMGRL, type "help" for information.
DGMGRL> connect sys/oracle@to_proddb
Connected to "proddb"
Connected as SYSDBA.
DGMGRL> show configuration

Configuration - DG_BRK_BATCH9

  Protection Mode: MaxPerformance
  Members:
  proddb  - Primary database
    proddbs - Physical standby database 

Fast-Start Failover:  Disabled

Configuration Status:
SUCCESS   (status updated 28 seconds ago)

DGMGRL> SELECT FLASHBACK_ON FROM V$DATABASE;
Unrecognized command "select", try "help"
DGMGRL> exit
[oracle@primary admin]$ sqlplus / as sysdba

SQL*Plus: Release 19.0.0.0.0 - Production on Mon Dec 23 14:33:37 2024
Version 19.3.0.0.0

Copyright (c) 1982, 2019, Oracle.  All rights reserved.


Connected to:
Oracle Database 19c Enterprise Edition Release 19.0.0.0.0 - Production
Version 19.3.0.0.0

SQL> SELECT FLASHBACK_ON FROM V$DATABASE;

FLASHBACK_ON
------------------
NO

SQL> SELECT PROCESS, STATUS FROM V$MANAGED_STANDBY WHERE PROCESS LIKE '%ARCH%' OR PROCESS = 'LGWR';

PROCESS   STATUS
--------- ------------
ARCH	  CLOSING
ARCH	  CLOSING
ARCH	  CLOSING
ARCH	  CLOSING


13 rows selected.

SQL> show pdbs

    CON_ID CON_NAME			  OPEN MODE  RESTRICTED
---------- ------------------------------ ---------- ----------
	 2 PDB$SEED			  READ ONLY  NO
	 3 HDFC 			  READ WRITE NO
SQL> create pluggable database sbi admin user venky identified by venky;

Pluggable database created.

SQL> show pdbs

    CON_ID CON_NAME			  OPEN MODE  RESTRICTED
---------- ------------------------------ ---------- ----------
	 2 PDB$SEED			  READ ONLY  NO
	 3 HDFC 			  READ WRITE NO
	 4 SBI				  MOUNTED
SQL> alter pluggable database sbi open;

Pluggable database altered.

SQL> show pdbs

    CON_ID CON_NAME			  OPEN MODE  RESTRICTED
---------- ------------------------------ ---------- ----------
	 2 PDB$SEED			  READ ONLY  NO
	 3 HDFC 			  READ WRITE NO
	 4 SBI				  READ WRITE NO
SQL> alter pluggable database sbi save state;

Pluggable database altered.

SQL> show pdbs

    CON_ID CON_NAME			  OPEN MODE  RESTRICTED
---------- ------------------------------ ---------- ----------
	 2 PDB$SEED			  READ ONLY  NO
	 3 HDFC 			  READ WRITE NO
	 4 SBI				  READ WRITE NO
SQL> alter session set container = sbi;

Session altered.

SQL> show user
USER is "SYS"
SQL> show con_name

CON_NAME
------------------------------
SBI
SQL> create user venky identified by venky;
create user venky identified by venky
            *
ERROR at line 1:
ORA-01920: user name 'VENKY' conflicts with another user or role name


SQL> create user venk identified by venk;

User created.

SQL> conn venk/venk@to_sbi
ERROR:
ORA-12154: TNS:could not resolve the connect identifier specified


Warning: You are no longer connected to ORACLE.
SQL> exit
[oracle@primary admin]$ ll
total 12
-rw-r--r--. 1 oracle oinstall  483 Dec 22 21:37 listener.ora
drwxr-xr-x. 2 oracle oinstall   64 Apr 17  2019 samples
-rw-r--r--. 1 oracle oinstall 1536 Feb 14  2018 shrept.lst
-rw-r--r--. 1 oracle oinstall  532 Dec 22 21:31 tnsnames.ora
[oracle@primary admin]$ vi tnsnames.ora 
[oracle@primary admin]$ vi listener.ora 
[oracle@primary admin]$ sqlplus / as sysdba

SQL*Plus: Release 19.0.0.0.0 - Production on Mon Dec 23 14:46:40 2024
Version 19.3.0.0.0

Copyright (c) 1982, 2019, Oracle.  All rights reserved.


Connected to:
Oracle Database 19c Enterprise Edition Release 19.0.0.0.0 - Production
Version 19.3.0.0.0

SQL> conn venk/venk@to_sbi;
ERROR:
ORA-01045: user VENK lacks CREATE SESSION privilege; logon denied


Warning: You are no longer connected to ORACLE.
SQL> grant create session to venk;
SP2-0640: Not connected
SQL> show user
USER is ""
SQL> conn / as sysdba
Connected.
SQL> grant create session to venk;
grant create session to venk
                        *
ERROR at line 1:
ORA-01917: user or role 'VENK' does not exist


SQL> show user
USER is "SYS"
SQL> show con_name

CON_NAME
------------------------------
CDB$ROOT
SQL> alter session set container = sbi;

Session altered.

SQL> grant create session to venk;

Grant succeeded.

SQL> conn venk/venk@to_sbi;
Connected.
SQL> show user
USER is "VENK"
SQL> show con_name

CON_NAME
------------------------------
SBI
SQL> alter session set container = cdb$root;
ERROR:
ORA-01031: insufficient privileges


SQL> show user
USER is "VENK"
SQL> conn / as sysdba
Connected.
SQL> alter session set container = sbi;

Session altered.

SQL> grant connect, resource to venk;

Grant succeeded.

SQL> alter user venk default tablespace user;
alter user venk default tablespace user
                                   *
ERROR at line 1:
ORA-02155: invalid DEFAULT tablespace identifier


SQL> alter user venk default tablespace users;
alter user venk default tablespace users
*
ERROR at line 1:
ORA-00959: tablespace 'USERS' does not exist


SQL> show user
USER is "SYS"
SQL> create tablespace venkts datafile '/u01/app/oracle/oradata/PRODDB/datafile/dbf_001.dbf' size 10M;

Tablespace created.

SQL> alter user venk default tablespace venkts;

User altered.

SQL> alter user venk quota unlimited on venkts;

User altered.

SQL> show user
USER is "SYS"
SQL> show con_name

CON_NAME
------------------------------
SBI
SQL> conn venk/venk@to_sbi;
Connected.
SQL> create table venk (a number, name varchar2(20));

Table created.

SQL> insert into venk values (10, 'bank');   

1 row created.

SQL> select * from venk;

	 A NAME
---------- --------------------
	10 bank

SQL> desc venk
 Name					   Null?    Type
 ----------------------------------------- -------- ----------------------------
 A						    NUMBER
 NAME						    VARCHAR2(20)

SQL> exit
Disconnected from Oracle Database 19c Enterprise Edition Release 19.0.0.0.0 - Production
Version 19.3.0.0.0
[oracle@primary admin]$ ll
total 12
-rw-r--r--. 1 oracle oinstall  483 Dec 22 21:37 listener.ora
drwxr-xr-x. 2 oracle oinstall   64 Apr 17  2019 samples
-rw-r--r--. 1 oracle oinstall 1536 Feb 14  2018 shrept.lst
-rw-r--r--. 1 oracle oinstall  711 Dec 23 14:46 tnsnames.ora
[oracle@primary admin]$ cat listener.ora 
# listener.ora Network Configuration File: /u01/app/oracle/product/19.0.0.0/dbhome_1/network/admin/listener.ora
# Generated by Oracle configuration tools.

SID_LIST_LISTENER =
  (SID_LIST =
    (SID_DESC =
      (GLOBAL_DBNAME = proddb_DGMGRL)
      (ORACLE_HOME = /u01/app/oracle/product/19.0.0.0/dbhome_1)
      (SID_NAME = proddb)
    )
  )

LISTENER =
  (DESCRIPTION =
    (ADDRESS = (PROTOCOL = TCP)(HOST = 192.168.0.144)(PORT = 1521))
  )

ADR_BASE_LISTENER = /u01/app/oracle

[oracle@primary admin]$ cat tnsnames.ora 
# tnsnames.ora Network Configuration File: /u01/app/oracle/product/19.0.0.0/dbhome_1/network/admin/tnsnames.ora
# Generated by Oracle configuration tools.

TO_PRODDB =
  (DESCRIPTION =
    (ADDRESS_LIST =
      (ADDRESS = (PROTOCOL = TCP)(HOST = 192.168.0.144)(PORT = 1521))
    )
    (CONNECT_DATA =
      (SERVICE_NAME = proddb)
    )
  )


TO_PRODDBS =
  (DESCRIPTION =
    (ADDRESS_LIST =
      (ADDRESS = (PROTOCOL = TCP)(HOST = 192.168.0.145)(PORT = 1521))
    )
    (CONNECT_DATA =
      (SERVICE_NAME = proddbs)
    )
  )

TO_SBI =
  (DESCRIPTION =
    (ADDRESS_LIST =
      (ADDRESS = (PROTOCOL = TCP)(HOST = 192.168.0.144)(PORT = 1521))
    )
    (CONNECT_DATA =
      (SERVICE_NAME = sbi)
    )
  )

[oracle@primary admin]$ sqlplus / as sysdba

SQL*Plus: Release 19.0.0.0.0 - Production on Mon Dec 23 15:02:56 2024
Version 19.3.0.0.0

Copyright (c) 1982, 2019, Oracle.  All rights reserved.


Connected to:
Oracle Database 19c Enterprise Edition Release 19.0.0.0.0 - Production
Version 19.3.0.0.0

SQL> commit;

Commit complete.

SQL> show user
USER is "SYS"
SQL> show pdbs  

    CON_ID CON_NAME			  OPEN MODE  RESTRICTED
---------- ------------------------------ ---------- ----------
	 2 PDB$SEED			  READ ONLY  NO
	 3 HDFC 			  READ WRITE NO
	 4 SBI				  READ WRITE NO
SQL> alter session set container = sbi;

Session altered.

SQL> conn venk/venk@to_sbi;
Connected.
SQL> select * from venk;

	 A NAME
---------- --------------------
	10 bank

SQL> insert into venk values(11, 'bank1');

1 row created.

SQL> /

1 row created.

SQL> /

1 row created.

SQL> commit;

Commit complete.

SQL> set lines 300 pages 300;
SELECT sequence#, first_time, next_time, applied FROM v$archived_log ORDER BY sequence#;SQL> 
SELECT sequence#, first_time, next_time, applied FROM v$archived_log ORDER BY sequence#
                                                      *
ERROR at line 1:
ORA-00942: table or view does not exist


SQL> show user
USER is "VENK"
SQL> show con_name

CON_NAME
------------------------------
SBI
SQL> conn / as sysdba
Connected.
SQL> show user
USER is "SYS"
SQL> show con_name

CON_NAME
------------------------------
CDB$ROOT
SQL> set lines 300 pages 300;
SELECT sequence#, first_time, next_time, applied FROM v$archived_log ORDER BY sequence#;SQL> 

 SEQUENCE# FIRST_TIM NEXT_TIME APPLIED
---------- --------- --------- ---------
	 8 22-DEC-24 22-DEC-24 YES
	 9 22-DEC-24 22-DEC-24 YES
	10 22-DEC-24 22-DEC-24 YES
	11 22-DEC-24 22-DEC-24 YES
	11 22-DEC-24 22-DEC-24 YES
	12 22-DEC-24 22-DEC-24 YES
	12 22-DEC-24 22-DEC-24 YES
	13 22-DEC-24 22-DEC-24 YES
	13 22-DEC-24 22-DEC-24 YES
	14 22-DEC-24 22-DEC-24 YES
	14 22-DEC-24 22-DEC-24 YES
	15 22-DEC-24 22-DEC-24 YES
	15 22-DEC-24 22-DEC-24 YES
	16 22-DEC-24 22-DEC-24 YES
	16 22-DEC-24 22-DEC-24 YES
	17 22-DEC-24 22-DEC-24 YES
	17 22-DEC-24 22-DEC-24 YES
	18 22-DEC-24 22-DEC-24 YES
	18 22-DEC-24 22-DEC-24 YES
	19 22-DEC-24 22-DEC-24 YES
	19 22-DEC-24 22-DEC-24 YES
	20 22-DEC-24 22-DEC-24 YES
	20 22-DEC-24 22-DEC-24 YES
	21 22-DEC-24 22-DEC-24 YES
	21 22-DEC-24 22-DEC-24 YES
	22 22-DEC-24 22-DEC-24 YES
	22 22-DEC-24 22-DEC-24 YES
	23 22-DEC-24 22-DEC-24 YES
	23 22-DEC-24 22-DEC-24 YES
	24 22-DEC-24 22-DEC-24 YES
	24 22-DEC-24 22-DEC-24 YES
	25 22-DEC-24 22-DEC-24 YES
	25 22-DEC-24 22-DEC-24 YES
	26 22-DEC-24 22-DEC-24 YES
	26 22-DEC-24 22-DEC-24 YES
	27 22-DEC-24 22-DEC-24 YES
	27 22-DEC-24 22-DEC-24 YES
	28 22-DEC-24 22-DEC-24 YES
	28 22-DEC-24 22-DEC-24 YES
	29 22-DEC-24 22-DEC-24 YES
	29 22-DEC-24 22-DEC-24 YES
	30 22-DEC-24 22-DEC-24 YES
	30 22-DEC-24 22-DEC-24 YES
	31 22-DEC-24 22-DEC-24 YES
	31 22-DEC-24 22-DEC-24 YES
	32 22-DEC-24 22-DEC-24 YES
	32 22-DEC-24 22-DEC-24 YES
	33 22-DEC-24 22-DEC-24 YES
	33 22-DEC-24 22-DEC-24 YES
	34 22-DEC-24 22-DEC-24 YES
	34 22-DEC-24 22-DEC-24 YES
	35 22-DEC-24 22-DEC-24 YES
	35 22-DEC-24 22-DEC-24 YES
	36 22-DEC-24 22-DEC-24 YES
	36 22-DEC-24 22-DEC-24 YES
	37 22-DEC-24 22-DEC-24 YES
	37 22-DEC-24 22-DEC-24 YES
	38 22-DEC-24 22-DEC-24 YES
	38 22-DEC-24 22-DEC-24 YES
	39 22-DEC-24 22-DEC-24 YES
	39 22-DEC-24 22-DEC-24 YES
	40 22-DEC-24 23-DEC-24 YES
	40 22-DEC-24 23-DEC-24 YES
	41 23-DEC-24 23-DEC-24 YES
	41 23-DEC-24 23-DEC-24 YES
	42 23-DEC-24 23-DEC-24 YES
	42 23-DEC-24 23-DEC-24 YES
	43 23-DEC-24 23-DEC-24 YES
	44 23-DEC-24 23-DEC-24 YES
	45 23-DEC-24 23-DEC-24 YES
	46 23-DEC-24 23-DEC-24 YES
	46 23-DEC-24 23-DEC-24 YES
	47 23-DEC-24 23-DEC-24 YES
	47 23-DEC-24 23-DEC-24 YES
	48 23-DEC-24 23-DEC-24 YES
	48 23-DEC-24 23-DEC-24 YES
	49 23-DEC-24 23-DEC-24 YES
	50 23-DEC-24 23-DEC-24 YES
	51 23-DEC-24 23-DEC-24 YES
	52 23-DEC-24 23-DEC-24 NO
	52 23-DEC-24 23-DEC-24 YES
	53 23-DEC-24 23-DEC-24 NO
	53 23-DEC-24 23-DEC-24 YES
	54 23-DEC-24 23-DEC-24 NO
	54 23-DEC-24 23-DEC-24 YES
	55 23-DEC-24 23-DEC-24 NO
	55 23-DEC-24 23-DEC-24 YES
	56 23-DEC-24 23-DEC-24 NO
	56 23-DEC-24 23-DEC-24 YES
	57 23-DEC-24 23-DEC-24 NO
	57 23-DEC-24 23-DEC-24 YES
	58 23-DEC-24 23-DEC-24 NO
	58 23-DEC-24 23-DEC-24 YES
	59 23-DEC-24 23-DEC-24 NO
	59 23-DEC-24 23-DEC-24 YES
	60 23-DEC-24 23-DEC-24 NO
	60 23-DEC-24 23-DEC-24 YES
	61 23-DEC-24 23-DEC-24 NO
	61 23-DEC-24 23-DEC-24 YES
	62 23-DEC-24 23-DEC-24 NO
	62 23-DEC-24 23-DEC-24 YES
	63 23-DEC-24 23-DEC-24 NO
	63 23-DEC-24 23-DEC-24 YES
	64 23-DEC-24 23-DEC-24 NO
	64 23-DEC-24 23-DEC-24 YES
	65 23-DEC-24 23-DEC-24 NO
	65 23-DEC-24 23-DEC-24 YES
	66 23-DEC-24 23-DEC-24 NO
	66 23-DEC-24 23-DEC-24 YES

109 rows selected.

SQL> alter system switch logfile;

System altered.

SQL> .
SQL> /

System altered.

SQL> /

System altered.

SQL> /

System altered.

SQL> archive log list
Database log mode	       Archive Mode
Automatic archival	       Enabled
Archive destination	       USE_DB_RECOVERY_FILE_DEST
Oldest online log sequence     69
Next log sequence to archive   71
Current log sequence	       71
SQL> set lines 300 pages 300;
SELECT sequence#, first_time, next_time, applied FROM v$archived_log ORDER BY sequence#;SQL> 

 SEQUENCE# FIRST_TIM NEXT_TIME APPLIED
---------- --------- --------- ---------
	 8 22-DEC-24 22-DEC-24 YES
	 9 22-DEC-24 22-DEC-24 YES
	10 22-DEC-24 22-DEC-24 YES
	11 22-DEC-24 22-DEC-24 YES
	11 22-DEC-24 22-DEC-24 YES
	12 22-DEC-24 22-DEC-24 YES
	12 22-DEC-24 22-DEC-24 YES
	13 22-DEC-24 22-DEC-24 YES
	13 22-DEC-24 22-DEC-24 YES
	14 22-DEC-24 22-DEC-24 YES
	14 22-DEC-24 22-DEC-24 YES
	15 22-DEC-24 22-DEC-24 YES
	15 22-DEC-24 22-DEC-24 YES
	16 22-DEC-24 22-DEC-24 YES
	16 22-DEC-24 22-DEC-24 YES
	17 22-DEC-24 22-DEC-24 YES
	17 22-DEC-24 22-DEC-24 YES
	18 22-DEC-24 22-DEC-24 YES
	18 22-DEC-24 22-DEC-24 YES
	19 22-DEC-24 22-DEC-24 YES
	19 22-DEC-24 22-DEC-24 YES
	20 22-DEC-24 22-DEC-24 YES
	20 22-DEC-24 22-DEC-24 YES
	21 22-DEC-24 22-DEC-24 YES
	21 22-DEC-24 22-DEC-24 YES
	22 22-DEC-24 22-DEC-24 YES
	22 22-DEC-24 22-DEC-24 YES
	23 22-DEC-24 22-DEC-24 YES
	23 22-DEC-24 22-DEC-24 YES
	24 22-DEC-24 22-DEC-24 YES
	24 22-DEC-24 22-DEC-24 YES
	25 22-DEC-24 22-DEC-24 YES
	25 22-DEC-24 22-DEC-24 YES
	26 22-DEC-24 22-DEC-24 YES
	26 22-DEC-24 22-DEC-24 YES
	27 22-DEC-24 22-DEC-24 YES
	27 22-DEC-24 22-DEC-24 YES
	28 22-DEC-24 22-DEC-24 YES
	28 22-DEC-24 22-DEC-24 YES
	29 22-DEC-24 22-DEC-24 YES
	29 22-DEC-24 22-DEC-24 YES
	30 22-DEC-24 22-DEC-24 YES
	30 22-DEC-24 22-DEC-24 YES
	31 22-DEC-24 22-DEC-24 YES
	31 22-DEC-24 22-DEC-24 YES
	32 22-DEC-24 22-DEC-24 YES
	32 22-DEC-24 22-DEC-24 YES
	33 22-DEC-24 22-DEC-24 YES
	33 22-DEC-24 22-DEC-24 YES
	34 22-DEC-24 22-DEC-24 YES
	34 22-DEC-24 22-DEC-24 YES
	35 22-DEC-24 22-DEC-24 YES
	35 22-DEC-24 22-DEC-24 YES
	36 22-DEC-24 22-DEC-24 YES
	36 22-DEC-24 22-DEC-24 YES
	37 22-DEC-24 22-DEC-24 YES
	37 22-DEC-24 22-DEC-24 YES
	38 22-DEC-24 22-DEC-24 YES
	38 22-DEC-24 22-DEC-24 YES
	39 22-DEC-24 22-DEC-24 YES
	39 22-DEC-24 22-DEC-24 YES
	40 22-DEC-24 23-DEC-24 YES
	40 22-DEC-24 23-DEC-24 YES
	41 23-DEC-24 23-DEC-24 YES
	41 23-DEC-24 23-DEC-24 YES
	42 23-DEC-24 23-DEC-24 YES
	42 23-DEC-24 23-DEC-24 YES
	43 23-DEC-24 23-DEC-24 YES
	44 23-DEC-24 23-DEC-24 YES
	45 23-DEC-24 23-DEC-24 YES
	46 23-DEC-24 23-DEC-24 YES
	46 23-DEC-24 23-DEC-24 YES
	47 23-DEC-24 23-DEC-24 YES
	47 23-DEC-24 23-DEC-24 YES
	48 23-DEC-24 23-DEC-24 YES
	48 23-DEC-24 23-DEC-24 YES
	49 23-DEC-24 23-DEC-24 YES
	50 23-DEC-24 23-DEC-24 YES
	51 23-DEC-24 23-DEC-24 YES
	52 23-DEC-24 23-DEC-24 NO
	52 23-DEC-24 23-DEC-24 YES
	53 23-DEC-24 23-DEC-24 YES
	53 23-DEC-24 23-DEC-24 NO
	54 23-DEC-24 23-DEC-24 NO
	54 23-DEC-24 23-DEC-24 YES
	55 23-DEC-24 23-DEC-24 NO
	55 23-DEC-24 23-DEC-24 YES
	56 23-DEC-24 23-DEC-24 NO
	56 23-DEC-24 23-DEC-24 YES
	57 23-DEC-24 23-DEC-24 NO
	57 23-DEC-24 23-DEC-24 YES
	58 23-DEC-24 23-DEC-24 NO
	58 23-DEC-24 23-DEC-24 YES
	59 23-DEC-24 23-DEC-24 NO
	59 23-DEC-24 23-DEC-24 YES
	60 23-DEC-24 23-DEC-24 NO
	60 23-DEC-24 23-DEC-24 YES
	61 23-DEC-24 23-DEC-24 NO
	61 23-DEC-24 23-DEC-24 YES
	62 23-DEC-24 23-DEC-24 NO
	62 23-DEC-24 23-DEC-24 YES
	63 23-DEC-24 23-DEC-24 NO
	63 23-DEC-24 23-DEC-24 YES
	64 23-DEC-24 23-DEC-24 NO
	64 23-DEC-24 23-DEC-24 YES
	65 23-DEC-24 23-DEC-24 NO
	65 23-DEC-24 23-DEC-24 YES
	66 23-DEC-24 23-DEC-24 NO
	66 23-DEC-24 23-DEC-24 YES
	67 23-DEC-24 23-DEC-24 NO
	67 23-DEC-24 23-DEC-24 YES
	68 23-DEC-24 23-DEC-24 NO
	68 23-DEC-24 23-DEC-24 YES
	69 23-DEC-24 23-DEC-24 NO
	69 23-DEC-24 23-DEC-24 YES
	70 23-DEC-24 23-DEC-24 YES
	70 23-DEC-24 23-DEC-24 NO

117 rows selected.

SQL> exit
Disconnected from Oracle Database 19c Enterprise Edition Release 19.0.0.0.0 - Production
Version 19.3.0.0.0
[oracle@primary admin]$ dgmgrl
DGMGRL for Linux: Release 19.0.0.0.0 - Production on Mon Dec 23 15:14:17 2024
Version 19.3.0.0.0

Copyright (c) 1982, 2019, Oracle and/or its affiliates.  All rights reserved.

Welcome to DGMGRL, type "help" for information.
DGMGRL> connect sys/oracle@to_proddb
Connected to "proddb"
Connected as SYSDBA.
DGMGRL> show configuration

Configuration - DG_BRK_BATCH9

  Protection Mode: MaxPerformance
  Members:
  proddb  - Primary database
    proddbs - Physical standby database 

Fast-Start Failover:  Disabled

Configuration Status:
SUCCESS   (status updated 51 seconds ago)

DGMGRL> show configuration verbose;

Configuration - DG_BRK_BATCH9

  Protection Mode: MaxPerformance
  Members:
  proddb  - Primary database
    proddbs - Physical standby database 

  Properties:
    FastStartFailoverThreshold      = '30'
    OperationTimeout                = '30'
    TraceLevel                      = 'USER'
    FastStartFailoverLagLimit       = '30'
    CommunicationTimeout            = '180'
    ObserverReconnect               = '0'
    FastStartFailoverAutoReinstate  = 'TRUE'
    FastStartFailoverPmyShutdown    = 'TRUE'
    BystandersFollowRoleChange      = 'ALL'
    ObserverOverride                = 'FALSE'
    ExternalDestination1            = ''
    ExternalDestination2            = ''
    PrimaryLostWriteAction          = 'CONTINUE'
    ConfigurationWideServiceName    = 'proddb_CFG'

Fast-Start Failover:  Disabled

Configuration Status:
SUCCESS

DGMGRL> show database proddb verbose;
Error: ORA-16606: unable to find property "verbose"

DGMGRL> show database verbose proddb;

Database - proddb

  Role:               PRIMARY
  Intended State:     TRANSPORT-ON
  Instance(s):
    proddb

  Properties:
    DGConnectIdentifier             = 'to_proddb'
    ObserverConnectIdentifier       = ''
    FastStartFailoverTarget         = ''
    PreferredObserverHosts          = ''
    LogShipping                     = 'ON'
    RedoRoutes                      = ''
    LogXptMode                      = 'ASYNC'
    DelayMins                       = '0'
    Binding                         = 'optional'
    MaxFailure                      = '0'
    ReopenSecs                      = '300'
    NetTimeout                      = '30'
    RedoCompression                 = 'DISABLE'
    PreferredApplyInstance          = ''
    ApplyInstanceTimeout            = '0'
    ApplyLagThreshold               = '30'
    TransportLagThreshold           = '30'
    TransportDisconnectedThreshold  = '30'
    ApplyParallel                   = 'AUTO'
    ApplyInstances                  = '0'
    StandbyFileManagement           = ''
    ArchiveLagTarget                = '0'
    LogArchiveMaxProcesses          = '0'
    LogArchiveMinSucceedDest        = '0'
    DataGuardSyncLatency            = '0'
    LogArchiveTrace                 = '0'
    LogArchiveFormat                = ''
    DbFileNameConvert               = ''
    LogFileNameConvert              = ''
    ArchiveLocation                 = ''
    AlternateLocation               = ''
    StandbyArchiveLocation          = ''
    StandbyAlternateLocation        = ''
    InconsistentProperties          = '(monitor)'
    InconsistentLogXptProps         = '(monitor)'
    LogXptStatus                    = '(monitor)'
    SendQEntries                    = '(monitor)'
    RecvQEntries                    = '(monitor)'
    HostName                        = 'primary.com'
    StaticConnectIdentifier         = '(DESCRIPTION=(ADDRESS_LIST=(ADDRESS=(PROTOCOL=TCP)(HOST=192.168.0.144)(PORT=1521)))(CONNECT_DATA=(SERVICE_NAME=proddb_DGMGRL)(INSTANCE_NAME=proddb)(SERVER=DEDICATED)))'
    TopWaitEvents                   = '(monitor)'
    SidName                         = '(monitor)'

  Log file locations:
    Alert log               : /u01/app/oracle/diag/rdbms/proddb/proddb/trace/alert_proddb.log
    Data Guard Broker log   : /u01/app/oracle/diag/rdbms/proddb/proddb/trace/drcproddb.log

Database Status:
SUCCESS

DGMGRL> show database verbose proddbs;

Database - proddbs

  Role:               PHYSICAL STANDBY
  Intended State:     APPLY-ON
  Transport Lag:      0 seconds (computed 0 seconds ago)
  Apply Lag:          0 seconds (computed 0 seconds ago)
  Average Apply Rate: 1.00 KByte/s
  Active Apply Rate:  30.00 KByte/s
  Maximum Apply Rate: 30.00 KByte/s
  Real Time Query:    OFF
  Instance(s):
    proddbs

  Properties:
    DGConnectIdentifier             = 'to_proddbs'
    ObserverConnectIdentifier       = ''
    FastStartFailoverTarget         = ''
    PreferredObserverHosts          = ''
    LogShipping                     = 'ON'
    RedoRoutes                      = ''
    LogXptMode                      = 'ASYNC'
    DelayMins                       = '0'
    Binding                         = 'optional'
    MaxFailure                      = '0'
    ReopenSecs                      = '300'
    NetTimeout                      = '30'
    RedoCompression                 = 'DISABLE'
    PreferredApplyInstance          = ''
    ApplyInstanceTimeout            = '0'
    ApplyLagThreshold               = '30'
    TransportLagThreshold           = '30'
    TransportDisconnectedThreshold  = '30'
    ApplyParallel                   = 'AUTO'
    ApplyInstances                  = '0'
    StandbyFileManagement           = ''
    ArchiveLagTarget                = '0'
    LogArchiveMaxProcesses          = '0'
    LogArchiveMinSucceedDest        = '0'
    DataGuardSyncLatency            = '0'
    LogArchiveTrace                 = '0'
    LogArchiveFormat                = ''
    DbFileNameConvert               = ''
    LogFileNameConvert              = ''
    ArchiveLocation                 = ''
    AlternateLocation               = ''
    StandbyArchiveLocation          = ''
    StandbyAlternateLocation        = ''
    InconsistentProperties          = '(monitor)'
    InconsistentLogXptProps         = '(monitor)'
    LogXptStatus                    = '(monitor)'
    SendQEntries                    = '(monitor)'
    RecvQEntries                    = '(monitor)'
    HostName                        = 'vendb.com'
    StaticConnectIdentifier         = '(DESCRIPTION=(ADDRESS_LIST=(ADDRESS=(PROTOCOL=TCP)(HOST=192.168.0.145)(PORT=1521)))(CONNECT_DATA=(SERVICE_NAME=proddbs_DGMGRL)(INSTANCE_NAME=proddbs)(SERVER=DEDICATED)))'
    TopWaitEvents                   = '(monitor)'
    SidName                         = '(monitor)'

  Log file locations:
    Alert log               : /u01/app/oracle/diag/rdbms/proddbs/proddbs/trace/alert_proddbs.log
    Data Guard Broker log   : /u01/app/oracle/diag/rdbms/proddbs/proddbs/trace/drcproddbs.log

Database Status:
SUCCESS

DGMGRL> disable configuration
Disabled.
DGMGRL> show configuration 

Configuration - DG_BRK_BATCH9

  Protection Mode: MaxPerformance
  Members:
  proddb  - Primary database
    proddbs - Physical standby database 

Fast-Start Failover:  Disabled

Configuration Status:
DISABLED

DGMGRL> SHOW CONFIGURATION VERBOSE;

Configuration - DG_BRK_BATCH9

  Protection Mode: MaxPerformance
  Members:
  proddb  - Primary database
    proddbs - Physical standby database 

  Properties:
    FastStartFailoverThreshold      = '30'
    OperationTimeout                = '30'
    TraceLevel                      = 'USER'
    FastStartFailoverLagLimit       = '30'
    CommunicationTimeout            = '180'
    ObserverReconnect               = '0'
    FastStartFailoverAutoReinstate  = 'TRUE'
    FastStartFailoverPmyShutdown    = 'TRUE'
    BystandersFollowRoleChange      = 'ALL'
    ObserverOverride                = 'FALSE'
    ExternalDestination1            = ''
    ExternalDestination2            = ''
    PrimaryLostWriteAction          = 'CONTINUE'
    ConfigurationWideServiceName    = 'proddb_CFG'

Fast-Start Failover:  Disabled

Configuration Status:
DISABLED

DGMGRL> disable database proddbs;        
Disabled.
DGMGRL> show configuration

Configuration - DG_BRK_BATCH9

  Protection Mode: MaxPerformance
  Members:
  proddb  - Primary database
    proddbs - Physical standby database 

Fast-Start Failover:  Disabled

Configuration Status:
DISABLED

DGMGRL> remove database proddbs;
Removed database "proddbs" from the configuration
DGMGRL> show configuration

Configuration - DG_BRK_BATCH9

  Protection Mode: MaxPerformance
  Members:
  proddb - Primary database

Fast-Start Failover:  Disabled

Configuration Status:
DISABLED

DGMGRL> 
DGMGRL> 



================================================================================

standby



[oracle@vendb dbs]$ cd $ORACLE_HOME/network/admin
[oracle@vendb admin]$ ll
total 12
-rw-r--r--. 1 oracle oinstall  478 Dec 22 19:00 listener.ora
drwxr-xr-x. 2 oracle oinstall   64 Apr 17  2019 samples
-rw-r--r--. 1 oracle oinstall 1536 Feb 14  2018 shrept.lst
-rw-r--r--. 1 oracle oinstall  532 Dec 22 19:01 tnsnames.ora
[oracle@vendb admin]$ vi listener.ora 
[oracle@vendb admin]$ sqlplus / as sysdba

SQL*Plus: Release 19.0.0.0.0 - Production on Sun Dec 22 21:41:50 2024
Version 19.3.0.0.0

Copyright (c) 1982, 2019, Oracle.  All rights reserved.


Connected to:
Oracle Database 19c Enterprise Edition Release 19.0.0.0.0 - Production
Version 19.3.0.0.0

SQL> ALTER SYSTEM SET dg_broker_start=true scope=both;

System altered.

SQL> ALTER SYSTEM SET local_listener='(DESCRIPTION = (ADDRESS_LIST = (ADDRESS = (PROTOCOL = TCP)(HOST = 192.168.0.145)(PORT = 1521))) (CONNECT_DATA = (SERVER = DEDICATED) (SERVICE_NAME = proddbs)))';

System altered.

SQL> exit
Disconnected from Oracle Database 19c Enterprise Edition Release 19.0.0.0.0 - Production
Version 19.3.0.0.0
[oracle@vendb admin]$ sqlplus / as sysdba

SQL*Plus: Release 19.0.0.0.0 - Production on Sun Dec 22 21:45:50 2024
Version 19.3.0.0.0

Copyright (c) 1982, 2019, Oracle.  All rights reserved.


Connected to:
Oracle Database 19c Enterprise Edition Release 19.0.0.0.0 - Production
Version 19.3.0.0.0

SQL> Add database 'proddbs' as connect identifier is to_proddbs maintained as physical;
SP2-0734: unknown command beginning "Add databa..." - rest of line ignored.
SQL> exit
Disconnected from Oracle Database 19c Enterprise Edition Release 19.0.0.0.0 - Production
Version 19.3.0.0.0
[oracle@vendb admin]$ dgmgrl
DGMGRL for Linux: Release 19.0.0.0.0 - Production on Sun Dec 22 21:46:27 2024
Version 19.3.0.0.0

Copyright (c) 1982, 2019, Oracle and/or its affiliates.  All rights reserved.

Welcome to DGMGRL, type "help" for information.
DGMGRL> Add database 'proddbs' as connect identifier is to_proddbs maintained as physical;
not logged on
DGMGRL> alter system set LOG_ARCHIVE_DEST_2= '';
Unrecognized command "alter", try "help"
DGMGRL> exit
[oracle@vendb admin]$ sqlplus / as sysdba

SQL*Plus: Release 19.0.0.0.0 - Production on Sun Dec 22 21:46:52 2024
Version 19.3.0.0.0

Copyright (c) 1982, 2019, Oracle.  All rights reserved.


Connected to:
Oracle Database 19c Enterprise Edition Release 19.0.0.0.0 - Production
Version 19.3.0.0.0

SQL> alter system set LOG_ARCHIVE_DEST_2= '';

System altered.

SQL> exit
Disconnected from Oracle Database 19c Enterprise Edition Release 19.0.0.0.0 - Production
Version 19.3.0.0.0
[oracle@vendb admin]$ dgmgrl
DGMGRL for Linux: Release 19.0.0.0.0 - Production on Sun Dec 22 21:47:18 2024
Version 19.3.0.0.0

Copyright (c) 1982, 2019, Oracle and/or its affiliates.  All rights reserved.

Welcome to DGMGRL, type "help" for information.
DGMGRL> Add database 'proddbs' as connect identifier is to_proddbs maintained as physical;
not logged on
DGMGRL> Add database 'proddbs' as connect identifier is to_proddbs maintained as physical;
not logged on
DGMGRL> exit
[oracle@vendb admin]$ connect sys/oracle@to_proddbs
bash: connect: command not found...
[oracle@vendb admin]$ dgmgrl
DGMGRL for Linux: Release 19.0.0.0.0 - Production on Sun Dec 22 21:49:51 2024
Version 19.3.0.0.0

Copyright (c) 1982, 2019, Oracle and/or its affiliates.  All rights reserved.

Welcome to DGMGRL, type "help" for information.
DGMGRL> connect sys/oracle@to_proddbs
Connected to "proddbs"
Connected as SYSDBA.
DGMGRL> Add database 'proddbs' as connect identifier is to_proddbs maintained as physical;
Error: ORA-16532: Oracle Data Guard broker configuration does not exist

Failed.
DGMGRL> alter system set LOG_ARCHIVE_DEST_2= '';
Unrecognized command "alter", try "help"
DGMGRL> exit
[oracle@vendb admin]$ sqlplus / as sysdba

SQL*Plus: Release 19.0.0.0.0 - Production on Sun Dec 22 21:50:39 2024
Version 19.3.0.0.0

Copyright (c) 1982, 2019, Oracle.  All rights reserved.


Connected to:
Oracle Database 19c Enterprise Edition Release 19.0.0.0.0 - Production
Version 19.3.0.0.0

SQL> alter system set LOG_ARCHIVE_DEST_2= '';

System altered.

SQL> exit
Disconnected from Oracle Database 19c Enterprise Edition Release 19.0.0.0.0 - Production
Version 19.3.0.0.0
[oracle@vendb admin]$ dgmgrl
DGMGRL for Linux: Release 19.0.0.0.0 - Production on Sun Dec 22 21:50:58 2024
Version 19.3.0.0.0

Copyright (c) 1982, 2019, Oracle and/or its affiliates.  All rights reserved.

Welcome to DGMGRL, type "help" for information.
DGMGRL> connect sys/oracle@to_proddbs
Connected to "proddbs"
Connected as SYSDBA.
DGMGRL> Add database 'proddbs' as connect identifier is to_proddbs maintained as physical;
Error: ORA-16532: Oracle Data Guard broker configuration does not exist

Failed.
DGMGRL> exit
[oracle@vendb admin]$ sqlplus / as sysdba

SQL*Plus: Release 19.0.0.0.0 - Production on Sun Dec 22 21:53:15 2024
Version 19.3.0.0.0

Copyright (c) 1982, 2019, Oracle.  All rights reserved.


Connected to:
Oracle Database 19c Enterprise Edition Release 19.0.0.0.0 - Production
Version 19.3.0.0.0

SQL> alter system set LOG_ARCHIVE_DEST_2= '';

System altered.

SQL> exit
Disconnected from Oracle Database 19c Enterprise Edition Release 19.0.0.0.0 - Production
Version 19.3.0.0.0
[oracle@vendb admin]$ dgmgrl
DGMGRL for Linux: Release 19.0.0.0.0 - Production on Sun Dec 22 21:53:31 2024
Version 19.3.0.0.0

Copyright (c) 1982, 2019, Oracle and/or its affiliates.  All rights reserved.

Welcome to DGMGRL, type "help" for information.
DGMGRL> Add database 'proddbs' as connect identifier is to_proddbs maintained as physical;
not logged on
DGMGRL> connect sys/oracle@to_proddbs
Connected to "proddbs"
Connected as SYSDBA.
DGMGRL> Add database 'proddbs' as connect identifier is to_proddbs maintained as physical;
Error: ORA-16532: Oracle Data Guard broker configuration does not exist

Failed.
DGMGRL> exit
[oracle@vendb admin]$ sqlplus / as sysdba

SQL*Plus: Release 19.0.0.0.0 - Production on Sun Dec 22 21:55:44 2024
Version 19.3.0.0.0

Copyright (c) 1982, 2019, Oracle.  All rights reserved.


Connected to:
Oracle Database 19c Enterprise Edition Release 19.0.0.0.0 - Production
Version 19.3.0.0.0

SQL> SHOW PARAMETER broker;

NAME				     TYPE	 VALUE
------------------------------------ ----------- ------------------------------
connection_brokers		     string	 ((TYPE=DEDICATED)(BROKERS=1)),
						  ((TYPE=EMON)(BROKERS=1))
dg_broker_config_file1		     string	 /u01/app/oracle/product/19.0.0
						 .0/dbhome_1/dbs/dr1proddbs.dat
dg_broker_config_file2		     string	 /u01/app/oracle/product/19.0.0
						 .0/dbhome_1/dbs/dr2proddbs.dat
dg_broker_start 		     boolean	 TRUE
use_dedicated_broker		     boolean	 FALSE
SQL> SHOW PARAMETER log_archive_dest;

NAME				     TYPE	 VALUE
------------------------------------ ----------- ------------------------------
log_archive_dest		     string
log_archive_dest_1		     string
log_archive_dest_10		     string
log_archive_dest_11		     string
log_archive_dest_12		     string
log_archive_dest_13		     string
log_archive_dest_14		     string
log_archive_dest_15		     string
log_archive_dest_16		     string
log_archive_dest_17		     string
log_archive_dest_18		     string

NAME				     TYPE	 VALUE
------------------------------------ ----------- ------------------------------
log_archive_dest_19		     string
log_archive_dest_2		     string
log_archive_dest_20		     string
log_archive_dest_21		     string
log_archive_dest_22		     string
log_archive_dest_23		     string
log_archive_dest_24		     string
log_archive_dest_25		     string
log_archive_dest_26		     string
log_archive_dest_27		     string
log_archive_dest_28		     string

NAME				     TYPE	 VALUE
------------------------------------ ----------- ------------------------------
log_archive_dest_29		     string
log_archive_dest_3		     string
log_archive_dest_30		     string
log_archive_dest_31		     string
log_archive_dest_4		     string
log_archive_dest_5		     string
log_archive_dest_6		     string
log_archive_dest_7		     string
log_archive_dest_8		     string
log_archive_dest_9		     string
log_archive_dest_state_1	     string	 ENABLE

NAME				     TYPE	 VALUE
------------------------------------ ----------- ------------------------------
log_archive_dest_state_10	     string	 enable
log_archive_dest_state_11	     string	 enable
log_archive_dest_state_12	     string	 enable
log_archive_dest_state_13	     string	 enable
log_archive_dest_state_14	     string	 enable
log_archive_dest_state_15	     string	 enable
log_archive_dest_state_16	     string	 enable
log_archive_dest_state_17	     string	 enable
log_archive_dest_state_18	     string	 enable
log_archive_dest_state_19	     string	 enable
log_archive_dest_state_2	     string	 ENABLE

NAME				     TYPE	 VALUE
------------------------------------ ----------- ------------------------------
log_archive_dest_state_20	     string	 enable
log_archive_dest_state_21	     string	 enable
log_archive_dest_state_22	     string	 enable
log_archive_dest_state_23	     string	 enable
log_archive_dest_state_24	     string	 enable
log_archive_dest_state_25	     string	 enable
log_archive_dest_state_26	     string	 enable
log_archive_dest_state_27	     string	 enable
log_archive_dest_state_28	     string	 enable
log_archive_dest_state_29	     string	 enable
log_archive_dest_state_3	     string	 enable

NAME				     TYPE	 VALUE
------------------------------------ ----------- ------------------------------
log_archive_dest_state_30	     string	 enable
log_archive_dest_state_31	     string	 enable
log_archive_dest_state_4	     string	 enable
log_archive_dest_state_5	     string	 enable
log_archive_dest_state_6	     string	 enable
log_archive_dest_state_7	     string	 enable
log_archive_dest_state_8	     string	 enable
log_archive_dest_state_9	     string	 enable
SQL> SHOW PARAMETER log_archive_format;

NAME				     TYPE	 VALUE
------------------------------------ ----------- ------------------------------
log_archive_format		     string	 %t_%s_%r.dbf
SQL> SHOW PARAMETER archive_log_mode;
SQL> 
SQL> 
SQL> 
SQL> SELECT GROUP#, THREAD#, SEQUENCE#, STATUS FROM V$LOG;

    GROUP#    THREAD#  SEQUENCE# STATUS
---------- ---------- ---------- ----------------
	 1	    1	      28 INACTIVE
	 3	    1	      30 CURRENT
	 2	    1	      29 INACTIVE

SQL> archive log list
Database log mode	       Archive Mode
Automatic archival	       Enabled
Archive destination	       USE_DB_RECOVERY_FILE_DEST
Oldest online log sequence     28
Next log sequence to archive   30
Current log sequence	       30
SQL> archive log list
Database log mode	       Archive Mode
Automatic archival	       Enabled
Archive destination	       USE_DB_RECOVERY_FILE_DEST
Oldest online log sequence     28
Next log sequence to archive   30
Current log sequence	       30
SQL> set lines 300 pages 300;
SELECT sequence#, first_time, next_time, applied FROM v$archived_log ORDER BY sequence#;SQL> 

 SEQUENCE# FIRST_TIM NEXT_TIME APPLIED
---------- --------- --------- ---------
	11 22-DEC-24 22-DEC-24 YES
	12 22-DEC-24 22-DEC-24 YES
	13 22-DEC-24 22-DEC-24 YES
	14 22-DEC-24 22-DEC-24 YES
	15 22-DEC-24 22-DEC-24 YES
	16 22-DEC-24 22-DEC-24 YES
	17 22-DEC-24 22-DEC-24 YES
	18 22-DEC-24 22-DEC-24 YES
	19 22-DEC-24 22-DEC-24 YES
	20 22-DEC-24 22-DEC-24 YES
	21 22-DEC-24 22-DEC-24 YES
	22 22-DEC-24 22-DEC-24 YES
	23 22-DEC-24 22-DEC-24 YES
	24 22-DEC-24 22-DEC-24 YES
	25 22-DEC-24 22-DEC-24 YES
	26 22-DEC-24 22-DEC-24 YES
	27 22-DEC-24 22-DEC-24 YES
	28 22-DEC-24 22-DEC-24 YES
	29 22-DEC-24 22-DEC-24 YES
	30 22-DEC-24 22-DEC-24 YES
	31 22-DEC-24 22-DEC-24 YES
	32 22-DEC-24 22-DEC-24 YES
	33 22-DEC-24 22-DEC-24 YES
	34 22-DEC-24 22-DEC-24 YES
	35 22-DEC-24 22-DEC-24 YES
	36 22-DEC-24 22-DEC-24 YES
	37 22-DEC-24 22-DEC-24 YES
	38 22-DEC-24 22-DEC-24 YES
	39 22-DEC-24 22-DEC-24 YES

29 rows selected.

SQL> select process,status from v$managed_standby;

PROCESS   STATUS
--------- ------------
ARCH	  CLOSING
DGRD	  ALLOCATED
DGRD	  ALLOCATED
ARCH	  CONNECTED
ARCH	  CLOSING
ARCH	  CONNECTED
MRP0	  APPLYING_LOG
RFS	  IDLE

8 rows selected.

SQL> alter system set LOG_ARCHIVE_DEST_2= '';

System altered.

SQL> Add database 'proddbs' as connect identifier is to_proddbs maintained as physical;
SP2-0734: unknown command beginning "Add databa..." - rest of line ignored.
SQL> exit
Disconnected from Oracle Database 19c Enterprise Edition Release 19.0.0.0.0 - Production
Version 19.3.0.0.0
[oracle@vendb admin]$ dgmgrl
DGMGRL for Linux: Release 19.0.0.0.0 - Production on Mon Dec 23 11:35:27 2024
Version 19.3.0.0.0

Copyright (c) 1982, 2019, Oracle and/or its affiliates.  All rights reserved.

Welcome to DGMGRL, type "help" for information.
DGMGRL> Add database 'proddbs' as connect identifier is to_proddbs maintained as physical;
not logged on
DGMGRL> connect sys/oracle@to_proddbs
Connected to "proddbs"
Connected as SYSDBA.
DGMGRL> Add database 'proddbs' as connect identifier is to_proddbs maintained as physical;
Error: ORA-16532: Oracle Data Guard broker configuration does not exist

Failed.
DGMGRL> Add database 'proddbs' as connect identifier is to_proddbs maintained as physical;            
Error: ORA-16532: Oracle Data Guard broker configuration does not exist

Failed.
DGMGRL> SHOW CONFIGURATION;
ORA-16532: Oracle Data Guard broker configuration does not exist

Configuration details cannot be determined by DGMGRL
DGMGRL> exit
[oracle@vendb admin]$ sqlplus / as sysdba

SQL*Plus: Release 19.0.0.0.0 - Production on Mon Dec 23 11:43:45 2024
Version 19.3.0.0.0

Copyright (c) 1982, 2019, Oracle.  All rights reserved.


Connected to:
Oracle Database 19c Enterprise Edition Release 19.0.0.0.0 - Production
Version 19.3.0.0.0

SQL> alter system set LOG_ARCHIVE_DEST_2= '' scope=both;

System altered.

SQL> exit
Disconnected from Oracle Database 19c Enterprise Edition Release 19.0.0.0.0 - Production
Version 19.3.0.0.0
[oracle@vendb admin]$ dgmgrl
DGMGRL for Linux: Release 19.0.0.0.0 - Production on Mon Dec 23 11:43:53 2024
Version 19.3.0.0.0

Copyright (c) 1982, 2019, Oracle and/or its affiliates.  All rights reserved.

Welcome to DGMGRL, type "help" for information.
DGMGRL> connect sys/oracle@to_proddbs
Connected to "proddbs"
Connected as SYSDBA.
DGMGRL> Add database 'proddbs' as connect identifier is to_proddbs maintained as physical;
Error: ORA-16532: Oracle Data Guard broker configuration does not exist

Failed.
DGMGRL> exit
[oracle@vendb admin]$ sqlplus / as sysdba

SQL*Plus: Release 19.0.0.0.0 - Production on Mon Dec 23 11:48:48 2024
Version 19.3.0.0.0

Copyright (c) 1982, 2019, Oracle.  All rights reserved.


Connected to:
Oracle Database 19c Enterprise Edition Release 19.0.0.0.0 - Production
Version 19.3.0.0.0

SQL> show parameter dg_broker_start;

NAME				     TYPE	 VALUE
------------------------------------ ----------- ------------------------------
dg_broker_start 		     boolean	 TRUE
SQL> show parameter log_archive_dest_2;

NAME				     TYPE	 VALUE
------------------------------------ ----------- ------------------------------
log_archive_dest_2		     string
log_archive_dest_20		     string
log_archive_dest_21		     string
log_archive_dest_22		     string
log_archive_dest_23		     string
log_archive_dest_24		     string
log_archive_dest_25		     string
log_archive_dest_26		     string
log_archive_dest_27		     string
log_archive_dest_28		     string
log_archive_dest_29		     string
SQL> show parameter dg_broker_config

NAME				     TYPE	 VALUE
------------------------------------ ----------- ------------------------------
dg_broker_config_file1		     string	 /u01/app/oracle/product/19.0.0
						 .0/dbhome_1/dbs/dr1proddbs.dat
dg_broker_config_file2		     string	 /u01/app/oracle/product/19.0.0
						 .0/dbhome_1/dbs/dr2proddbs.dat
SQL>      
SQL> 
SQL> 
SQL> 
SQL> 
SQL> 
SQL> 
SQL> 
SQL> 
SQL> 
SQL> 
SQL> 
SQL> set lines 300 pages 300;
SQL> SELECT sequence#, first_time, next_time, applied FROM v$archived_log ORDER BY sequence#;
SELECT sequence#, first_time, next_time, applied FROM v$archived_log ORDER BY sequence#
*
ERROR at line 1:
ORA-03135: connection lost contact
Process ID: 14183
Session ID: 20 Serial number: 19249


SQL> archive log list
ORA-24324: service handle not initialized
ORA-03114: not connected to ORACLE
SQL> show user
USER is "SYS"
SQL> shut immediate;
ORA-24324: service handle not initialized
ORA-01041: internal error. hostdef extension doesn't exist
SQL> exit
Disconnected from Oracle Database 19c Enterprise Edition Release 19.0.0.0.0 - Production
Version 19.3.0.0.0
[oracle@vendb admin]$ . oraenv
ORACLE_SID = [proddbs] ? proddbs
The Oracle base remains unchanged with value /u01/app/oracle
[oracle@vendb admin]$ sqlplus / as sysdba

SQL*Plus: Release 19.0.0.0.0 - Production on Mon Dec 23 12:52:46 2024
Version 19.3.0.0.0

Copyright (c) 1982, 2019, Oracle.  All rights reserved.


Connected to:
Oracle Database 19c Enterprise Edition Release 19.0.0.0.0 - Production
Version 19.3.0.0.0

SQL> archive log list
Database log mode	       Archive Mode
Automatic archival	       Enabled
Archive destination	       USE_DB_RECOVERY_FILE_DEST
Oldest online log sequence     49
Next log sequence to archive   0
Current log sequence	       51
SQL> set lines 300 pages 300;
SELECT sequence#, first_time, next_time, applied FROM v$archived_log ORDER BY sequence#;SQL> 

 SEQUENCE# FIRST_TIM NEXT_TIME APPLIED
---------- --------- --------- ---------
	11 22-DEC-24 22-DEC-24 YES
	12 22-DEC-24 22-DEC-24 YES
	13 22-DEC-24 22-DEC-24 YES
	14 22-DEC-24 22-DEC-24 YES
	15 22-DEC-24 22-DEC-24 YES
	16 22-DEC-24 22-DEC-24 YES
	17 22-DEC-24 22-DEC-24 YES
	18 22-DEC-24 22-DEC-24 YES
	19 22-DEC-24 22-DEC-24 YES
	20 22-DEC-24 22-DEC-24 YES
	21 22-DEC-24 22-DEC-24 YES
	22 22-DEC-24 22-DEC-24 YES
	23 22-DEC-24 22-DEC-24 YES
	24 22-DEC-24 22-DEC-24 YES
	25 22-DEC-24 22-DEC-24 YES
	26 22-DEC-24 22-DEC-24 YES
	27 22-DEC-24 22-DEC-24 YES
	28 22-DEC-24 22-DEC-24 YES
	29 22-DEC-24 22-DEC-24 YES
	30 22-DEC-24 22-DEC-24 YES
	31 22-DEC-24 22-DEC-24 YES
	32 22-DEC-24 22-DEC-24 YES
	33 22-DEC-24 22-DEC-24 YES
	34 22-DEC-24 22-DEC-24 YES
	35 22-DEC-24 22-DEC-24 YES
	36 22-DEC-24 22-DEC-24 YES
	37 22-DEC-24 22-DEC-24 YES
	38 22-DEC-24 22-DEC-24 YES
	39 22-DEC-24 22-DEC-24 YES
	40 22-DEC-24 23-DEC-24 YES
	41 23-DEC-24 23-DEC-24 YES
	42 23-DEC-24 23-DEC-24 YES
	43 23-DEC-24 23-DEC-24 YES
	43 23-DEC-24 23-DEC-24 YES
	44 23-DEC-24 23-DEC-24 YES
	44 23-DEC-24 23-DEC-24 YES
	45 23-DEC-24 23-DEC-24 YES
	45 23-DEC-24 23-DEC-24 YES
	46 23-DEC-24 23-DEC-24 YES
	47 23-DEC-24 23-DEC-24 YES
	48 23-DEC-24 23-DEC-24 YES
	49 23-DEC-24 23-DEC-24 YES
	49 23-DEC-24 23-DEC-24 YES
	50 23-DEC-24 23-DEC-24 YES
	50 23-DEC-24 23-DEC-24 YES
	51 23-DEC-24 23-DEC-24 NO
	51 23-DEC-24 23-DEC-24 YES
	52 23-DEC-24 23-DEC-24 YES
	53 23-DEC-24 23-DEC-24 YES
	54 23-DEC-24 23-DEC-24 YES
	55 23-DEC-24 23-DEC-24 YES
	56 23-DEC-24 23-DEC-24 YES
	57 23-DEC-24 23-DEC-24 YES
	58 23-DEC-24 23-DEC-24 YES
	59 23-DEC-24 23-DEC-24 YES
	60 23-DEC-24 23-DEC-24 YES

56 rows selected.

SQL> archive log list
Database log mode	       Archive Mode
Automatic archival	       Enabled
Archive destination	       USE_DB_RECOVERY_FILE_DEST
Oldest online log sequence     49
Next log sequence to archive   0
Current log sequence	       51
SQL> archive log list
Database log mode	       Archive Mode
Automatic archival	       Enabled
Archive destination	       USE_DB_RECOVERY_FILE_DEST
Oldest online log sequence     49
Next log sequence to archive   0
Current log sequence	       51
SQL> set lines 300 pages 300;
SELECT sequence#, first_time, next_time, applied FROM v$archived_log ORDER BY sequence#;SQL> 

 SEQUENCE# FIRST_TIM NEXT_TIME APPLIED
---------- --------- --------- ---------
	11 22-DEC-24 22-DEC-24 YES
	12 22-DEC-24 22-DEC-24 YES
	13 22-DEC-24 22-DEC-24 YES
	14 22-DEC-24 22-DEC-24 YES
	15 22-DEC-24 22-DEC-24 YES
	16 22-DEC-24 22-DEC-24 YES
	17 22-DEC-24 22-DEC-24 YES
	18 22-DEC-24 22-DEC-24 YES
	19 22-DEC-24 22-DEC-24 YES
	20 22-DEC-24 22-DEC-24 YES
	21 22-DEC-24 22-DEC-24 YES
	22 22-DEC-24 22-DEC-24 YES
	23 22-DEC-24 22-DEC-24 YES
	24 22-DEC-24 22-DEC-24 YES
	25 22-DEC-24 22-DEC-24 YES
	26 22-DEC-24 22-DEC-24 YES
	27 22-DEC-24 22-DEC-24 YES
	28 22-DEC-24 22-DEC-24 YES
	29 22-DEC-24 22-DEC-24 YES
	30 22-DEC-24 22-DEC-24 YES
	31 22-DEC-24 22-DEC-24 YES
	32 22-DEC-24 22-DEC-24 YES
	33 22-DEC-24 22-DEC-24 YES
	34 22-DEC-24 22-DEC-24 YES
	35 22-DEC-24 22-DEC-24 YES
	36 22-DEC-24 22-DEC-24 YES
	37 22-DEC-24 22-DEC-24 YES
	38 22-DEC-24 22-DEC-24 YES
	39 22-DEC-24 22-DEC-24 YES
	40 22-DEC-24 23-DEC-24 YES
	41 23-DEC-24 23-DEC-24 YES
	42 23-DEC-24 23-DEC-24 YES
	43 23-DEC-24 23-DEC-24 YES
	43 23-DEC-24 23-DEC-24 YES
	44 23-DEC-24 23-DEC-24 YES
	44 23-DEC-24 23-DEC-24 YES
	45 23-DEC-24 23-DEC-24 YES
	45 23-DEC-24 23-DEC-24 YES
	46 23-DEC-24 23-DEC-24 YES
	47 23-DEC-24 23-DEC-24 YES
	48 23-DEC-24 23-DEC-24 YES
	49 23-DEC-24 23-DEC-24 YES
	49 23-DEC-24 23-DEC-24 YES
	50 23-DEC-24 23-DEC-24 YES
	50 23-DEC-24 23-DEC-24 YES
	51 23-DEC-24 23-DEC-24 NO
	51 23-DEC-24 23-DEC-24 YES
	52 23-DEC-24 23-DEC-24 YES
	53 23-DEC-24 23-DEC-24 YES
	54 23-DEC-24 23-DEC-24 YES
	55 23-DEC-24 23-DEC-24 YES
	56 23-DEC-24 23-DEC-24 YES
	57 23-DEC-24 23-DEC-24 YES
	58 23-DEC-24 23-DEC-24 YES
	59 23-DEC-24 23-DEC-24 YES
	60 23-DEC-24 23-DEC-24 YES

56 rows selected.

SQL> set lines 300 pages 300;
SELECT sequence#, first_time, next_time, applied FROM v$archived_log ORDER BY sequence#;SQL> 

 SEQUENCE# FIRST_TIM NEXT_TIME APPLIED
---------- --------- --------- ---------
	11 22-DEC-24 22-DEC-24 YES
	12 22-DEC-24 22-DEC-24 YES
	13 22-DEC-24 22-DEC-24 YES
	14 22-DEC-24 22-DEC-24 YES
	15 22-DEC-24 22-DEC-24 YES
	16 22-DEC-24 22-DEC-24 YES
	17 22-DEC-24 22-DEC-24 YES
	18 22-DEC-24 22-DEC-24 YES
	19 22-DEC-24 22-DEC-24 YES
	20 22-DEC-24 22-DEC-24 YES
	21 22-DEC-24 22-DEC-24 YES
	22 22-DEC-24 22-DEC-24 YES
	23 22-DEC-24 22-DEC-24 YES
	24 22-DEC-24 22-DEC-24 YES
	25 22-DEC-24 22-DEC-24 YES
	26 22-DEC-24 22-DEC-24 YES
	27 22-DEC-24 22-DEC-24 YES
	28 22-DEC-24 22-DEC-24 YES
	29 22-DEC-24 22-DEC-24 YES
	30 22-DEC-24 22-DEC-24 YES
	31 22-DEC-24 22-DEC-24 YES
	32 22-DEC-24 22-DEC-24 YES
	33 22-DEC-24 22-DEC-24 YES
	34 22-DEC-24 22-DEC-24 YES
	35 22-DEC-24 22-DEC-24 YES
	36 22-DEC-24 22-DEC-24 YES
	37 22-DEC-24 22-DEC-24 YES
	38 22-DEC-24 22-DEC-24 YES
	39 22-DEC-24 22-DEC-24 YES
	40 22-DEC-24 23-DEC-24 YES
	41 23-DEC-24 23-DEC-24 YES
	42 23-DEC-24 23-DEC-24 YES
	43 23-DEC-24 23-DEC-24 YES
	43 23-DEC-24 23-DEC-24 YES
	44 23-DEC-24 23-DEC-24 YES
	44 23-DEC-24 23-DEC-24 YES
	45 23-DEC-24 23-DEC-24 YES
	45 23-DEC-24 23-DEC-24 YES
	46 23-DEC-24 23-DEC-24 YES
	47 23-DEC-24 23-DEC-24 YES
	48 23-DEC-24 23-DEC-24 YES
	49 23-DEC-24 23-DEC-24 YES
	49 23-DEC-24 23-DEC-24 YES
	50 23-DEC-24 23-DEC-24 YES
	50 23-DEC-24 23-DEC-24 YES
	51 23-DEC-24 23-DEC-24 NO
	51 23-DEC-24 23-DEC-24 YES
	52 23-DEC-24 23-DEC-24 YES
	53 23-DEC-24 23-DEC-24 YES
	54 23-DEC-24 23-DEC-24 YES
	55 23-DEC-24 23-DEC-24 YES
	56 23-DEC-24 23-DEC-24 YES
	57 23-DEC-24 23-DEC-24 YES
	58 23-DEC-24 23-DEC-24 YES
	59 23-DEC-24 23-DEC-24 YES
	60 23-DEC-24 23-DEC-24 YES
	61 23-DEC-24 23-DEC-24 YES

57 rows selected.

SQL> /

 SEQUENCE# FIRST_TIM NEXT_TIME APPLIED
---------- --------- --------- ---------
	11 22-DEC-24 22-DEC-24 YES
	12 22-DEC-24 22-DEC-24 YES
	13 22-DEC-24 22-DEC-24 YES
	14 22-DEC-24 22-DEC-24 YES
	15 22-DEC-24 22-DEC-24 YES
	16 22-DEC-24 22-DEC-24 YES
	17 22-DEC-24 22-DEC-24 YES
	18 22-DEC-24 22-DEC-24 YES
	19 22-DEC-24 22-DEC-24 YES
	20 22-DEC-24 22-DEC-24 YES
	21 22-DEC-24 22-DEC-24 YES
	22 22-DEC-24 22-DEC-24 YES
	23 22-DEC-24 22-DEC-24 YES
	24 22-DEC-24 22-DEC-24 YES
	25 22-DEC-24 22-DEC-24 YES
	26 22-DEC-24 22-DEC-24 YES
	27 22-DEC-24 22-DEC-24 YES
	28 22-DEC-24 22-DEC-24 YES
	29 22-DEC-24 22-DEC-24 YES
	30 22-DEC-24 22-DEC-24 YES
	31 22-DEC-24 22-DEC-24 YES
	32 22-DEC-24 22-DEC-24 YES
	33 22-DEC-24 22-DEC-24 YES
	34 22-DEC-24 22-DEC-24 YES
	35 22-DEC-24 22-DEC-24 YES
	36 22-DEC-24 22-DEC-24 YES
	37 22-DEC-24 22-DEC-24 YES
	38 22-DEC-24 22-DEC-24 YES
	39 22-DEC-24 22-DEC-24 YES
	40 22-DEC-24 23-DEC-24 YES
	41 23-DEC-24 23-DEC-24 YES
	42 23-DEC-24 23-DEC-24 YES
	43 23-DEC-24 23-DEC-24 YES
	43 23-DEC-24 23-DEC-24 YES
	44 23-DEC-24 23-DEC-24 YES
	44 23-DEC-24 23-DEC-24 YES
	45 23-DEC-24 23-DEC-24 YES
	45 23-DEC-24 23-DEC-24 YES
	46 23-DEC-24 23-DEC-24 YES
	47 23-DEC-24 23-DEC-24 YES
	48 23-DEC-24 23-DEC-24 YES
	49 23-DEC-24 23-DEC-24 YES
	49 23-DEC-24 23-DEC-24 YES
	50 23-DEC-24 23-DEC-24 YES
	50 23-DEC-24 23-DEC-24 YES
	51 23-DEC-24 23-DEC-24 NO
	51 23-DEC-24 23-DEC-24 YES
	52 23-DEC-24 23-DEC-24 YES
	53 23-DEC-24 23-DEC-24 YES
	54 23-DEC-24 23-DEC-24 YES
	55 23-DEC-24 23-DEC-24 YES
	56 23-DEC-24 23-DEC-24 YES
	57 23-DEC-24 23-DEC-24 YES
	58 23-DEC-24 23-DEC-24 YES
	59 23-DEC-24 23-DEC-24 YES
	60 23-DEC-24 23-DEC-24 YES
	61 23-DEC-24 23-DEC-24 YES
	62 23-DEC-24 23-DEC-24 NO
	63 23-DEC-24 23-DEC-24 NO
	64 23-DEC-24 23-DEC-24 NO

60 rows selected.

SQL> /

 SEQUENCE# FIRST_TIM NEXT_TIME APPLIED
---------- --------- --------- ---------
	11 22-DEC-24 22-DEC-24 YES
	12 22-DEC-24 22-DEC-24 YES
	13 22-DEC-24 22-DEC-24 YES
	14 22-DEC-24 22-DEC-24 YES
	15 22-DEC-24 22-DEC-24 YES
	16 22-DEC-24 22-DEC-24 YES
	17 22-DEC-24 22-DEC-24 YES
	18 22-DEC-24 22-DEC-24 YES
	19 22-DEC-24 22-DEC-24 YES
	20 22-DEC-24 22-DEC-24 YES
	21 22-DEC-24 22-DEC-24 YES
	22 22-DEC-24 22-DEC-24 YES
	23 22-DEC-24 22-DEC-24 YES
	24 22-DEC-24 22-DEC-24 YES
	25 22-DEC-24 22-DEC-24 YES
	26 22-DEC-24 22-DEC-24 YES
	27 22-DEC-24 22-DEC-24 YES
	28 22-DEC-24 22-DEC-24 YES
	29 22-DEC-24 22-DEC-24 YES
	30 22-DEC-24 22-DEC-24 YES
	31 22-DEC-24 22-DEC-24 YES
	32 22-DEC-24 22-DEC-24 YES
	33 22-DEC-24 22-DEC-24 YES
	34 22-DEC-24 22-DEC-24 YES
	35 22-DEC-24 22-DEC-24 YES
	36 22-DEC-24 22-DEC-24 YES
	37 22-DEC-24 22-DEC-24 YES
	38 22-DEC-24 22-DEC-24 YES
	39 22-DEC-24 22-DEC-24 YES
	40 22-DEC-24 23-DEC-24 YES
	41 23-DEC-24 23-DEC-24 YES
	42 23-DEC-24 23-DEC-24 YES
	43 23-DEC-24 23-DEC-24 YES
	43 23-DEC-24 23-DEC-24 YES
	44 23-DEC-24 23-DEC-24 YES
	44 23-DEC-24 23-DEC-24 YES
	45 23-DEC-24 23-DEC-24 YES
	45 23-DEC-24 23-DEC-24 YES
	46 23-DEC-24 23-DEC-24 YES
	47 23-DEC-24 23-DEC-24 YES
	48 23-DEC-24 23-DEC-24 YES
	49 23-DEC-24 23-DEC-24 YES
	49 23-DEC-24 23-DEC-24 YES
	50 23-DEC-24 23-DEC-24 YES
	50 23-DEC-24 23-DEC-24 YES
	51 23-DEC-24 23-DEC-24 NO
	51 23-DEC-24 23-DEC-24 YES
	52 23-DEC-24 23-DEC-24 YES
	53 23-DEC-24 23-DEC-24 YES
	54 23-DEC-24 23-DEC-24 YES
	55 23-DEC-24 23-DEC-24 YES
	56 23-DEC-24 23-DEC-24 YES
	57 23-DEC-24 23-DEC-24 YES
	58 23-DEC-24 23-DEC-24 YES
	59 23-DEC-24 23-DEC-24 YES
	60 23-DEC-24 23-DEC-24 YES
	61 23-DEC-24 23-DEC-24 YES
	62 23-DEC-24 23-DEC-24 NO
	63 23-DEC-24 23-DEC-24 NO
	64 23-DEC-24 23-DEC-24 NO

60 rows selected.

SQL> /

 SEQUENCE# FIRST_TIM NEXT_TIME APPLIED
---------- --------- --------- ---------
	11 22-DEC-24 22-DEC-24 YES
	12 22-DEC-24 22-DEC-24 YES
	13 22-DEC-24 22-DEC-24 YES
	14 22-DEC-24 22-DEC-24 YES
	15 22-DEC-24 22-DEC-24 YES
	16 22-DEC-24 22-DEC-24 YES
	17 22-DEC-24 22-DEC-24 YES
	18 22-DEC-24 22-DEC-24 YES
	19 22-DEC-24 22-DEC-24 YES
	20 22-DEC-24 22-DEC-24 YES
	21 22-DEC-24 22-DEC-24 YES
	22 22-DEC-24 22-DEC-24 YES
	23 22-DEC-24 22-DEC-24 YES
	24 22-DEC-24 22-DEC-24 YES
	25 22-DEC-24 22-DEC-24 YES
	26 22-DEC-24 22-DEC-24 YES
	27 22-DEC-24 22-DEC-24 YES
	28 22-DEC-24 22-DEC-24 YES
	29 22-DEC-24 22-DEC-24 YES
	30 22-DEC-24 22-DEC-24 YES
	31 22-DEC-24 22-DEC-24 YES
	32 22-DEC-24 22-DEC-24 YES
	33 22-DEC-24 22-DEC-24 YES
	34 22-DEC-24 22-DEC-24 YES
	35 22-DEC-24 22-DEC-24 YES
	36 22-DEC-24 22-DEC-24 YES
	37 22-DEC-24 22-DEC-24 YES
	38 22-DEC-24 22-DEC-24 YES
	39 22-DEC-24 22-DEC-24 YES
	40 22-DEC-24 23-DEC-24 YES
	41 23-DEC-24 23-DEC-24 YES
	42 23-DEC-24 23-DEC-24 YES
	43 23-DEC-24 23-DEC-24 YES
	43 23-DEC-24 23-DEC-24 YES
	44 23-DEC-24 23-DEC-24 YES
	44 23-DEC-24 23-DEC-24 YES
	45 23-DEC-24 23-DEC-24 YES
	45 23-DEC-24 23-DEC-24 YES
	46 23-DEC-24 23-DEC-24 YES
	47 23-DEC-24 23-DEC-24 YES
	48 23-DEC-24 23-DEC-24 YES
	49 23-DEC-24 23-DEC-24 YES
	49 23-DEC-24 23-DEC-24 YES
	50 23-DEC-24 23-DEC-24 YES
	50 23-DEC-24 23-DEC-24 YES
	51 23-DEC-24 23-DEC-24 NO
	51 23-DEC-24 23-DEC-24 YES
	52 23-DEC-24 23-DEC-24 YES
	53 23-DEC-24 23-DEC-24 YES
	54 23-DEC-24 23-DEC-24 YES
	55 23-DEC-24 23-DEC-24 YES
	56 23-DEC-24 23-DEC-24 YES
	57 23-DEC-24 23-DEC-24 YES
	58 23-DEC-24 23-DEC-24 YES
	59 23-DEC-24 23-DEC-24 YES
	60 23-DEC-24 23-DEC-24 YES
	61 23-DEC-24 23-DEC-24 YES
	62 23-DEC-24 23-DEC-24 NO
	63 23-DEC-24 23-DEC-24 NO
	64 23-DEC-24 23-DEC-24 NO

60 rows selected.

SQL> select process,status from v$managed_standby;

PROCESS   STATUS
--------- ------------
ARCH	  CLOSING
DGRD	  ALLOCATED
DGRD	  ALLOCATED
ARCH	  CLOSING
ARCH	  CLOSING
ARCH	  CLOSING
RFS	  IDLE
RFS	  IDLE
MRP0	  APPLYING_LOG
RFS	  IDLE
RFS	  IDLE
RFS	  IDLE

12 rows selected.

SQL> set lines 300 pages 300;
SELECT sequence#, first_time, next_time, applied FROM v$archived_log ORDER BY sequence#;SQL> 

 SEQUENCE# FIRST_TIM NEXT_TIME APPLIED
---------- --------- --------- ---------
	11 22-DEC-24 22-DEC-24 YES
	12 22-DEC-24 22-DEC-24 YES
	13 22-DEC-24 22-DEC-24 YES
	14 22-DEC-24 22-DEC-24 YES
	15 22-DEC-24 22-DEC-24 YES
	16 22-DEC-24 22-DEC-24 YES
	17 22-DEC-24 22-DEC-24 YES
	18 22-DEC-24 22-DEC-24 YES
	19 22-DEC-24 22-DEC-24 YES
	20 22-DEC-24 22-DEC-24 YES
	21 22-DEC-24 22-DEC-24 YES
	22 22-DEC-24 22-DEC-24 YES
	23 22-DEC-24 22-DEC-24 YES
	24 22-DEC-24 22-DEC-24 YES
	25 22-DEC-24 22-DEC-24 YES
	26 22-DEC-24 22-DEC-24 YES
	27 22-DEC-24 22-DEC-24 YES
	28 22-DEC-24 22-DEC-24 YES
	29 22-DEC-24 22-DEC-24 YES
	30 22-DEC-24 22-DEC-24 YES
	31 22-DEC-24 22-DEC-24 YES
	32 22-DEC-24 22-DEC-24 YES
	33 22-DEC-24 22-DEC-24 YES
	34 22-DEC-24 22-DEC-24 YES
	35 22-DEC-24 22-DEC-24 YES
	36 22-DEC-24 22-DEC-24 YES
	37 22-DEC-24 22-DEC-24 YES
	38 22-DEC-24 22-DEC-24 YES
	39 22-DEC-24 22-DEC-24 YES
	40 22-DEC-24 23-DEC-24 YES
	41 23-DEC-24 23-DEC-24 YES
	42 23-DEC-24 23-DEC-24 YES
	43 23-DEC-24 23-DEC-24 YES
	43 23-DEC-24 23-DEC-24 YES
	44 23-DEC-24 23-DEC-24 YES
	44 23-DEC-24 23-DEC-24 YES
	45 23-DEC-24 23-DEC-24 YES
	45 23-DEC-24 23-DEC-24 YES
	46 23-DEC-24 23-DEC-24 YES
	47 23-DEC-24 23-DEC-24 YES
	48 23-DEC-24 23-DEC-24 YES
	49 23-DEC-24 23-DEC-24 YES
	49 23-DEC-24 23-DEC-24 YES
	50 23-DEC-24 23-DEC-24 YES
	50 23-DEC-24 23-DEC-24 YES
	51 23-DEC-24 23-DEC-24 NO
	51 23-DEC-24 23-DEC-24 YES
	52 23-DEC-24 23-DEC-24 YES
	53 23-DEC-24 23-DEC-24 YES
	54 23-DEC-24 23-DEC-24 YES
	55 23-DEC-24 23-DEC-24 YES
	56 23-DEC-24 23-DEC-24 YES
	57 23-DEC-24 23-DEC-24 YES
	58 23-DEC-24 23-DEC-24 YES
	59 23-DEC-24 23-DEC-24 YES
	60 23-DEC-24 23-DEC-24 YES
	61 23-DEC-24 23-DEC-24 YES
	62 23-DEC-24 23-DEC-24 NO
	63 23-DEC-24 23-DEC-24 NO
	64 23-DEC-24 23-DEC-24 NO

60 rows selected.

SQL> archive log list
Database log mode	       Archive Mode
Automatic archival	       Enabled
Archive destination	       USE_DB_RECOVERY_FILE_DEST
Oldest online log sequence     49
Next log sequence to archive   0
Current log sequence	       51
SQL> set lines 200
col DESTINATION for a30
col ERROR for a50
select DESTINATION,TYPE,ARCHIVED_THREAD#,APPLIED_SEQ#,ARCHIVED_SEQ#,GAP_STATUS,error from v$archive_dest_status where DEST_ID=2;SQL> SQL> SQL> 

DESTINATION		       TYPE		ARCHIVED_THREAD# APPLIED_SEQ# ARCHIVED_SEQ# GAP_STATUS		     ERROR
------------------------------ ---------------- ---------------- ------------ ------------- ------------------------ --------------------------------------------------
			       LOCAL			       0	    0		  0

SQL> set lines 300 pages 300;
SELECT sequence#, first_time, next_time, applied FROM v$archived_log ORDER BY sequence#;SQL> 

 SEQUENCE# FIRST_TIM NEXT_TIME APPLIED
---------- --------- --------- ---------
	11 22-DEC-24 22-DEC-24 YES
	12 22-DEC-24 22-DEC-24 YES
	13 22-DEC-24 22-DEC-24 YES
	14 22-DEC-24 22-DEC-24 YES
	15 22-DEC-24 22-DEC-24 YES
	16 22-DEC-24 22-DEC-24 YES
	17 22-DEC-24 22-DEC-24 YES
	18 22-DEC-24 22-DEC-24 YES
	19 22-DEC-24 22-DEC-24 YES
	20 22-DEC-24 22-DEC-24 YES
	21 22-DEC-24 22-DEC-24 YES
	22 22-DEC-24 22-DEC-24 YES
	23 22-DEC-24 22-DEC-24 YES
	24 22-DEC-24 22-DEC-24 YES
	25 22-DEC-24 22-DEC-24 YES
	26 22-DEC-24 22-DEC-24 YES
	27 22-DEC-24 22-DEC-24 YES
	28 22-DEC-24 22-DEC-24 YES
	29 22-DEC-24 22-DEC-24 YES
	30 22-DEC-24 22-DEC-24 YES
	31 22-DEC-24 22-DEC-24 YES
	32 22-DEC-24 22-DEC-24 YES
	33 22-DEC-24 22-DEC-24 YES
	34 22-DEC-24 22-DEC-24 YES
	35 22-DEC-24 22-DEC-24 YES
	36 22-DEC-24 22-DEC-24 YES
	37 22-DEC-24 22-DEC-24 YES
	38 22-DEC-24 22-DEC-24 YES
	39 22-DEC-24 22-DEC-24 YES
	40 22-DEC-24 23-DEC-24 YES
	41 23-DEC-24 23-DEC-24 YES
	42 23-DEC-24 23-DEC-24 YES
	43 23-DEC-24 23-DEC-24 YES
	43 23-DEC-24 23-DEC-24 YES
	44 23-DEC-24 23-DEC-24 YES
	44 23-DEC-24 23-DEC-24 YES
	45 23-DEC-24 23-DEC-24 YES
	45 23-DEC-24 23-DEC-24 YES
	46 23-DEC-24 23-DEC-24 YES
	47 23-DEC-24 23-DEC-24 YES
	48 23-DEC-24 23-DEC-24 YES
	49 23-DEC-24 23-DEC-24 YES
	49 23-DEC-24 23-DEC-24 YES
	50 23-DEC-24 23-DEC-24 YES
	50 23-DEC-24 23-DEC-24 YES
	51 23-DEC-24 23-DEC-24 NO
	51 23-DEC-24 23-DEC-24 YES
	52 23-DEC-24 23-DEC-24 YES
	53 23-DEC-24 23-DEC-24 YES
	54 23-DEC-24 23-DEC-24 YES
	55 23-DEC-24 23-DEC-24 YES
	56 23-DEC-24 23-DEC-24 YES
	57 23-DEC-24 23-DEC-24 YES
	58 23-DEC-24 23-DEC-24 YES
	59 23-DEC-24 23-DEC-24 YES
	60 23-DEC-24 23-DEC-24 YES
	61 23-DEC-24 23-DEC-24 YES
	62 23-DEC-24 23-DEC-24 NO
	63 23-DEC-24 23-DEC-24 NO
	64 23-DEC-24 23-DEC-24 NO

60 rows selected.

SQL> set lines 300 pages 300;
SELECT sequence#, first_time, next_time, applied FROM v$archived_log ORDER BY sequence#;SQL> 

 SEQUENCE# FIRST_TIM NEXT_TIME APPLIED
---------- --------- --------- ---------
	11 22-DEC-24 22-DEC-24 YES
	12 22-DEC-24 22-DEC-24 YES
	13 22-DEC-24 22-DEC-24 YES
	14 22-DEC-24 22-DEC-24 YES
	15 22-DEC-24 22-DEC-24 YES
	16 22-DEC-24 22-DEC-24 YES
	17 22-DEC-24 22-DEC-24 YES
	18 22-DEC-24 22-DEC-24 YES
	19 22-DEC-24 22-DEC-24 YES
	20 22-DEC-24 22-DEC-24 YES
	21 22-DEC-24 22-DEC-24 YES
	22 22-DEC-24 22-DEC-24 YES
	23 22-DEC-24 22-DEC-24 YES
	24 22-DEC-24 22-DEC-24 YES
	25 22-DEC-24 22-DEC-24 YES
	26 22-DEC-24 22-DEC-24 YES
	27 22-DEC-24 22-DEC-24 YES
	28 22-DEC-24 22-DEC-24 YES
	29 22-DEC-24 22-DEC-24 YES
	30 22-DEC-24 22-DEC-24 YES
	31 22-DEC-24 22-DEC-24 YES
	32 22-DEC-24 22-DEC-24 YES
	33 22-DEC-24 22-DEC-24 YES
	34 22-DEC-24 22-DEC-24 YES
	35 22-DEC-24 22-DEC-24 YES
	36 22-DEC-24 22-DEC-24 YES
	37 22-DEC-24 22-DEC-24 YES
	38 22-DEC-24 22-DEC-24 YES
	39 22-DEC-24 22-DEC-24 YES
	40 22-DEC-24 23-DEC-24 YES
	41 23-DEC-24 23-DEC-24 YES
	42 23-DEC-24 23-DEC-24 YES
	43 23-DEC-24 23-DEC-24 YES
	43 23-DEC-24 23-DEC-24 YES
	44 23-DEC-24 23-DEC-24 YES
	44 23-DEC-24 23-DEC-24 YES
	45 23-DEC-24 23-DEC-24 YES
	45 23-DEC-24 23-DEC-24 YES
	46 23-DEC-24 23-DEC-24 YES
	47 23-DEC-24 23-DEC-24 YES
	48 23-DEC-24 23-DEC-24 YES
	49 23-DEC-24 23-DEC-24 YES
	49 23-DEC-24 23-DEC-24 YES
	50 23-DEC-24 23-DEC-24 YES
	50 23-DEC-24 23-DEC-24 YES
	51 23-DEC-24 23-DEC-24 NO
	51 23-DEC-24 23-DEC-24 YES
	52 23-DEC-24 23-DEC-24 YES
	53 23-DEC-24 23-DEC-24 YES
	54 23-DEC-24 23-DEC-24 YES
	55 23-DEC-24 23-DEC-24 YES
	56 23-DEC-24 23-DEC-24 YES
	57 23-DEC-24 23-DEC-24 YES
	58 23-DEC-24 23-DEC-24 YES
	59 23-DEC-24 23-DEC-24 YES
	60 23-DEC-24 23-DEC-24 YES
	61 23-DEC-24 23-DEC-24 YES
	62 23-DEC-24 23-DEC-24 NO
	63 23-DEC-24 23-DEC-24 NO
	64 23-DEC-24 23-DEC-24 YES

60 rows selected.

SQL> SELECT FLASHBACK_ON FROM V$DATABASE;

FLASHBACK_ON
------------------
NO

SQL> alter database flashback on;
alter database flashback on
*
ERROR at line 1:
ORA-01153: an incompatible media recovery is active


SQL> show database verbose;
SP2-0158: unknown SHOW option "database"
SP2-0158: unknown SHOW option "verbose"
SQL> exit
Disconnected from Oracle Database 19c Enterprise Edition Release 19.0.0.0.0 - Production
Version 19.3.0.0.0
[oracle@vendb admin]$ dgmgrl
DGMGRL for Linux: Release 19.0.0.0.0 - Production on Mon Dec 23 14:35:19 2024
Version 19.3.0.0.0

Copyright (c) 1982, 2019, Oracle and/or its affiliates.  All rights reserved.

Welcome to DGMGRL, type "help" for information.
DGMGRL> connect sys/oracle@to_proddbs
Connected to "proddbs"
Connected as SYSDBA.
DGMGRL> show database verbose;
Object "verbose" was not found
DGMGRL> show configuration;

Configuration - DG_BRK_BATCH9

  Protection Mode: MaxPerformance
  Members:
  proddb  - Primary database
    proddbs - Physical standby database 

Fast-Start Failover:  Disabled

Configuration Status:
SUCCESS   (status updated 61 seconds ago)

DGMGRL> exit
[oracle@vendb admin]$ sqlplus / as sysdba

SQL*Plus: Release 19.0.0.0.0 - Production on Mon Dec 23 14:36:46 2024
Version 19.3.0.0.0

Copyright (c) 1982, 2019, Oracle.  All rights reserved.


Connected to:
Oracle Database 19c Enterprise Edition Release 19.0.0.0.0 - Production
Version 19.3.0.0.0

SQL> SELECT RECOVERY_MODE FROM V$DATABASE;
SELECT RECOVERY_MODE FROM V$DATABASE
       *
ERROR at line 1:
ORA-00904: "RECOVERY_MODE": invalid identifier


SQL> SELECT PROCESS, STATUS FROM V$MANAGED_STANDBY WHERE PROCESS LIKE '%ARCH%' OR PROCESS = 'LGWR';

PROCESS   STATUS
--------- ------------
ARCH	  CLOSING
ARCH	  CLOSING
ARCH	  CLOSING
ARCH	  CLOSING


SQL> ALTER DATABASE RECOVER MANAGED STANDBY DATABASE CANCEL;

Database altered.

SQL> select open_mode,database_role from v$database;

OPEN_MODE	     DATABASE_ROLE
-------------------- ----------------
MOUNTED 	     PHYSICAL STANDBY

SQL> set lines 300 pages 300;
col DB_UNIQUE_NAME for a10;
select name,db_unique_name,open_mode,DATABASE_ROLE,PROTECTION_MODE,SWITCHOVER#,SWITCHOVER_status,current_scn from v$database;SQL> SQL> 

NAME	  DB_UNIQUE_ OPEN_MODE		  DATABASE_ROLE    PROTECTION_MODE	SWITCHOVER# SWITCHOVER_STATUS	 CURRENT_SCN
--------- ---------- -------------------- ---------------- -------------------- ----------- -------------------- -----------
PRODDB	  proddbs    MOUNTED		  PHYSICAL STANDBY MAXIMUM PERFORMANCE	  928520199 NOT ALLOWED 	     2737240

SQL> select flashback_on from v$database;
alter database flashback on;
FLASHBACK_ON
------------------
NO

SQL> 

Database altered.

SQL> select flashback_on from v$database;

FLASHBACK_ON
------------------
YES

SQL> select GUARANTEE_FLASHBACK_DATABASE,RESTORE_POINT_TIME,name from v$restore_point;

no rows selected

SQL> set lines 300 pages 300;
col DB_UNIQUE_NAME for a10;
select name,db_unique_name,open_mode,DATABASE_ROLE,PROTECTION_MODE,SWITCHOVER#,SWITCHOVER_status,current_scn from v$database;SQL> SQL> 

NAME	  DB_UNIQUE_ OPEN_MODE		  DATABASE_ROLE    PROTECTION_MODE	SWITCHOVER# SWITCHOVER_STATUS	 CURRENT_SCN
--------- ---------- -------------------- ---------------- -------------------- ----------- -------------------- -----------
PRODDB	  proddbs    MOUNTED		  PHYSICAL STANDBY MAXIMUM PERFORMANCE	  928520199 NOT ALLOWED 	     2737240

SQL> select status from v$instance;

STATUS
------------
MOUNTED

SQL> alter database convert to snapshot standby;

Database altered.

SQL> set lines 300 pages 300;
col DB_UNIQUE_NAME for a10;
select name,db_unique_name,open_mode,DATABASE_ROLE,PROTECTION_MODE,SWITCHOVER#,SWITCHOVER_status,current_scn from v$database;SQL> SQL> 

NAME	  DB_UNIQUE_ OPEN_MODE		  DATABASE_ROLE    PROTECTION_MODE	SWITCHOVER# SWITCHOVER_STATUS	 CURRENT_SCN
--------- ---------- -------------------- ---------------- -------------------- ----------- -------------------- -----------
PRODDB	  proddbs    MOUNTED		  SNAPSHOT STANDBY MAXIMUM PERFORMANCE		  0 NOT ALLOWED 		   0

SQL> alter database open;

Database altered.

SQL> set lines 300 pages 300;
col DB_UNIQUE_NAME for a10;
select name,db_unique_name,open_mode,DATABASE_ROLE,PROTECTION_MODE,SWITCHOVER#,SWITCHOVER_status,current_scn from v$database;SQL> SQL> 

NAME	  DB_UNIQUE_ OPEN_MODE		  DATABASE_ROLE    PROTECTION_MODE	SWITCHOVER# SWITCHOVER_STATUS	 CURRENT_SCN
--------- ---------- -------------------- ---------------- -------------------- ----------- -------------------- -----------
PRODDB	  proddbs    READ WRITE 	  SNAPSHOT STANDBY MAXIMUM PERFORMANCE	  928529232 NOT ALLOWED 	     2737947

SQL> select open_mode,database_role from v$database;

OPEN_MODE	     DATABASE_ROLE
-------------------- ----------------
READ WRITE	     SNAPSHOT STANDBY

SQL> select NAME,GUARANTEE_FLASHBACK_DATABASE from v$restore_point;

NAME																 GUA
-------------------------------------------------------------------------------------------------------------------------------- ---
SNAPSHOT_STANDBY_REQUIRED_12/23/2024 14:40:45											 YES

SQL> show pdbs

    CON_ID CON_NAME			  OPEN MODE  RESTRICTED
---------- ------------------------------ ---------- ----------
	 2 PDB$SEED			  READ ONLY  NO
	 3 HDFC 			  MOUNTED
SQL> alter pluggable database hdfc open;

Pluggable database altered.

SQL> show pdbs

    CON_ID CON_NAME			  OPEN MODE  RESTRICTED
---------- ------------------------------ ---------- ----------
	 2 PDB$SEED			  READ ONLY  NO
	 3 HDFC 			  READ WRITE NO
SQL> alter session set container = hdfc;

Session altered.

SQL> show user
USER is "SYS"
SQL> show con_name

CON_NAME
------------------------------
HDFC
SQL> show pdbs

    CON_ID CON_NAME			  OPEN MODE  RESTRICTED
---------- ------------------------------ ---------- ----------
	 3 HDFC 			  READ WRITE NO
SQL> alter session set container = cdb$root;

Session altered.

SQL> show pdbs

    CON_ID CON_NAME			  OPEN MODE  RESTRICTED
---------- ------------------------------ ---------- ----------
	 2 PDB$SEED			  READ ONLY  NO
	 3 HDFC 			  READ WRITE NO
SQL> alter database recover managed standby database disconnect from session;
alter database recover managed standby database disconnect from session
*
ERROR at line 1:
ORA-01665: control file is not a standby control file


SQL> shut immediate;
Database closed.
Database dismounted.
ORACLE instance shut down.
SQL> 
SQL> 
SQL> startup mount;
ORACLE instance started.

Total System Global Area 1543500832 bytes
Fixed Size		    9135136 bytes
Variable Size		  889192448 bytes
Database Buffers	  637534208 bytes
Redo Buffers		    7639040 bytes
Database mounted.
SQL> set lines 300 pages 300;
col DB_UNIQUE_NAME for a10;
select name,db_unique_name,open_mode,DATABASE_ROLE,PROTECTION_MODE,SWITCHOVER#,SWITCHOVER_status,current_scn from v$database;SQL> SQL> 

NAME	  DB_UNIQUE_ OPEN_MODE		  DATABASE_ROLE    PROTECTION_MODE	SWITCHOVER# SWITCHOVER_STATUS	 CURRENT_SCN
--------- ---------- -------------------- ---------------- -------------------- ----------- -------------------- -----------
PRODDB	  proddbs    MOUNTED		  SNAPSHOT STANDBY MAXIMUM PERFORMANCE	  928529232 NOT ALLOWED 		   0

SQL> alter database convert to physical standby;

Database altered.

SQL> show pdbs

    CON_ID CON_NAME			  OPEN MODE  RESTRICTED
---------- ------------------------------ ---------- ----------
	 2 PDB$SEED			  MOUNTED
	 3 HDFC 			  MOUNTED
SQL> alter database recover managed standby database disconnect from session;

Database altered.

SQL> show pdbs

    CON_ID CON_NAME			  OPEN MODE  RESTRICTED
---------- ------------------------------ ---------- ----------
	 2 PDB$SEED			  MOUNTED
	 3 HDFC 			  MOUNTED
	 4 SBI				  MOUNTED
SQL> set lines 300 pages 300;
col DB_UNIQUE_NAME for a10;
select name,db_unique_name,open_mode,DATABASE_ROLE,PROTECTION_MODE,SWITCHOVER#,SWITCHOVER_status,current_scn from v$database;SQL> SQL> 

NAME	  DB_UNIQUE_ OPEN_MODE		  DATABASE_ROLE    PROTECTION_MODE	SWITCHOVER# SWITCHOVER_STATUS	 CURRENT_SCN
--------- ---------- -------------------- ---------------- -------------------- ----------- -------------------- -----------
PRODDB	  proddbs    MOUNTED		  PHYSICAL STANDBY MAXIMUM PERFORMANCE	  928520199 NOT ALLOWED 	     2741816

SQL> alter database recover managed standby database cancel;

Database altered.

SQL> select flashback_on from v$database;

FLASHBACK_ON
------------------
YES

SQL> select GUARANTEE_FLASHBACK_DATABASE,RESTORE_POINT_TIME,name from v$restore_point;

no rows selected

SQL> set lines 300 pages 300;
col DB_UNIQUE_NAME for a10;
select name,db_unique_name,open_mode,DATABASE_ROLE,PROTECTION_MODE,SWITCHOVER#,SWITCHOVER_status,current_scn from v$database;SQL> SQL> 

NAME	  DB_UNIQUE_ OPEN_MODE		  DATABASE_ROLE    PROTECTION_MODE	SWITCHOVER# SWITCHOVER_STATUS	 CURRENT_SCN
--------- ---------- -------------------- ---------------- -------------------- ----------- -------------------- -----------
PRODDB	  proddbs    MOUNTED		  PHYSICAL STANDBY MAXIMUM PERFORMANCE	  928520199 NOT ALLOWED 	     2743155

SQL> alter database convert to snapshot standby;

Database altered.

SQL> show pdbs

    CON_ID CON_NAME			  OPEN MODE  RESTRICTED
---------- ------------------------------ ---------- ----------
	 2 PDB$SEED			  MOUNTED
	 3 HDFC 			  MOUNTED
	 4 SBI				  MOUNTED
SQL> alter pluggable database all open;
alter pluggable database all open
*
ERROR at line 1:
ORA-01109: database not open


SQL> set lines 300 pages 300;
col DB_UNIQUE_NAME for a10;
select name,db_unique_name,open_mode,DATABASE_ROLE,PROTECTION_MODE,SWITCHOVER#,SWITCHOVER_status,current_scn from v$database;SQL> SQL> 

NAME	  DB_UNIQUE_ OPEN_MODE		  DATABASE_ROLE    PROTECTION_MODE	SWITCHOVER# SWITCHOVER_STATUS	 CURRENT_SCN
--------- ---------- -------------------- ---------------- -------------------- ----------- -------------------- -----------
PRODDB	  proddbs    MOUNTED		  SNAPSHOT STANDBY MAXIMUM PERFORMANCE		  0 NOT ALLOWED 		   0

SQL> alter database open;

Database altered.

SQL> set lines 300 pages 300;
col DB_UNIQUE_NAME for a10;
select name,db_unique_name,open_mode,DATABASE_ROLE,PROTECTION_MODE,SWITCHOVER#,SWITCHOVER_status,current_scn from v$database;SQL> SQL> 

NAME	  DB_UNIQUE_ OPEN_MODE		  DATABASE_ROLE    PROTECTION_MODE	SWITCHOVER# SWITCHOVER_STATUS	 CURRENT_SCN
--------- ---------- -------------------- ---------------- -------------------- ----------- -------------------- -----------
PRODDB	  proddbs    READ WRITE 	  SNAPSHOT STANDBY MAXIMUM PERFORMANCE	  928524519 NOT ALLOWED 	     2743367

SQL> show pdbs

    CON_ID CON_NAME			  OPEN MODE  RESTRICTED
---------- ------------------------------ ---------- ----------
	 2 PDB$SEED			  READ ONLY  NO
	 3 HDFC 			  MOUNTED
	 4 SBI				  MOUNTED
SQL> alter pluggable database all open;

Pluggable database altered.

SQL> alter session set container = sbi;

Session altered.

SQL> conn venk/venk@to_sbi;
^C
^Z

ERROR:
ORA-12154: TNS:could not resolve the connect identifier specified


Warning: You are no longer connected to ORACLE.

SQL> SQL> SQL> 
SQL> 
SQL> 
SQL> exit
[oracle@vendb admin]$ ll
total 12
-rw-r--r--. 1 oracle oinstall  485 Dec 22 21:39 listener.ora
drwxr-xr-x. 2 oracle oinstall   64 Apr 17  2019 samples
-rw-r--r--. 1 oracle oinstall 1536 Feb 14  2018 shrept.lst
-rw-r--r--. 1 oracle oinstall  532 Dec 22 19:01 tnsnames.ora
[oracle@vendb admin]$ vi tnsnames.ora 
[oracle@vendb admin]$ lsnrctl start

LSNRCTL for Linux: Version 19.0.0.0.0 - Production on 23-DEC-2024 14:59:46

Copyright (c) 1991, 2019, Oracle.  All rights reserved.

TNS-01106: Listener using listener name LISTENER has already been started
[oracle@vendb admin]$ lsnrctl stop

LSNRCTL for Linux: Version 19.0.0.0.0 - Production on 23-DEC-2024 14:59:51

Copyright (c) 1991, 2019, Oracle.  All rights reserved.

Connecting to (DESCRIPTION=(ADDRESS=(PROTOCOL=TCP)(HOST=192.168.0.145)(PORT=1521)))
The command completed successfully
[oracle@vendb admin]$ lsnrctl start

LSNRCTL for Linux: Version 19.0.0.0.0 - Production on 23-DEC-2024 14:59:54

Copyright (c) 1991, 2019, Oracle.  All rights reserved.

Starting /u01/app/oracle/product/19.0.0.0/dbhome_1/bin/tnslsnr: please wait...

TNSLSNR for Linux: Version 19.0.0.0.0 - Production
System parameter file is /u01/app/oracle/product/19.0.0.0/dbhome_1/network/admin/listener.ora
Log messages written to /u01/app/oracle/diag/tnslsnr/vendb/listener/alert/log.xml
Listening on: (DESCRIPTION=(ADDRESS=(PROTOCOL=tcp)(HOST=192.168.0.145)(PORT=1521)))

Connecting to (DESCRIPTION=(ADDRESS=(PROTOCOL=TCP)(HOST=192.168.0.145)(PORT=1521)))
STATUS of the LISTENER
------------------------
Alias                     LISTENER
Version                   TNSLSNR for Linux: Version 19.0.0.0.0 - Production
Start Date                23-DEC-2024 14:59:55
Uptime                    0 days 0 hr. 0 min. 0 sec
Trace Level               off
Security                  ON: Local OS Authentication
SNMP                      OFF
Listener Parameter File   /u01/app/oracle/product/19.0.0.0/dbhome_1/network/admin/listener.ora
Listener Log File         /u01/app/oracle/diag/tnslsnr/vendb/listener/alert/log.xml
Listening Endpoints Summary...
  (DESCRIPTION=(ADDRESS=(PROTOCOL=tcp)(HOST=192.168.0.145)(PORT=1521)))
Services Summary...
Service "proddbs_DGMGRL" has 1 instance(s).
  Instance "proddbs", status UNKNOWN, has 1 handler(s) for this service...
The command completed successfully
[oracle@vendb admin]$ sqlplus / as sysdba

SQL*Plus: Release 19.0.0.0.0 - Production on Mon Dec 23 15:00:02 2024
Version 19.3.0.0.0

Copyright (c) 1982, 2019, Oracle.  All rights reserved.


Connected to:
Oracle Database 19c Enterprise Edition Release 19.0.0.0.0 - Production
Version 19.3.0.0.0

SQL> show pdbs

    CON_ID CON_NAME			  OPEN MODE  RESTRICTED
---------- ------------------------------ ---------- ----------
	 2 PDB$SEED			  READ ONLY  NO
	 3 HDFC 			  READ WRITE NO
	 4 SBI				  READ WRITE NO
SQL> show user
USER is "SYS"
SQL> show con_name

CON_NAME
------------------------------
CDB$ROOT
SQL> alter session set container = sbi;

Session altered.

SQL> conn venk/venk@to_sbi;
ERROR:
ORA-12514: TNS:listener does not currently know of service requested in connect
descriptor


Warning: You are no longer connected to ORACLE.
SQL> exit
[oracle@vendb admin]$ vi tnsnames.ora 
[oracle@vendb admin]$ lsnrctl stop

LSNRCTL for Linux: Version 19.0.0.0.0 - Production on 23-DEC-2024 15:02:17

Copyright (c) 1991, 2019, Oracle.  All rights reserved.

Connecting to (DESCRIPTION=(ADDRESS=(PROTOCOL=TCP)(HOST=192.168.0.145)(PORT=1521)))
The command completed successfully
[oracle@vendb admin]$ lsnrctl start

LSNRCTL for Linux: Version 19.0.0.0.0 - Production on 23-DEC-2024 15:02:20

Copyright (c) 1991, 2019, Oracle.  All rights reserved.

Starting /u01/app/oracle/product/19.0.0.0/dbhome_1/bin/tnslsnr: please wait...

TNSLSNR for Linux: Version 19.0.0.0.0 - Production
System parameter file is /u01/app/oracle/product/19.0.0.0/dbhome_1/network/admin/listener.ora
Log messages written to /u01/app/oracle/diag/tnslsnr/vendb/listener/alert/log.xml
Listening on: (DESCRIPTION=(ADDRESS=(PROTOCOL=tcp)(HOST=192.168.0.145)(PORT=1521)))

Connecting to (DESCRIPTION=(ADDRESS=(PROTOCOL=TCP)(HOST=192.168.0.145)(PORT=1521)))
STATUS of the LISTENER
------------------------
Alias                     LISTENER
Version                   TNSLSNR for Linux: Version 19.0.0.0.0 - Production
Start Date                23-DEC-2024 15:02:21
Uptime                    0 days 0 hr. 0 min. 1 sec
Trace Level               off
Security                  ON: Local OS Authentication
SNMP                      OFF
Listener Parameter File   /u01/app/oracle/product/19.0.0.0/dbhome_1/network/admin/listener.ora
Listener Log File         /u01/app/oracle/diag/tnslsnr/vendb/listener/alert/log.xml
Listening Endpoints Summary...
  (DESCRIPTION=(ADDRESS=(PROTOCOL=tcp)(HOST=192.168.0.145)(PORT=1521)))
Services Summary...
Service "proddbs_DGMGRL" has 1 instance(s).
  Instance "proddbs", status UNKNOWN, has 1 handler(s) for this service...
The command completed successfully
[oracle@vendb admin]$ sqlplus / as sysdba

SQL*Plus: Release 19.0.0.0.0 - Production on Mon Dec 23 15:02:25 2024
Version 19.3.0.0.0

Copyright (c) 1982, 2019, Oracle.  All rights reserved.


Connected to:
Oracle Database 19c Enterprise Edition Release 19.0.0.0.0 - Production
Version 19.3.0.0.0

SQL> show pdbs

    CON_ID CON_NAME			  OPEN MODE  RESTRICTED
---------- ------------------------------ ---------- ----------
	 2 PDB$SEED			  READ ONLY  NO
	 3 HDFC 			  READ WRITE NO
	 4 SBI				  READ WRITE NO
SQL> alter session set container = sbi;

Session altered.

SQL> conn venk/venk@to_sbi;
Connected.
SQL> desc venk
 Name					   Null?    Type
 ----------------------------------------- -------- ----------------------------
 A						    NUMBER
 NAME						    VARCHAR2(20)

SQL> select * from venk;

	 A NAME
---------- --------------------
	10 bank

SQL> select * from venk;

	 A NAME
---------- --------------------
	10 bank
	11 bank1
	11 bank1
	11 bank1

SQL> show user
USER is "VENK"
SQL> show con_name

CON_NAME
------------------------------
SBI
SQL> conn / as sysdba
Connected.
SQL> show user
USER is "SYS"
SQL> show con_name

CON_NAME
------------------------------
CDB$ROOT
SQL> show pdbs

    CON_ID CON_NAME			  OPEN MODE  RESTRICTED
---------- ------------------------------ ---------- ----------
	 2 PDB$SEED			  READ ONLY  NO
	 3 HDFC 			  READ WRITE NO
	 4 SBI				  READ WRITE NO
SQL> set lines 300 pages 300;
col DB_UNIQUE_NAME for a10;
select name,db_unique_name,open_mode,DATABASE_ROLE,PROTECTION_MODE,SWITCHOVER#,SWITCHOVER_status,current_scn from v$database;SQL> SQL> 

NAME	  DB_UNIQUE_ OPEN_MODE		  DATABASE_ROLE    PROTECTION_MODE	SWITCHOVER# SWITCHOVER_STATUS	 CURRENT_SCN
--------- ---------- -------------------- ---------------- -------------------- ----------- -------------------- -----------
PRODDB	  proddbs    READ WRITE 	  SNAPSHOT STANDBY MAXIMUM PERFORMANCE	  928524519 NOT ALLOWED 	     2744645

SQL> select open_mode,database_role from v$database;

OPEN_MODE	     DATABASE_ROLE
-------------------- ----------------
READ WRITE	     SNAPSHOT STANDBY

SQL> select NAME,GUARANTEE_FLASHBACK_DATABASE from v$restore_point;

NAME																 GUA
-------------------------------------------------------------------------------------------------------------------------------- ---
SNAPSHOT_STANDBY_REQUIRED_12/23/2024 14:57:27											 YES

SQL> shut immediate;
Database closed.
Database dismounted.
ORACLE instance shut down.
SQL> startup mount;
ORACLE instance started.

Total System Global Area 1543500832 bytes
Fixed Size		    9135136 bytes
Variable Size		  922746880 bytes
Database Buffers	  603979776 bytes
Redo Buffers		    7639040 bytes
Database mounted.
SQL> alter database convert to physical standby;

Database altered.

SQL> set lines 300 pages 300;
col DB_UNIQUE_NAME for a10;
select name,db_unique_name,open_mode,DATABASE_ROLE,PROTECTION_MODE,SWITCHOVER#,SWITCHOVER_status,current_scn from v$database;SQL> SQL> 

NAME	  DB_UNIQUE_ OPEN_MODE		  DATABASE_ROLE    PROTECTION_MODE	SWITCHOVER# SWITCHOVER_STATUS	 CURRENT_SCN
--------- ---------- -------------------- ---------------- -------------------- ----------- -------------------- -----------
PRODDB	  proddbs    MOUNTED		  PHYSICAL STANDBY MAXIMUM PERFORMANCE		  0 RECOVERY NEEDED	     2743155

SQL> select NAME,GUARANTEE_FLASHBACK_DATABASE from v$restore_point;

no rows selected

SQL> select open_mode,database_role from v$database;

OPEN_MODE	     DATABASE_ROLE
-------------------- ----------------
MOUNTED 	     PHYSICAL STANDBY

SQL> show pdbs

    CON_ID CON_NAME			  OPEN MODE  RESTRICTED
---------- ------------------------------ ---------- ----------
	 2 PDB$SEED			  MOUNTED
	 3 HDFC 			  MOUNTED
	 4 SBI				  MOUNTED
SQL> select status from v$instance;

STATUS
------------
MOUNTED

SQL> set lines 300 pages 300;
col DB_UNIQUE_NAME for a10;
select name,db_unique_name,open_mode,DATABASE_ROLE,PROTECTION_MODE,SWITCHOVER#,SWITCHOVER_status,current_scn from v$database;SQL> SQL> 

NAME	  DB_UNIQUE_ OPEN_MODE		  DATABASE_ROLE    PROTECTION_MODE	SWITCHOVER# SWITCHOVER_STATUS	 CURRENT_SCN
--------- ---------- -------------------- ---------------- -------------------- ----------- -------------------- -----------
PRODDB	  proddbs    MOUNTED		  PHYSICAL STANDBY MAXIMUM PERFORMANCE	  928520199 NOT ALLOWED 	     2743155

SQL> alter database recover managed standby database disconnect from session;
alter database recover managed standby database disconnect from session
*
ERROR at line 1:
ORA-01153: an incompatible media recovery is active


SQL> alter database recover managed standby database cancel;

Database altered.

SQL> alter database recover managed standby database disconnect from session;

Database altered.

SQL> archive log list
Database log mode	       Archive Mode
Automatic archival	       Enabled
Archive destination	       USE_DB_RECOVERY_FILE_DEST
Oldest online log sequence     1
Next log sequence to archive   1
Current log sequence	       1
SQL> select flashback_on from v$database;

FLASHBACK_ON
------------------
YES

SQL> alter database flashback on;
alter database flashback on
*
ERROR at line 1:
ORA-38706: Cannot turn on FLASHBACK DATABASE logging.
ORA-38713: Flashback Database logging is already turned on.


SQL> alter database flashback off;

Database altered.

SQL> select flashback_on from v$database;

FLASHBACK_ON
------------------
NO

SQL> archive log list
Database log mode	       Archive Mode
Automatic archival	       Enabled
Archive destination	       USE_DB_RECOVERY_FILE_DEST
Oldest online log sequence     1
Next log sequence to archive   1
Current log sequence	       1
SQL> 
SQL> 
SQL> 
SQL> show user
USER is "SYS"
SQL> show con_name

CON_NAME
------------------------------
CDB$ROOT
SQL> set lines 300 pages 300;
SELECT sequence#, first_time, next_time, applied FROM v$archived_log ORDER BY sequence#;SQL> 

 SEQUENCE# FIRST_TIM NEXT_TIME APPLIED
---------- --------- --------- ---------
	11 22-DEC-24 22-DEC-24 YES
	12 22-DEC-24 22-DEC-24 YES
	13 22-DEC-24 22-DEC-24 YES
	14 22-DEC-24 22-DEC-24 YES
	15 22-DEC-24 22-DEC-24 YES
	16 22-DEC-24 22-DEC-24 YES
	17 22-DEC-24 22-DEC-24 YES
	18 22-DEC-24 22-DEC-24 YES
	19 22-DEC-24 22-DEC-24 YES
	20 22-DEC-24 22-DEC-24 YES
	21 22-DEC-24 22-DEC-24 YES
	22 22-DEC-24 22-DEC-24 YES
	23 22-DEC-24 22-DEC-24 YES
	24 22-DEC-24 22-DEC-24 YES
	25 22-DEC-24 22-DEC-24 YES
	26 22-DEC-24 22-DEC-24 YES
	27 22-DEC-24 22-DEC-24 YES
	28 22-DEC-24 22-DEC-24 YES
	29 22-DEC-24 22-DEC-24 YES
	30 22-DEC-24 22-DEC-24 YES
	31 22-DEC-24 22-DEC-24 YES
	32 22-DEC-24 22-DEC-24 YES
	33 22-DEC-24 22-DEC-24 YES
	34 22-DEC-24 22-DEC-24 YES
	35 22-DEC-24 22-DEC-24 YES
	36 22-DEC-24 22-DEC-24 YES
	37 22-DEC-24 22-DEC-24 YES
	38 22-DEC-24 22-DEC-24 YES
	39 22-DEC-24 22-DEC-24 YES
	40 22-DEC-24 23-DEC-24 YES
	41 23-DEC-24 23-DEC-24 YES
	42 23-DEC-24 23-DEC-24 YES
	43 23-DEC-24 23-DEC-24 YES
	43 23-DEC-24 23-DEC-24 YES
	44 23-DEC-24 23-DEC-24 YES
	44 23-DEC-24 23-DEC-24 YES
	45 23-DEC-24 23-DEC-24 YES
	45 23-DEC-24 23-DEC-24 YES
	46 23-DEC-24 23-DEC-24 YES
	47 23-DEC-24 23-DEC-24 YES
	48 23-DEC-24 23-DEC-24 YES
	49 23-DEC-24 23-DEC-24 YES
	49 23-DEC-24 23-DEC-24 YES
	50 23-DEC-24 23-DEC-24 YES
	50 23-DEC-24 23-DEC-24 YES
	51 23-DEC-24 23-DEC-24 NO
	51 23-DEC-24 23-DEC-24 YES
	52 23-DEC-24 23-DEC-24 YES
	53 23-DEC-24 23-DEC-24 YES
	54 23-DEC-24 23-DEC-24 YES
	55 23-DEC-24 23-DEC-24 YES
	56 23-DEC-24 23-DEC-24 YES
	57 23-DEC-24 23-DEC-24 YES
	58 23-DEC-24 23-DEC-24 YES
	59 23-DEC-24 23-DEC-24 YES
	60 23-DEC-24 23-DEC-24 YES
	61 23-DEC-24 23-DEC-24 YES
	62 23-DEC-24 23-DEC-24 YES
	63 23-DEC-24 23-DEC-24 YES
	64 23-DEC-24 23-DEC-24 YES
	65 23-DEC-24 23-DEC-24 YES
	66 23-DEC-24 23-DEC-24 YES
	67 23-DEC-24 23-DEC-24 NO
	68 23-DEC-24 23-DEC-24 NO
	69 23-DEC-24 23-DEC-24 NO
	70 23-DEC-24 23-DEC-24 NO

66 rows selected.

SQL> select process,status from v$managed_standby;

PROCESS   STATUS
--------- ------------
ARCH	  CLOSING
DGRD	  ALLOCATED
DGRD	  ALLOCATED
ARCH	  CLOSING
ARCH	  CLOSING
ARCH	  CLOSING
RFS	  IDLE
RFS	  IDLE
MRP0	  APPLYING_LOG

9 rows selected.

SQL> archive log list
Database log mode	       Archive Mode
Automatic archival	       Enabled
Archive destination	       USE_DB_RECOVERY_FILE_DEST
Oldest online log sequence     1
Next log sequence to archive   1
Current log sequence	       1
SQL> set lines 300 pages 300;
SELECT sequence#, first_time, next_time, applied FROM v$archived_log ORDER BY sequence#;SQL> 

 SEQUENCE# FIRST_TIM NEXT_TIME APPLIED
---------- --------- --------- ---------
	11 22-DEC-24 22-DEC-24 YES
	12 22-DEC-24 22-DEC-24 YES
	13 22-DEC-24 22-DEC-24 YES
	14 22-DEC-24 22-DEC-24 YES
	15 22-DEC-24 22-DEC-24 YES
	16 22-DEC-24 22-DEC-24 YES
	17 22-DEC-24 22-DEC-24 YES
	18 22-DEC-24 22-DEC-24 YES
	19 22-DEC-24 22-DEC-24 YES
	20 22-DEC-24 22-DEC-24 YES
	21 22-DEC-24 22-DEC-24 YES
	22 22-DEC-24 22-DEC-24 YES
	23 22-DEC-24 22-DEC-24 YES
	24 22-DEC-24 22-DEC-24 YES
	25 22-DEC-24 22-DEC-24 YES
	26 22-DEC-24 22-DEC-24 YES
	27 22-DEC-24 22-DEC-24 YES
	28 22-DEC-24 22-DEC-24 YES
	29 22-DEC-24 22-DEC-24 YES
	30 22-DEC-24 22-DEC-24 YES
	31 22-DEC-24 22-DEC-24 YES
	32 22-DEC-24 22-DEC-24 YES
	33 22-DEC-24 22-DEC-24 YES
	34 22-DEC-24 22-DEC-24 YES
	35 22-DEC-24 22-DEC-24 YES
	36 22-DEC-24 22-DEC-24 YES
	37 22-DEC-24 22-DEC-24 YES
	38 22-DEC-24 22-DEC-24 YES
	39 22-DEC-24 22-DEC-24 YES
	40 22-DEC-24 23-DEC-24 YES
	41 23-DEC-24 23-DEC-24 YES
	42 23-DEC-24 23-DEC-24 YES
	43 23-DEC-24 23-DEC-24 YES
	43 23-DEC-24 23-DEC-24 YES
	44 23-DEC-24 23-DEC-24 YES
	44 23-DEC-24 23-DEC-24 YES
	45 23-DEC-24 23-DEC-24 YES
	45 23-DEC-24 23-DEC-24 YES
	46 23-DEC-24 23-DEC-24 YES
	47 23-DEC-24 23-DEC-24 YES
	48 23-DEC-24 23-DEC-24 YES
	49 23-DEC-24 23-DEC-24 YES
	49 23-DEC-24 23-DEC-24 YES
	50 23-DEC-24 23-DEC-24 YES
	50 23-DEC-24 23-DEC-24 YES
	51 23-DEC-24 23-DEC-24 NO
	51 23-DEC-24 23-DEC-24 YES
	52 23-DEC-24 23-DEC-24 YES
	53 23-DEC-24 23-DEC-24 YES
	54 23-DEC-24 23-DEC-24 YES
	55 23-DEC-24 23-DEC-24 YES
	56 23-DEC-24 23-DEC-24 YES
	57 23-DEC-24 23-DEC-24 YES
	58 23-DEC-24 23-DEC-24 YES
	59 23-DEC-24 23-DEC-24 YES
	60 23-DEC-24 23-DEC-24 YES
	61 23-DEC-24 23-DEC-24 YES
	62 23-DEC-24 23-DEC-24 YES
	63 23-DEC-24 23-DEC-24 YES
	64 23-DEC-24 23-DEC-24 YES
	65 23-DEC-24 23-DEC-24 YES
	66 23-DEC-24 23-DEC-24 YES
	67 23-DEC-24 23-DEC-24 NO
	68 23-DEC-24 23-DEC-24 NO
	69 23-DEC-24 23-DEC-24 YES
	70 23-DEC-24 23-DEC-24 YES

66 rows selected.

SQL> /

 SEQUENCE# FIRST_TIM NEXT_TIME APPLIED
---------- --------- --------- ---------
	11 22-DEC-24 22-DEC-24 YES
	12 22-DEC-24 22-DEC-24 YES
	13 22-DEC-24 22-DEC-24 YES
	14 22-DEC-24 22-DEC-24 YES
	15 22-DEC-24 22-DEC-24 YES
	16 22-DEC-24 22-DEC-24 YES
	17 22-DEC-24 22-DEC-24 YES
	18 22-DEC-24 22-DEC-24 YES
	19 22-DEC-24 22-DEC-24 YES
	20 22-DEC-24 22-DEC-24 YES
	21 22-DEC-24 22-DEC-24 YES
	22 22-DEC-24 22-DEC-24 YES
	23 22-DEC-24 22-DEC-24 YES
	24 22-DEC-24 22-DEC-24 YES
	25 22-DEC-24 22-DEC-24 YES
	26 22-DEC-24 22-DEC-24 YES
	27 22-DEC-24 22-DEC-24 YES
	28 22-DEC-24 22-DEC-24 YES
	29 22-DEC-24 22-DEC-24 YES
	30 22-DEC-24 22-DEC-24 YES
	31 22-DEC-24 22-DEC-24 YES
	32 22-DEC-24 22-DEC-24 YES
	33 22-DEC-24 22-DEC-24 YES
	34 22-DEC-24 22-DEC-24 YES
	35 22-DEC-24 22-DEC-24 YES
	36 22-DEC-24 22-DEC-24 YES
	37 22-DEC-24 22-DEC-24 YES
	38 22-DEC-24 22-DEC-24 YES
	39 22-DEC-24 22-DEC-24 YES
	40 22-DEC-24 23-DEC-24 YES
	41 23-DEC-24 23-DEC-24 YES
	42 23-DEC-24 23-DEC-24 YES
	43 23-DEC-24 23-DEC-24 YES
	43 23-DEC-24 23-DEC-24 YES
	44 23-DEC-24 23-DEC-24 YES
	44 23-DEC-24 23-DEC-24 YES
	45 23-DEC-24 23-DEC-24 YES
	45 23-DEC-24 23-DEC-24 YES
	46 23-DEC-24 23-DEC-24 YES
	47 23-DEC-24 23-DEC-24 YES
	48 23-DEC-24 23-DEC-24 YES
	49 23-DEC-24 23-DEC-24 YES
	49 23-DEC-24 23-DEC-24 YES
	50 23-DEC-24 23-DEC-24 YES
	50 23-DEC-24 23-DEC-24 YES
	51 23-DEC-24 23-DEC-24 NO
	51 23-DEC-24 23-DEC-24 YES
	52 23-DEC-24 23-DEC-24 YES
	53 23-DEC-24 23-DEC-24 YES
	54 23-DEC-24 23-DEC-24 YES
	55 23-DEC-24 23-DEC-24 YES
	56 23-DEC-24 23-DEC-24 YES
	57 23-DEC-24 23-DEC-24 YES
	58 23-DEC-24 23-DEC-24 YES
	59 23-DEC-24 23-DEC-24 YES
	60 23-DEC-24 23-DEC-24 YES
	61 23-DEC-24 23-DEC-24 YES
	62 23-DEC-24 23-DEC-24 YES
	63 23-DEC-24 23-DEC-24 YES
	64 23-DEC-24 23-DEC-24 YES
	65 23-DEC-24 23-DEC-24 YES
	66 23-DEC-24 23-DEC-24 YES
	67 23-DEC-24 23-DEC-24 NO
	68 23-DEC-24 23-DEC-24 NO
	69 23-DEC-24 23-DEC-24 YES
	70 23-DEC-24 23-DEC-24 YES

66 rows selected.

SQL> set lines 300 pages 300;
SELECT sequence#, first_time, next_time, applied FROM v$archived_log ORDER BY sequence#;SQL> 

 SEQUENCE# FIRST_TIM NEXT_TIME APPLIED
---------- --------- --------- ---------
	11 22-DEC-24 22-DEC-24 YES
	12 22-DEC-24 22-DEC-24 YES
	13 22-DEC-24 22-DEC-24 YES
	14 22-DEC-24 22-DEC-24 YES
	15 22-DEC-24 22-DEC-24 YES
	16 22-DEC-24 22-DEC-24 YES
	17 22-DEC-24 22-DEC-24 YES
	18 22-DEC-24 22-DEC-24 YES
	19 22-DEC-24 22-DEC-24 YES
	20 22-DEC-24 22-DEC-24 YES
	21 22-DEC-24 22-DEC-24 YES
	22 22-DEC-24 22-DEC-24 YES
	23 22-DEC-24 22-DEC-24 YES
	24 22-DEC-24 22-DEC-24 YES
	25 22-DEC-24 22-DEC-24 YES
	26 22-DEC-24 22-DEC-24 YES
	27 22-DEC-24 22-DEC-24 YES
	28 22-DEC-24 22-DEC-24 YES
	29 22-DEC-24 22-DEC-24 YES
	30 22-DEC-24 22-DEC-24 YES
	31 22-DEC-24 22-DEC-24 YES
	32 22-DEC-24 22-DEC-24 YES
	33 22-DEC-24 22-DEC-24 YES
	34 22-DEC-24 22-DEC-24 YES
	35 22-DEC-24 22-DEC-24 YES
	36 22-DEC-24 22-DEC-24 YES
	37 22-DEC-24 22-DEC-24 YES
	38 22-DEC-24 22-DEC-24 YES
	39 22-DEC-24 22-DEC-24 YES
	40 22-DEC-24 23-DEC-24 YES
	41 23-DEC-24 23-DEC-24 YES
	42 23-DEC-24 23-DEC-24 YES
	43 23-DEC-24 23-DEC-24 YES
	43 23-DEC-24 23-DEC-24 YES
	44 23-DEC-24 23-DEC-24 YES
	44 23-DEC-24 23-DEC-24 YES
	45 23-DEC-24 23-DEC-24 YES
	45 23-DEC-24 23-DEC-24 YES
	46 23-DEC-24 23-DEC-24 YES
	47 23-DEC-24 23-DEC-24 YES
	48 23-DEC-24 23-DEC-24 YES
	49 23-DEC-24 23-DEC-24 YES
	49 23-DEC-24 23-DEC-24 YES
	50 23-DEC-24 23-DEC-24 YES
	50 23-DEC-24 23-DEC-24 YES
	51 23-DEC-24 23-DEC-24 NO
	51 23-DEC-24 23-DEC-24 YES
	52 23-DEC-24 23-DEC-24 YES
	53 23-DEC-24 23-DEC-24 YES
	54 23-DEC-24 23-DEC-24 YES
	55 23-DEC-24 23-DEC-24 YES
	56 23-DEC-24 23-DEC-24 YES
	57 23-DEC-24 23-DEC-24 YES
	58 23-DEC-24 23-DEC-24 YES
	59 23-DEC-24 23-DEC-24 YES
	60 23-DEC-24 23-DEC-24 YES
	61 23-DEC-24 23-DEC-24 YES
	62 23-DEC-24 23-DEC-24 YES
	63 23-DEC-24 23-DEC-24 YES
	64 23-DEC-24 23-DEC-24 YES
	65 23-DEC-24 23-DEC-24 YES
	66 23-DEC-24 23-DEC-24 YES
	67 23-DEC-24 23-DEC-24 NO
	68 23-DEC-24 23-DEC-24 NO
	69 23-DEC-24 23-DEC-24 YES
	70 23-DEC-24 23-DEC-24 YES

66 rows selected.

SQL> archive log list
Database log mode	       Archive Mode
Automatic archival	       Enabled
Archive destination	       USE_DB_RECOVERY_FILE_DEST
Oldest online log sequence     1
Next log sequence to archive   1
Current log sequence	       1
SQL> set lines 300 pages 300;
SELECT sequence#, first_time, next_time, applied FROM v$archived_log ORDER BY sequence#;SQL> 

 SEQUENCE# FIRST_TIM NEXT_TIME APPLIED
---------- --------- --------- ---------
	11 22-DEC-24 22-DEC-24 YES
	12 22-DEC-24 22-DEC-24 YES
	13 22-DEC-24 22-DEC-24 YES
	14 22-DEC-24 22-DEC-24 YES
	15 22-DEC-24 22-DEC-24 YES
	16 22-DEC-24 22-DEC-24 YES
	17 22-DEC-24 22-DEC-24 YES
	18 22-DEC-24 22-DEC-24 YES
	19 22-DEC-24 22-DEC-24 YES
	20 22-DEC-24 22-DEC-24 YES
	21 22-DEC-24 22-DEC-24 YES
	22 22-DEC-24 22-DEC-24 YES
	23 22-DEC-24 22-DEC-24 YES
	24 22-DEC-24 22-DEC-24 YES
	25 22-DEC-24 22-DEC-24 YES
	26 22-DEC-24 22-DEC-24 YES
	27 22-DEC-24 22-DEC-24 YES
	28 22-DEC-24 22-DEC-24 YES
	29 22-DEC-24 22-DEC-24 YES
	30 22-DEC-24 22-DEC-24 YES
	31 22-DEC-24 22-DEC-24 YES
	32 22-DEC-24 22-DEC-24 YES
	33 22-DEC-24 22-DEC-24 YES
	34 22-DEC-24 22-DEC-24 YES
	35 22-DEC-24 22-DEC-24 YES
	36 22-DEC-24 22-DEC-24 YES
	37 22-DEC-24 22-DEC-24 YES
	38 22-DEC-24 22-DEC-24 YES
	39 22-DEC-24 22-DEC-24 YES
	40 22-DEC-24 23-DEC-24 YES
	41 23-DEC-24 23-DEC-24 YES
	42 23-DEC-24 23-DEC-24 YES
	43 23-DEC-24 23-DEC-24 YES
	43 23-DEC-24 23-DEC-24 YES
	44 23-DEC-24 23-DEC-24 YES
	44 23-DEC-24 23-DEC-24 YES
	45 23-DEC-24 23-DEC-24 YES
	45 23-DEC-24 23-DEC-24 YES
	46 23-DEC-24 23-DEC-24 YES
	47 23-DEC-24 23-DEC-24 YES
	48 23-DEC-24 23-DEC-24 YES
	49 23-DEC-24 23-DEC-24 YES
	49 23-DEC-24 23-DEC-24 YES
	50 23-DEC-24 23-DEC-24 YES
	50 23-DEC-24 23-DEC-24 YES
	51 23-DEC-24 23-DEC-24 NO
	51 23-DEC-24 23-DEC-24 YES
	52 23-DEC-24 23-DEC-24 YES
	53 23-DEC-24 23-DEC-24 YES
	54 23-DEC-24 23-DEC-24 YES
	55 23-DEC-24 23-DEC-24 YES
	56 23-DEC-24 23-DEC-24 YES
	57 23-DEC-24 23-DEC-24 YES
	58 23-DEC-24 23-DEC-24 YES
	59 23-DEC-24 23-DEC-24 YES
	60 23-DEC-24 23-DEC-24 YES
	61 23-DEC-24 23-DEC-24 YES
	62 23-DEC-24 23-DEC-24 YES
	63 23-DEC-24 23-DEC-24 YES
	64 23-DEC-24 23-DEC-24 YES
	65 23-DEC-24 23-DEC-24 YES
	66 23-DEC-24 23-DEC-24 YES
	67 23-DEC-24 23-DEC-24 NO
	68 23-DEC-24 23-DEC-24 NO
	69 23-DEC-24 23-DEC-24 YES
	70 23-DEC-24 23-DEC-24 YES

66 rows selected.

SQL> set lines 300 pages 300;
SELECT sequence#, first_time, next_time, applied FROM v$archived_log ORDER BY sequence#;SQL> 

 SEQUENCE# FIRST_TIM NEXT_TIME APPLIED
---------- --------- --------- ---------
	11 22-DEC-24 22-DEC-24 YES
	12 22-DEC-24 22-DEC-24 YES
	13 22-DEC-24 22-DEC-24 YES
	14 22-DEC-24 22-DEC-24 YES
	15 22-DEC-24 22-DEC-24 YES
	16 22-DEC-24 22-DEC-24 YES
	17 22-DEC-24 22-DEC-24 YES
	18 22-DEC-24 22-DEC-24 YES
	19 22-DEC-24 22-DEC-24 YES
	20 22-DEC-24 22-DEC-24 YES
	21 22-DEC-24 22-DEC-24 YES
	22 22-DEC-24 22-DEC-24 YES
	23 22-DEC-24 22-DEC-24 YES
	24 22-DEC-24 22-DEC-24 YES
	25 22-DEC-24 22-DEC-24 YES
	26 22-DEC-24 22-DEC-24 YES
	27 22-DEC-24 22-DEC-24 YES
	28 22-DEC-24 22-DEC-24 YES
	29 22-DEC-24 22-DEC-24 YES
	30 22-DEC-24 22-DEC-24 YES
	31 22-DEC-24 22-DEC-24 YES
	32 22-DEC-24 22-DEC-24 YES
	33 22-DEC-24 22-DEC-24 YES
	34 22-DEC-24 22-DEC-24 YES
	35 22-DEC-24 22-DEC-24 YES
	36 22-DEC-24 22-DEC-24 YES
	37 22-DEC-24 22-DEC-24 YES
	38 22-DEC-24 22-DEC-24 YES
	39 22-DEC-24 22-DEC-24 YES
	40 22-DEC-24 23-DEC-24 YES
	41 23-DEC-24 23-DEC-24 YES
	42 23-DEC-24 23-DEC-24 YES
	43 23-DEC-24 23-DEC-24 YES
	43 23-DEC-24 23-DEC-24 YES
	44 23-DEC-24 23-DEC-24 YES
	44 23-DEC-24 23-DEC-24 YES
	45 23-DEC-24 23-DEC-24 YES
	45 23-DEC-24 23-DEC-24 YES
	46 23-DEC-24 23-DEC-24 YES
	47 23-DEC-24 23-DEC-24 YES
	48 23-DEC-24 23-DEC-24 YES
	49 23-DEC-24 23-DEC-24 YES
	49 23-DEC-24 23-DEC-24 YES
	50 23-DEC-24 23-DEC-24 YES
	50 23-DEC-24 23-DEC-24 YES
	51 23-DEC-24 23-DEC-24 NO
	51 23-DEC-24 23-DEC-24 YES
	52 23-DEC-24 23-DEC-24 YES
	53 23-DEC-24 23-DEC-24 YES
	54 23-DEC-24 23-DEC-24 YES
	55 23-DEC-24 23-DEC-24 YES
	56 23-DEC-24 23-DEC-24 YES
	57 23-DEC-24 23-DEC-24 YES
	58 23-DEC-24 23-DEC-24 YES
	59 23-DEC-24 23-DEC-24 YES
	60 23-DEC-24 23-DEC-24 YES
	61 23-DEC-24 23-DEC-24 YES
	62 23-DEC-24 23-DEC-24 YES
	63 23-DEC-24 23-DEC-24 YES
	64 23-DEC-24 23-DEC-24 YES
	65 23-DEC-24 23-DEC-24 YES
	66 23-DEC-24 23-DEC-24 YES
	67 23-DEC-24 23-DEC-24 NO
	68 23-DEC-24 23-DEC-24 NO
	69 23-DEC-24 23-DEC-24 YES
	70 23-DEC-24 23-DEC-24 YES

66 rows selected.

SQL> 
